2026-09-21 08:28:01 [INFO] Connecting to 127.0.0.1:4002 with clientId 111...
2026-09-21 08:28:03 [INFO] Disconnecting
2026-09-21 08:28:03 [ERROR] API connection failed: ConnectionRefusedError(22, 'The remote computer refused the network connection', None, 1225, None)
2026-09-21 08:28:03 [ERROR] Make sure API port on TWS/IBG is open
2026-09-21 08:28:03 [WARNING] [executor] Could not connect to IB ([WinError 1225] The remote computer refused the network connection). Options execution disabled.
2026-09-21 08:28:03 [INFO] INSANE Alert Engine started (5m) -- MR + ORB-Slope strategy
2026-09-21 08:30:03 [INFO] TSLA: 0 session bars — waiting for ORB warmup
2026-09-21 08:30:04 [INFO] SPY: 0 session bars — waiting for ORB warmup
2026-09-21 08:30:05 [INFO] ^GSPC: 0 session bars — waiting for ORB warmup
2026-09-21 08:35:03 [INFO] TSLA: 1 session bars — waiting for ORB warmup
2026-09-21 08:35:05 [INFO] SPY: 1 session bars — waiting for ORB warmup
2026-09-21 08:35:06 [INFO] ^GSPC: 1 session bars — waiting for ORB warmup
2026-09-21 08:40:03 [INFO] TSLA: 2 session bars — waiting for ORB warmup
2026-09-21 08:40:04 [INFO] SPY: 2 session bars — waiting for ORB warmup
2026-09-21 08:40:06 [INFO] ^GSPC: 2 session bars — waiting for ORB warmup
2026-09-21 08:45:03 [INFO] TSLA: 3 session bars — waiting for ORB warmup
2026-09-21 08:45:05 [INFO] SPY: 3 session bars — waiting for ORB warmup
2026-09-21 08:45:06 [INFO] ^GSPC: 3 session bars — waiting for ORB warmup
2026-09-21 08:50:03 [INFO] TSLA: 4 session bars — waiting for ORB warmup
2026-09-21 08:50:05 [INFO] SPY: 4 session bars — waiting for ORB warmup
2026-09-21 08:50:06 [INFO] ^GSPC: 4 session bars — waiting for ORB warmup
2026-09-21 08:55:07 [INFO] Combined alert sent
2026-09-21 14:35:06 [INFO] Combined alert sent
2026-09-21 14:55:04 [INFO] SPY @ 14:50 CT: standalone MR suppressed — tracking for upgrade
2026-09-21 14:55:05 [INFO] ^GSPC @ 14:50 CT: standalone MR suppressed — tracking for upgrade
2026-09-21 15:00:06 [INFO] Combined alert sent
