2026-06-17 08:28:01 [INFO] Connecting to 127.0.0.1:4002 with clientId 111...
2026-06-17 08:28:01 [INFO] Connected
2026-06-17 08:28:01 [INFO] Logged on to server version 176
2026-06-17 08:28:01 [INFO] Warning 2104, reqId -1: Market data farm connection is OK:usopt
2026-06-17 08:28:01 [INFO] Warning 2104, reqId -1: Market data farm connection is OK:usfarm
2026-06-17 08:28:01 [INFO] Warning 2107, reqId -1: HMDS data farm connection is inactive but should be available upon demand.ushmds
2026-06-17 08:28:01 [INFO] Warning 2158, reqId -1: Sec-def data farm connection is OK:secdefil
2026-06-17 08:28:01 [INFO] API connection ready
2026-06-17 08:28:01 [INFO] Synchronization complete
2026-06-17 08:28:01 [INFO] [executor] Connected to IB TWS/Gateway
2026-06-17 08:28:01 [INFO] INSANE Alert Engine started (5m) -- MR + ORB-Slope strategy
2026-06-17 08:30:03 [INFO] TSLA: 0 session bars — waiting for ORB warmup
2026-06-17 08:30:05 [INFO] SPY: 0 session bars — waiting for ORB warmup
2026-06-17 08:30:06 [INFO] ^GSPC: 0 session bars — waiting for ORB warmup
2026-06-17 08:35:03 [INFO] TSLA: 1 session bars — waiting for ORB warmup
2026-06-17 08:35:05 [INFO] SPY: 1 session bars — waiting for ORB warmup
2026-06-17 08:35:06 [INFO] ^GSPC: 1 session bars — waiting for ORB warmup
2026-06-17 08:40:03 [INFO] TSLA: 2 session bars — waiting for ORB warmup
2026-06-17 08:40:04 [INFO] SPY: 2 session bars — waiting for ORB warmup
2026-06-17 08:40:06 [INFO] ^GSPC: 2 session bars — waiting for ORB warmup
2026-06-17 08:45:03 [INFO] TSLA: 3 session bars — waiting for ORB warmup
2026-06-17 08:45:05 [INFO] SPY: 3 session bars — waiting for ORB warmup
2026-06-17 08:45:06 [INFO] ^GSPC: 3 session bars — waiting for ORB warmup
2026-06-17 08:50:03 [INFO] TSLA: 4 session bars — waiting for ORB warmup
2026-06-17 08:50:04 [INFO] SPY: 4 session bars — waiting for ORB warmup
2026-06-17 08:50:06 [INFO] ^GSPC: 4 session bars — waiting for ORB warmup
2026-06-17 09:05:03 [INFO] Warning 2103, reqId -1: Market data farm connection is broken:usfarm
2026-06-17 09:05:03 [INFO] Warning 2103, reqId -1: Market data farm connection is broken:usopt
2026-06-17 09:05:03 [INFO] Warning 2104, reqId -1: Market data farm connection is OK:usopt
2026-06-17 09:05:03 [INFO] Warning 2119, reqId -1: Market data farm is connecting:usfarm
2026-06-17 09:05:03 [INFO] Warning 2104, reqId -1: Market data farm connection is OK:usfarm
2026-06-17 09:05:03 [INFO] Warning 2103, reqId -1: Market data farm connection is broken:usopt
2026-06-17 09:05:03 [INFO] Warning 2103, reqId -1: Market data farm connection is broken:usfarm
2026-06-17 09:05:03 [INFO] Warning 2104, reqId -1: Market data farm connection is OK:usopt
2026-06-17 09:05:03 [INFO] Warning 2119, reqId -1: Market data farm is connecting:usfarm
2026-06-17 09:05:03 [INFO] Warning 2104, reqId -1: Market data farm connection is OK:usfarm
2026-06-17 09:05:03 [INFO] [executor] TSLA: underlying price $398.43
2026-06-17 09:05:03 [INFO] [executor] TSLA: using chain tradingClass=TSLA 25 expirations, 221 strikes
2026-06-17 09:05:04 [INFO] placeOrder: New order Trade(contract=Option(conId=889107284, symbol='TSLA', lastTradeDateOrContractMonth='20260617', strike=397.5, right='P', multiplier='100', exchange='SMART', currency='USD', localSymbol='TSLA  260617P00397500', tradingClass='TSLA'), order=LimitOrder(orderId=44, clientId=111, action='BUY', totalQuantity=1, lmtPrice=2.67, tif='DAY'), orderStatus=OrderStatus(orderId=44, status='PendingSubmit', filled=0.0, remaining=0.0, avgFillPrice=0.0, permId=0, parentId=0, lastFillPrice=0.0, clientId=0, whyHeld='', mktCapPrice=0.0), fills=[], log=[TradeLogEntry(time=datetime.datetime(2026, 6, 17, 14, 5, 4, 169384, tzinfo=datetime.timezone.utc), status='PendingSubmit', message='', errorCode=0)], advancedError='')
2026-06-17 09:05:04 [INFO] [executor] TSLA: limit@mid $2.67  bid=$2.65 ask=$2.69  (attempt 1)
2026-06-17 09:05:06 [INFO] orderStatus: Trade(contract=Option(conId=889107284, symbol='TSLA', lastTradeDateOrContractMonth='20260617', strike=397.5, right='P', multiplier='100', exchange='SMART', currency='USD', localSymbol='TSLA  260617P00397500', tradingClass='TSLA'), order=LimitOrder(orderId=44, clientId=111, permId=1197299312, action='BUY', totalQuantity=1.0, lmtPrice=2.67, auxPrice=0.0, tif='DAY'), orderStatus=OrderStatus(orderId=44, status='Submitted', filled=0.0, remaining=1.0, avgFillPrice=0.0, permId=1197299312, parentId=0, lastFillPrice=0.0, clientId=111, whyHeld='', mktCapPrice=0.0), fills=[], log=[TradeLogEntry(time=datetime.datetime(2026, 6, 17, 14, 5, 4, 169384, tzinfo=datetime.timezone.utc), status='PendingSubmit', message='', errorCode=0), TradeLogEntry(time=datetime.datetime(2026, 6, 17, 14, 5, 6, 20240, tzinfo=datetime.timezone.utc), status='Submitted', message='', errorCode=0)], advancedError='')
2026-06-17 09:05:09 [INFO] cancelOrder: Trade(contract=Option(conId=889107284, symbol='TSLA', lastTradeDateOrContractMonth='20260617', strike=397.5, right='P', multiplier='100', exchange='SMART', currency='USD', localSymbol='TSLA  260617P00397500', tradingClass='TSLA'), order=LimitOrder(orderId=44, clientId=111, permId=1197299312, action='BUY', totalQuantity=1.0, lmtPrice=2.67, auxPrice=0.0, tif='DAY'), orderStatus=OrderStatus(orderId=44, status='PendingCancel', filled=0.0, remaining=1.0, avgFillPrice=0.0, permId=1197299312, parentId=0, lastFillPrice=0.0, clientId=111, whyHeld='', mktCapPrice=0.0), fills=[], log=[TradeLogEntry(time=datetime.datetime(2026, 6, 17, 14, 5, 4, 169384, tzinfo=datetime.timezone.utc), status='PendingSubmit', message='', errorCode=0), TradeLogEntry(time=datetime.datetime(2026, 6, 17, 14, 5, 6, 20240, tzinfo=datetime.timezone.utc), status='Submitted', message='', errorCode=0), TradeLogEntry(time=datetime.datetime(2026, 6, 17, 14, 5, 9, 217130, tzinfo=datetime.timezone.utc), status='PendingCancel', message='', errorCode=0)], advancedError='')
2026-06-17 09:05:09 [INFO] orderStatus: Trade(contract=Option(conId=889107284, symbol='TSLA', lastTradeDateOrContractMonth='20260617', strike=397.5, right='P', multiplier='100', exchange='SMART', currency='USD', localSymbol='TSLA  260617P00397500', tradingClass='TSLA'), order=LimitOrder(orderId=44, clientId=111, permId=1197299312, action='BUY', totalQuantity=1.0, lmtPrice=2.67, auxPrice=0.0, tif='DAY'), orderStatus=OrderStatus(orderId=44, status='Cancelled', filled=0.0, remaining=1.0, avgFillPrice=0.0, permId=1197299312, parentId=0, lastFillPrice=0.0, clientId=111, whyHeld='', mktCapPrice=0.0), fills=[], log=[TradeLogEntry(time=datetime.datetime(2026, 6, 17, 14, 5, 4, 169384, tzinfo=datetime.timezone.utc), status='PendingSubmit', message='', errorCode=0), TradeLogEntry(time=datetime.datetime(2026, 6, 17, 14, 5, 6, 20240, tzinfo=datetime.timezone.utc), status='Submitted', message='', errorCode=0), TradeLogEntry(time=datetime.datetime(2026, 6, 17, 14, 5, 9, 217130, tzinfo=datetime.timezone.utc), status='PendingCancel', message='', errorCode=0), TradeLogEntry(time=datetime.datetime(2026, 6, 17, 14, 5, 9, 787772, tzinfo=datetime.timezone.utc), status='Cancelled', message='', errorCode=0)], advancedError='')
2026-06-17 09:05:09 [INFO] Warning 202, reqId 44: Order Canceled - reason:
2026-06-17 09:05:10 [WARNING] [executor] TSLA: unfilled on attempt 1, retrying
2026-06-17 09:05:11 [INFO] placeOrder: New order Trade(contract=Option(conId=889107284, symbol='TSLA', lastTradeDateOrContractMonth='20260617', strike=397.5, right='P', multiplier='100', exchange='SMART', currency='USD', localSymbol='TSLA  260617P00397500', tradingClass='TSLA'), order=LimitOrder(orderId=46, clientId=111, action='BUY', totalQuantity=1, lmtPrice=2.75, tif='DAY'), orderStatus=OrderStatus(orderId=46, status='PendingSubmit', filled=0.0, remaining=0.0, avgFillPrice=0.0, permId=0, parentId=0, lastFillPrice=0.0, clientId=0, whyHeld='', mktCapPrice=0.0), fills=[], log=[TradeLogEntry(time=datetime.datetime(2026, 6, 17, 14, 5, 11, 178987, tzinfo=datetime.timezone.utc), status='PendingSubmit', message='', errorCode=0)], advancedError='')
2026-06-17 09:05:11 [INFO] [executor] TSLA: limit@mid $2.75  bid=$2.73 ask=$2.76  (attempt 2)
2026-06-17 09:05:12 [INFO] orderStatus: Trade(contract=Option(conId=889107284, symbol='TSLA', lastTradeDateOrContractMonth='20260617', strike=397.5, right='P', multiplier='100', exchange='SMART', currency='USD', localSymbol='TSLA  260617P00397500', tradingClass='TSLA'), order=LimitOrder(orderId=46, clientId=111, permId=1197299313, action='BUY', totalQuantity=1.0, lmtPrice=2.75, auxPrice=0.0, tif='DAY'), orderStatus=OrderStatus(orderId=46, status='PreSubmitted', filled=0.0, remaining=1.0, avgFillPrice=0.0, permId=1197299313, parentId=0, lastFillPrice=0.0, clientId=111, whyHeld='', mktCapPrice=0.0), fills=[], log=[TradeLogEntry(time=datetime.datetime(2026, 6, 17, 14, 5, 11, 178987, tzinfo=datetime.timezone.utc), status='PendingSubmit', message='', errorCode=0), TradeLogEntry(time=datetime.datetime(2026, 6, 17, 14, 5, 12, 782674, tzinfo=datetime.timezone.utc), status='PreSubmitted', message='', errorCode=0)], advancedError='')
2026-06-17 09:05:12 [INFO] position: Position(account='DUO335202', contract=Option(conId=889107284, symbol='TSLA', lastTradeDateOrContractMonth='20260617', strike=397.5, right='P', multiplier='100', currency='USD', localSymbol='TSLA  260617P00397500', tradingClass='TSLA'), position=1.0, avgCost=275.0)
2026-06-17 09:05:12 [INFO] execDetails Execution(execId='0001938b.6a322b9d.01.01', time=datetime.datetime(2026, 6, 17, 19, 5, 12, tzinfo=datetime.timezone.utc), acctNumber='DUO335202', exchange='EDGX', side='BOT', shares=1.0, price=2.75, permId=1197299313, clientId=111, orderId=46, liquidation=0, cumQty=1.0, avgPrice=2.75, orderRef='', evRule='', evMultiplier=0.0, modelCode='', lastLiquidity=1)
2026-06-17 09:05:12 [INFO] execDetails: Fill(contract=Option(conId=889107284, symbol='TSLA', lastTradeDateOrContractMonth='20260617', strike=397.5, right='P', multiplier='100', exchange='SMART', currency='USD', localSymbol='TSLA  260617P00397500', tradingClass='TSLA'), execution=Execution(execId='0001938b.6a322b9d.01.01', time=datetime.datetime(2026, 6, 17, 19, 5, 12, tzinfo=datetime.timezone.utc), acctNumber='DUO335202', exchange='EDGX', side='BOT', shares=1.0, price=2.75, permId=1197299313, clientId=111, orderId=46, liquidation=0, cumQty=1.0, avgPrice=2.75, orderRef='', evRule='', evMultiplier=0.0, modelCode='', lastLiquidity=1), commissionReport=CommissionReport(execId='', commission=0.0, currency='', realizedPNL=0.0, yield_=0.0, yieldRedemptionDate=0), time=datetime.datetime(2026, 6, 17, 14, 5, 12, 811811, tzinfo=datetime.timezone.utc))
2026-06-17 09:05:12 [INFO] orderStatus: Trade(contract=Option(conId=889107284, symbol='TSLA', lastTradeDateOrContractMonth='20260617', strike=397.5, right='P', multiplier='100', exchange='SMART', currency='USD', localSymbol='TSLA  260617P00397500', tradingClass='TSLA'), order=LimitOrder(orderId=46, clientId=111, permId=1197299313, action='BUY', totalQuantity=1.0, lmtPrice=2.75, auxPrice=0.0, tif='DAY'), orderStatus=OrderStatus(orderId=46, status='Filled', filled=1.0, remaining=0.0, avgFillPrice=2.75, permId=1197299313, parentId=0, lastFillPrice=2.75, clientId=111, whyHeld='', mktCapPrice=0.0), fills=[Fill(contract=Option(conId=889107284, symbol='TSLA', lastTradeDateOrContractMonth='20260617', strike=397.5, right='P', multiplier='100', exchange='SMART', currency='USD', localSymbol='TSLA  260617P00397500', tradingClass='TSLA'), execution=Execution(execId='0001938b.6a322b9d.01.01', time=datetime.datetime(2026, 6, 17, 19, 5, 12, tzinfo=datetime.timezone.utc), acctNumber='DUO335202', exchange='EDGX', side='BOT', shares=1.0, price=2.75, permId=1197299313, clientId=111, orderId=46, liquidation=0, cumQty=1.0, avgPrice=2.75, orderRef='', evRule='', evMultiplier=0.0, modelCode='', lastLiquidity=1), commissionReport=CommissionReport(execId='', commission=0.0, currency='', realizedPNL=0.0, yield_=0.0, yieldRedemptionDate=0), time=datetime.datetime(2026, 6, 17, 14, 5, 12, 811811, tzinfo=datetime.timezone.utc))], log=[TradeLogEntry(time=datetime.datetime(2026, 6, 17, 14, 5, 11, 178987, tzinfo=datetime.timezone.utc), status='PendingSubmit', message='', errorCode=0), TradeLogEntry(time=datetime.datetime(2026, 6, 17, 14, 5, 12, 782674, tzinfo=datetime.timezone.utc), status='PreSubmitted', message='', errorCode=0), TradeLogEntry(time=datetime.datetime(2026, 6, 17, 14, 5, 12, 811811, tzinfo=datetime.timezone.utc), status='PreSubmitted', message='Fill 1.0@2.75', errorCode=0), TradeLogEntry(time=datetime.datetime(2026, 6, 17, 14, 5, 12, 812810, tzinfo=datetime.timezone.utc), status='Filled', message='', errorCode=0)], advancedError='')
2026-06-17 09:05:12 [INFO] commissionReport: CommissionReport(execId='0001938b.6a322b9d.01.01', commission=1.03825, currency='USD', realizedPNL=0.0, yield_=0.0, yieldRedemptionDate=0)
2026-06-17 09:05:12 [INFO] position: Position(account='DUO335202', contract=Option(conId=889107284, symbol='TSLA', lastTradeDateOrContractMonth='20260617', strike=397.5, right='P', multiplier='100', currency='USD', localSymbol='TSLA  260617P00397500', tradingClass='TSLA'), position=1.0, avgCost=276.03825)
2026-06-17 09:05:13 [INFO] [executor] TSLA: filled at $2.75
2026-06-17 09:05:16 [INFO] Combined alert sent
2026-06-17 09:25:06 [INFO] Combined alert sent
2026-06-17 10:40:06 [INFO] ^GSPC @ 10:35 CT: standalone MR suppressed — tracking for upgrade
2026-06-17 11:45:06 [INFO] ^GSPC @ 11:40 CT: standalone MR suppressed — tracking for upgrade
2026-06-17 11:45:06 [INFO] Combined alert sent
2026-06-17 12:05:05 [INFO] ^GSPC @ 12:00 CT: MR_UPGRADED SHORT filtered for SPX
2026-06-17 12:05:06 [INFO] Combined alert sent
2026-06-17 13:00:05 [INFO] SPY @ 12:55 CT: standalone MR suppressed — tracking for upgrade
2026-06-17 13:00:06 [INFO] [executor] ^GSPC: MR Flip — exited existing position, no new entry
2026-06-17 13:00:06 [INFO] Combined alert sent
2026-06-17 13:50:06 [INFO] updatePortfolio: PortfolioItem(contract=Option(conId=889107284, symbol='TSLA', lastTradeDateOrContractMonth='20260617', strike=397.5, right='P', multiplier='100', primaryExchange='AMEX', currency='USD', localSymbol='TSLA  260617P00397500', tradingClass='TSLA'), position=1.0, marketPrice=2.77999995, marketValue=278.0, averageCost=276.03825, unrealizedPNL=1.96, realizedPNL=0.0, account='DUO335202')
2026-06-17 13:50:06 [INFO] updatePortfolio: PortfolioItem(contract=Option(conId=889107284, symbol='TSLA', lastTradeDateOrContractMonth='20260617', strike=397.5, right='P', multiplier='100', primaryExchange='AMEX', currency='USD', localSymbol='TSLA  260617P00397500', tradingClass='TSLA'), position=1.0, marketPrice=2.4512589, marketValue=245.13, averageCost=276.03825, unrealizedPNL=-30.91, realizedPNL=0.0, account='DUO335202')
2026-06-17 13:50:06 [INFO] position: Position(account='DUO335202', contract=Option(conId=889107284, symbol='TSLA', lastTradeDateOrContractMonth='20260617', strike=397.5, right='P', multiplier='100', currency='USD', localSymbol='TSLA  260617P00397500', tradingClass='TSLA'), position=1.0, avgCost=276.03825)
2026-06-17 13:50:06 [INFO] position: Position(account='DUO335202', contract=Option(conId=889107284, symbol='TSLA', lastTradeDateOrContractMonth='20260617', strike=397.5, right='P', multiplier='100', currency='USD', localSymbol='TSLA  260617P00397500', tradingClass='TSLA'), position=1.0, avgCost=276.03825)
2026-06-17 13:50:06 [INFO] updatePortfolio: PortfolioItem(contract=Option(conId=889107284, symbol='TSLA', lastTradeDateOrContractMonth='20260617', strike=397.5, right='P', multiplier='100', primaryExchange='AMEX', currency='USD', localSymbol='TSLA  260617P00397500', tradingClass='TSLA'), position=1.0, marketPrice=2.06999995, marketValue=207.0, averageCost=276.03825, unrealizedPNL=-69.04, realizedPNL=0.0, account='DUO335202')
2026-06-17 13:50:06 [INFO] updatePortfolio: PortfolioItem(contract=Option(conId=889107284, symbol='TSLA', lastTradeDateOrContractMonth='20260617', strike=397.5, right='P', multiplier='100', primaryExchange='AMEX', currency='USD', localSymbol='TSLA  260617P00397500', tradingClass='TSLA'), position=1.0, marketPrice=1.48, marketValue=148.0, averageCost=276.03825, unrealizedPNL=-128.04, realizedPNL=0.0, account='DUO335202')
2026-06-17 13:50:06 [INFO] updatePortfolio: PortfolioItem(contract=Option(conId=889107284, symbol='TSLA', lastTradeDateOrContractMonth='20260617', strike=397.5, right='P', multiplier='100', primaryExchange='AMEX', currency='USD', localSymbol='TSLA  260617P00397500', tradingClass='TSLA'), position=1.0, marketPrice=1.47000005, marketValue=147.0, averageCost=276.03825, unrealizedPNL=-129.04, realizedPNL=0.0, account='DUO335202')
2026-06-17 13:50:06 [INFO] updatePortfolio: PortfolioItem(contract=Option(conId=889107284, symbol='TSLA', lastTradeDateOrContractMonth='20260617', strike=397.5, right='P', multiplier='100', primaryExchange='AMEX', currency='USD', localSymbol='TSLA  260617P00397500', tradingClass='TSLA'), position=1.0, marketPrice=1.55999995, marketValue=156.0, averageCost=276.03825, unrealizedPNL=-120.04, realizedPNL=0.0, account='DUO335202')
2026-06-17 13:50:06 [INFO] updatePortfolio: PortfolioItem(contract=Option(conId=889107284, symbol='TSLA', lastTradeDateOrContractMonth='20260617', strike=397.5, right='P', multiplier='100', primaryExchange='AMEX', currency='USD', localSymbol='TSLA  260617P00397500', tradingClass='TSLA'), position=1.0, marketPrice=1.18478155, marketValue=118.48, averageCost=276.03825, unrealizedPNL=-157.56, realizedPNL=0.0, account='DUO335202')
2026-06-17 13:50:06 [INFO] updatePortfolio: PortfolioItem(contract=Option(conId=889107284, symbol='TSLA', lastTradeDateOrContractMonth='20260617', strike=397.5, right='P', multiplier='100', primaryExchange='AMEX', currency='USD', localSymbol='TSLA  260617P00397500', tradingClass='TSLA'), position=1.0, marketPrice=0.93, marketValue=93.0, averageCost=276.03825, unrealizedPNL=-183.04, realizedPNL=0.0, account='DUO335202')
2026-06-17 13:50:06 [INFO] Warning 2103, reqId -1: Market data farm connection is broken:usfarm
2026-06-17 13:50:06 [INFO] Warning 2103, reqId -1: Market data farm connection is broken:usopt
2026-06-17 13:50:06 [INFO] Warning 2104, reqId -1: Market data farm connection is OK:usopt
2026-06-17 13:50:06 [INFO] Warning 2119, reqId -1: Market data farm is connecting:usfarm
2026-06-17 13:50:06 [INFO] Warning 2104, reqId -1: Market data farm connection is OK:usfarm
2026-06-17 13:50:06 [ERROR] Error 10197, reqId 47: No market data during competing live session, contract: Option(conId=889107284, symbol='TSLA', lastTradeDateOrContractMonth='20260617', strike=397.5, right='P', multiplier='100', exchange='SMART', currency='USD', localSymbol='TSLA  260617P00397500', tradingClass='TSLA')
2026-06-17 13:50:06 [ERROR] Error 10197, reqId 47: No market data during competing live session, contract: Option(conId=889107284, symbol='TSLA', lastTradeDateOrContractMonth='20260617', strike=397.5, right='P', multiplier='100', exchange='SMART', currency='USD', localSymbol='TSLA  260617P00397500', tradingClass='TSLA')
2026-06-17 13:50:06 [INFO] updatePortfolio: PortfolioItem(contract=Option(conId=889107284, symbol='TSLA', lastTradeDateOrContractMonth='20260617', strike=397.5, right='P', multiplier='100', primaryExchange='AMEX', currency='USD', localSymbol='TSLA  260617P00397500', tradingClass='TSLA'), position=1.0, marketPrice=1.09000005, marketValue=109.0, averageCost=276.03825, unrealizedPNL=-167.04, realizedPNL=0.0, account='DUO335202')
2026-06-17 13:50:06 [INFO] updatePortfolio: PortfolioItem(contract=Option(conId=889107284, symbol='TSLA', lastTradeDateOrContractMonth='20260617', strike=397.5, right='P', multiplier='100', primaryExchange='AMEX', currency='USD', localSymbol='TSLA  260617P00397500', tradingClass='TSLA'), position=1.0, marketPrice=1.4, marketValue=140.0, averageCost=276.03825, unrealizedPNL=-136.04, realizedPNL=0.0, account='DUO335202')
2026-06-17 13:50:06 [INFO] Warning 2103, reqId -1: Market data farm connection is broken:usopt
2026-06-17 13:50:06 [INFO] Warning 2103, reqId -1: Market data farm connection is broken:usfarm
2026-06-17 13:50:06 [INFO] Warning 2104, reqId -1: Market data farm connection is OK:usopt
2026-06-17 13:50:06 [INFO] Warning 2119, reqId -1: Market data farm is connecting:usfarm
2026-06-17 13:50:06 [INFO] Warning 2104, reqId -1: Market data farm connection is OK:usfarm
2026-06-17 13:50:06 [ERROR] Error 10197, reqId 47: No market data during competing live session, contract: Option(conId=889107284, symbol='TSLA', lastTradeDateOrContractMonth='20260617', strike=397.5, right='P', multiplier='100', exchange='SMART', currency='USD', localSymbol='TSLA  260617P00397500', tradingClass='TSLA')
2026-06-17 13:50:06 [ERROR] Error 10197, reqId 47: No market data during competing live session, contract: Option(conId=889107284, symbol='TSLA', lastTradeDateOrContractMonth='20260617', strike=397.5, right='P', multiplier='100', exchange='SMART', currency='USD', localSymbol='TSLA  260617P00397500', tradingClass='TSLA')
2026-06-17 13:50:06 [INFO] updatePortfolio: PortfolioItem(contract=Option(conId=889107284, symbol='TSLA', lastTradeDateOrContractMonth='20260617', strike=397.5, right='P', multiplier='100', primaryExchange='AMEX', currency='USD', localSymbol='TSLA  260617P00397500', tradingClass='TSLA'), position=1.0, marketPrice=1.22000005, marketValue=122.0, averageCost=276.03825, unrealizedPNL=-154.04, realizedPNL=0.0, account='DUO335202')
2026-06-17 13:50:06 [INFO] updatePortfolio: PortfolioItem(contract=Option(conId=889107284, symbol='TSLA', lastTradeDateOrContractMonth='20260617', strike=397.5, right='P', multiplier='100', primaryExchange='AMEX', currency='USD', localSymbol='TSLA  260617P00397500', tradingClass='TSLA'), position=1.0, marketPrice=1.73, marketValue=173.0, averageCost=276.03825, unrealizedPNL=-103.04, realizedPNL=0.0, account='DUO335202')
2026-06-17 13:50:06 [INFO] updatePortfolio: PortfolioItem(contract=Option(conId=889107284, symbol='TSLA', lastTradeDateOrContractMonth='20260617', strike=397.5, right='P', multiplier='100', primaryExchange='AMEX', currency='USD', localSymbol='TSLA  260617P00397500', tradingClass='TSLA'), position=1.0, marketPrice=1.72000005, marketValue=172.0, averageCost=276.03825, unrealizedPNL=-104.04, realizedPNL=0.0, account='DUO335202')
2026-06-17 13:50:06 [INFO] updatePortfolio: PortfolioItem(contract=Option(conId=889107284, symbol='TSLA', lastTradeDateOrContractMonth='20260617', strike=397.5, right='P', multiplier='100', primaryExchange='AMEX', currency='USD', localSymbol='TSLA  260617P00397500', tradingClass='TSLA'), position=1.0, marketPrice=1.77644, marketValue=177.64, averageCost=276.03825, unrealizedPNL=-98.39, realizedPNL=0.0, account='DUO335202')
2026-06-17 13:50:06 [INFO] updatePortfolio: PortfolioItem(contract=Option(conId=889107284, symbol='TSLA', lastTradeDateOrContractMonth='20260617', strike=397.5, right='P', multiplier='100', primaryExchange='AMEX', currency='USD', localSymbol='TSLA  260617P00397500', tradingClass='TSLA'), position=1.0, marketPrice=1.72000005, marketValue=172.0, averageCost=276.03825, unrealizedPNL=-104.04, realizedPNL=0.0, account='DUO335202')
2026-06-17 13:50:06 [INFO] Warning 2103, reqId -1: Market data farm connection is broken:usfarm
2026-06-17 13:50:06 [INFO] Warning 2103, reqId -1: Market data farm connection is broken:usopt
2026-06-17 13:50:06 [INFO] Warning 2104, reqId -1: Market data farm connection is OK:usopt
2026-06-17 13:50:06 [INFO] Warning 2119, reqId -1: Market data farm is connecting:usfarm
2026-06-17 13:50:06 [INFO] Warning 2104, reqId -1: Market data farm connection is OK:usfarm
2026-06-17 13:50:06 [ERROR] Error 10197, reqId 47: No market data during competing live session, contract: Option(conId=889107284, symbol='TSLA', lastTradeDateOrContractMonth='20260617', strike=397.5, right='P', multiplier='100', exchange='SMART', currency='USD', localSymbol='TSLA  260617P00397500', tradingClass='TSLA')
2026-06-17 13:50:06 [ERROR] Error 10197, reqId 47: No market data during competing live session, contract: Option(conId=889107284, symbol='TSLA', lastTradeDateOrContractMonth='20260617', strike=397.5, right='P', multiplier='100', exchange='SMART', currency='USD', localSymbol='TSLA  260617P00397500', tradingClass='TSLA')
2026-06-17 13:50:06 [INFO] updatePortfolio: PortfolioItem(contract=Option(conId=889107284, symbol='TSLA', lastTradeDateOrContractMonth='20260617', strike=397.5, right='P', multiplier='100', primaryExchange='AMEX', currency='USD', localSymbol='TSLA  260617P00397500', tradingClass='TSLA'), position=1.0, marketPrice=2.21000005, marketValue=221.0, averageCost=276.03825, unrealizedPNL=-55.04, realizedPNL=0.0, account='DUO335202')
2026-06-17 13:50:06 [INFO] updatePortfolio: PortfolioItem(contract=Option(conId=889107284, symbol='TSLA', lastTradeDateOrContractMonth='20260617', strike=397.5, right='P', multiplier='100', primaryExchange='AMEX', currency='USD', localSymbol='TSLA  260617P00397500', tradingClass='TSLA'), position=1.0, marketPrice=2.52999995, marketValue=253.0, averageCost=276.03825, unrealizedPNL=-23.04, realizedPNL=0.0, account='DUO335202')
2026-06-17 13:50:06 [INFO] updatePortfolio: PortfolioItem(contract=Option(conId=889107284, symbol='TSLA', lastTradeDateOrContractMonth='20260617', strike=397.5, right='P', multiplier='100', primaryExchange='AMEX', currency='USD', localSymbol='TSLA  260617P00397500', tradingClass='TSLA'), position=1.0, marketPrice=1.9, marketValue=190.0, averageCost=276.03825, unrealizedPNL=-86.04, realizedPNL=0.0, account='DUO335202')
2026-06-17 13:50:06 [INFO] updatePortfolio: PortfolioItem(contract=Option(conId=889107284, symbol='TSLA', lastTradeDateOrContractMonth='20260617', strike=397.5, right='P', multiplier='100', primaryExchange='AMEX', currency='USD', localSymbol='TSLA  260617P00397500', tradingClass='TSLA'), position=1.0, marketPrice=1.8800032, marketValue=188.0, averageCost=276.03825, unrealizedPNL=-88.04, realizedPNL=0.0, account='DUO335202')
2026-06-17 13:50:06 [INFO] Warning 2103, reqId -1: Market data farm connection is broken:usfarm
2026-06-17 13:50:06 [INFO] Warning 2103, reqId -1: Market data farm connection is broken:usopt
2026-06-17 13:50:06 [INFO] Warning 2104, reqId -1: Market data farm connection is OK:usopt
2026-06-17 13:50:06 [INFO] Warning 2119, reqId -1: Market data farm is connecting:usfarm
2026-06-17 13:50:06 [INFO] Warning 2104, reqId -1: Market data farm connection is OK:usfarm
2026-06-17 13:50:06 [ERROR] Error 10197, reqId 47: No market data during competing live session, contract: Option(conId=889107284, symbol='TSLA', lastTradeDateOrContractMonth='20260617', strike=397.5, right='P', multiplier='100', exchange='SMART', currency='USD', localSymbol='TSLA  260617P00397500', tradingClass='TSLA')
2026-06-17 13:50:06 [ERROR] Error 10197, reqId 47: No market data during competing live session, contract: Option(conId=889107284, symbol='TSLA', lastTradeDateOrContractMonth='20260617', strike=397.5, right='P', multiplier='100', exchange='SMART', currency='USD', localSymbol='TSLA  260617P00397500', tradingClass='TSLA')
2026-06-17 13:50:06 [INFO] updatePortfolio: PortfolioItem(contract=Option(conId=889107284, symbol='TSLA', lastTradeDateOrContractMonth='20260617', strike=397.5, right='P', multiplier='100', primaryExchange='AMEX', currency='USD', localSymbol='TSLA  260617P00397500', tradingClass='TSLA'), position=1.0, marketPrice=1.58600785, marketValue=158.6, averageCost=276.03825, unrealizedPNL=-117.44, realizedPNL=0.0, account='DUO335202')
2026-06-17 13:50:06 [INFO] updatePortfolio: PortfolioItem(contract=Option(conId=889107284, symbol='TSLA', lastTradeDateOrContractMonth='20260617', strike=397.5, right='P', multiplier='100', primaryExchange='AMEX', currency='USD', localSymbol='TSLA  260617P00397500', tradingClass='TSLA'), position=1.0, marketPrice=1.90999995, marketValue=191.0, averageCost=276.03825, unrealizedPNL=-85.04, realizedPNL=0.0, account='DUO335202')
2026-06-17 13:50:06 [INFO] updatePortfolio: PortfolioItem(contract=Option(conId=889107284, symbol='TSLA', lastTradeDateOrContractMonth='20260617', strike=397.5, right='P', multiplier='100', primaryExchange='AMEX', currency='USD', localSymbol='TSLA  260617P00397500', tradingClass='TSLA'), position=1.0, marketPrice=2.1199999, marketValue=212.0, averageCost=276.03825, unrealizedPNL=-64.04, realizedPNL=0.0, account='DUO335202')
2026-06-17 13:50:06 [INFO] updatePortfolio: PortfolioItem(contract=Option(conId=889107284, symbol='TSLA', lastTradeDateOrContractMonth='20260617', strike=397.5, right='P', multiplier='100', primaryExchange='AMEX', currency='USD', localSymbol='TSLA  260617P00397500', tradingClass='TSLA'), position=1.0, marketPrice=2.1400001, marketValue=214.0, averageCost=276.03825, unrealizedPNL=-62.04, realizedPNL=0.0, account='DUO335202')
2026-06-17 13:50:06 [INFO] updatePortfolio: PortfolioItem(contract=Option(conId=889107284, symbol='TSLA', lastTradeDateOrContractMonth='20260617', strike=397.5, right='P', multiplier='100', primaryExchange='AMEX', currency='USD', localSymbol='TSLA  260617P00397500', tradingClass='TSLA'), position=1.0, marketPrice=2.28269315, marketValue=228.27, averageCost=276.03825, unrealizedPNL=-47.77, realizedPNL=0.0, account='DUO335202')
2026-06-17 13:50:06 [INFO] updatePortfolio: PortfolioItem(contract=Option(conId=889107284, symbol='TSLA', lastTradeDateOrContractMonth='20260617', strike=397.5, right='P', multiplier='100', primaryExchange='AMEX', currency='USD', localSymbol='TSLA  260617P00397500', tradingClass='TSLA'), position=1.0, marketPrice=2.19498135, marketValue=219.5, averageCost=276.03825, unrealizedPNL=-56.54, realizedPNL=0.0, account='DUO335202')
2026-06-17 13:50:06 [INFO] updatePortfolio: PortfolioItem(contract=Option(conId=889107284, symbol='TSLA', lastTradeDateOrContractMonth='20260617', strike=397.5, right='P', multiplier='100', primaryExchange='AMEX', currency='USD', localSymbol='TSLA  260617P00397500', tradingClass='TSLA'), position=1.0, marketPrice=2.1600001, marketValue=216.0, averageCost=276.03825, unrealizedPNL=-60.04, realizedPNL=0.0, account='DUO335202')
2026-06-17 13:50:06 [INFO] updatePortfolio: PortfolioItem(contract=Option(conId=889107284, symbol='TSLA', lastTradeDateOrContractMonth='20260617', strike=397.5, right='P', multiplier='100', primaryExchange='AMEX', currency='USD', localSymbol='TSLA  260617P00397500', tradingClass='TSLA'), position=1.0, marketPrice=2.1046357, marketValue=210.46, averageCost=276.03825, unrealizedPNL=-65.57, realizedPNL=0.0, account='DUO335202')
2026-06-17 13:50:06 [INFO] updatePortfolio: PortfolioItem(contract=Option(conId=889107284, symbol='TSLA', lastTradeDateOrContractMonth='20260617', strike=397.5, right='P', multiplier='100', primaryExchange='AMEX', currency='USD', localSymbol='TSLA  260617P00397500', tradingClass='TSLA'), position=1.0, marketPrice=1.79999995, marketValue=180.0, averageCost=276.03825, unrealizedPNL=-96.04, realizedPNL=0.0, account='DUO335202')
2026-06-17 13:50:06 [INFO] updatePortfolio: PortfolioItem(contract=Option(conId=889107284, symbol='TSLA', lastTradeDateOrContractMonth='20260617', strike=397.5, right='P', multiplier='100', primaryExchange='AMEX', currency='USD', localSymbol='TSLA  260617P00397500', tradingClass='TSLA'), position=1.0, marketPrice=1.8283813, marketValue=182.84, averageCost=276.03825, unrealizedPNL=-93.2, realizedPNL=0.0, account='DUO335202')
2026-06-17 13:50:06 [INFO] updatePortfolio: PortfolioItem(contract=Option(conId=889107284, symbol='TSLA', lastTradeDateOrContractMonth='20260617', strike=397.5, right='P', multiplier='100', primaryExchange='AMEX', currency='USD', localSymbol='TSLA  260617P00397500', tradingClass='TSLA'), position=1.0, marketPrice=1.73598395, marketValue=173.6, averageCost=276.03825, unrealizedPNL=-102.44, realizedPNL=0.0, account='DUO335202')
2026-06-17 13:50:06 [INFO] Warning 2103, reqId -1: Market data farm connection is broken:usopt
2026-06-17 13:50:06 [INFO] Warning 2103, reqId -1: Market data farm connection is broken:usfarm
2026-06-17 13:50:06 [INFO] Warning 2104, reqId -1: Market data farm connection is OK:usopt
2026-06-17 13:50:06 [INFO] Warning 2119, reqId -1: Market data farm is connecting:usfarm
2026-06-17 13:50:06 [INFO] Warning 2104, reqId -1: Market data farm connection is OK:usfarm
2026-06-17 13:50:06 [INFO] updatePortfolio: PortfolioItem(contract=Option(conId=889107284, symbol='TSLA', lastTradeDateOrContractMonth='20260617', strike=397.5, right='P', multiplier='100', primaryExchange='AMEX', currency='USD', localSymbol='TSLA  260617P00397500', tradingClass='TSLA'), position=1.0, marketPrice=1.41999995, marketValue=142.0, averageCost=276.03825, unrealizedPNL=-134.04, realizedPNL=0.0, account='DUO335202')
2026-06-17 13:50:06 [ERROR] Error 10197, reqId 47: No market data during competing live session, contract: Option(conId=889107284, symbol='TSLA', lastTradeDateOrContractMonth='20260617', strike=397.5, right='P', multiplier='100', exchange='SMART', currency='USD', localSymbol='TSLA  260617P00397500', tradingClass='TSLA')
2026-06-17 13:50:06 [ERROR] Error 10197, reqId 47: No market data during competing live session, contract: Option(conId=889107284, symbol='TSLA', lastTradeDateOrContractMonth='20260617', strike=397.5, right='P', multiplier='100', exchange='SMART', currency='USD', localSymbol='TSLA  260617P00397500', tradingClass='TSLA')
2026-06-17 13:50:06 [INFO] updatePortfolio: PortfolioItem(contract=Option(conId=889107284, symbol='TSLA', lastTradeDateOrContractMonth='20260617', strike=397.5, right='P', multiplier='100', primaryExchange='AMEX', currency='USD', localSymbol='TSLA  260617P00397500', tradingClass='TSLA'), position=1.0, marketPrice=1.3557023, marketValue=135.57, averageCost=276.03825, unrealizedPNL=-140.47, realizedPNL=0.0, account='DUO335202')
2026-06-17 13:50:06 [INFO] updatePortfolio: PortfolioItem(contract=Option(conId=889107284, symbol='TSLA', lastTradeDateOrContractMonth='20260617', strike=397.5, right='P', multiplier='100', primaryExchange='AMEX', currency='USD', localSymbol='TSLA  260617P00397500', tradingClass='TSLA'), position=1.0, marketPrice=1.66999995, marketValue=167.0, averageCost=276.03825, unrealizedPNL=-109.04, realizedPNL=0.0, account='DUO335202')
2026-06-17 13:50:06 [INFO] Warning 2103, reqId -1: Market data farm connection is broken:usfarm
2026-06-17 13:50:06 [INFO] Warning 2103, reqId -1: Market data farm connection is broken:usopt
2026-06-17 13:50:06 [INFO] Warning 2104, reqId -1: Market data farm connection is OK:usopt
2026-06-17 13:50:06 [INFO] Warning 2119, reqId -1: Market data farm is connecting:usfarm
2026-06-17 13:50:06 [INFO] Warning 2104, reqId -1: Market data farm connection is OK:usfarm
2026-06-17 13:50:06 [ERROR] Error 10197, reqId 47: No market data during competing live session, contract: Option(conId=889107284, symbol='TSLA', lastTradeDateOrContractMonth='20260617', strike=397.5, right='P', multiplier='100', exchange='SMART', currency='USD', localSymbol='TSLA  260617P00397500', tradingClass='TSLA')
2026-06-17 13:50:06 [ERROR] Error 10197, reqId 47: No market data during competing live session, contract: Option(conId=889107284, symbol='TSLA', lastTradeDateOrContractMonth='20260617', strike=397.5, right='P', multiplier='100', exchange='SMART', currency='USD', localSymbol='TSLA  260617P00397500', tradingClass='TSLA')
2026-06-17 13:50:06 [INFO] updatePortfolio: PortfolioItem(contract=Option(conId=889107284, symbol='TSLA', lastTradeDateOrContractMonth='20260617', strike=397.5, right='P', multiplier='100', primaryExchange='AMEX', currency='USD', localSymbol='TSLA  260617P00397500', tradingClass='TSLA'), position=1.0, marketPrice=1.09000005, marketValue=109.0, averageCost=276.03825, unrealizedPNL=-167.04, realizedPNL=0.0, account='DUO335202')
2026-06-17 13:50:06 [INFO] updatePortfolio: PortfolioItem(contract=Option(conId=889107284, symbol='TSLA', lastTradeDateOrContractMonth='20260617', strike=397.5, right='P', multiplier='100', primaryExchange='AMEX', currency='USD', localSymbol='TSLA  260617P00397500', tradingClass='TSLA'), position=1.0, marketPrice=1.27999995, marketValue=128.0, averageCost=276.03825, unrealizedPNL=-148.04, realizedPNL=0.0, account='DUO335202')
2026-06-17 13:50:06 [INFO] updatePortfolio: PortfolioItem(contract=Option(conId=889107284, symbol='TSLA', lastTradeDateOrContractMonth='20260617', strike=397.5, right='P', multiplier='100', primaryExchange='AMEX', currency='USD', localSymbol='TSLA  260617P00397500', tradingClass='TSLA'), position=1.0, marketPrice=1.3700483, marketValue=137.0, averageCost=276.03825, unrealizedPNL=-139.03, realizedPNL=0.0, account='DUO335202')
2026-06-17 13:50:06 [INFO] Warning 2103, reqId -1: Market data farm connection is broken:usopt
2026-06-17 13:50:06 [INFO] Warning 2103, reqId -1: Market data farm connection is broken:usfarm
2026-06-17 13:50:06 [INFO] Warning 2104, reqId -1: Market data farm connection is OK:usopt
2026-06-17 13:50:06 [INFO] Warning 2119, reqId -1: Market data farm is connecting:usfarm
2026-06-17 13:50:06 [INFO] Warning 2104, reqId -1: Market data farm connection is OK:usfarm
2026-06-17 13:50:06 [ERROR] Error 10197, reqId 47: No market data during competing live session, contract: Option(conId=889107284, symbol='TSLA', lastTradeDateOrContractMonth='20260617', strike=397.5, right='P', multiplier='100', exchange='SMART', currency='USD', localSymbol='TSLA  260617P00397500', tradingClass='TSLA')
2026-06-17 13:50:06 [ERROR] Error 10197, reqId 47: No market data during competing live session, contract: Option(conId=889107284, symbol='TSLA', lastTradeDateOrContractMonth='20260617', strike=397.5, right='P', multiplier='100', exchange='SMART', currency='USD', localSymbol='TSLA  260617P00397500', tradingClass='TSLA')
2026-06-17 13:50:06 [INFO] updatePortfolio: PortfolioItem(contract=Option(conId=889107284, symbol='TSLA', lastTradeDateOrContractMonth='20260617', strike=397.5, right='P', multiplier='100', primaryExchange='AMEX', currency='USD', localSymbol='TSLA  260617P00397500', tradingClass='TSLA'), position=1.0, marketPrice=1.41999995, marketValue=142.0, averageCost=276.03825, unrealizedPNL=-134.04, realizedPNL=0.0, account='DUO335202')
2026-06-17 13:50:06 [INFO] Warning 2103, reqId -1: Market data farm connection is broken:usfarm
2026-06-17 13:50:06 [INFO] Warning 2103, reqId -1: Market data farm connection is broken:usopt
2026-06-17 13:50:06 [INFO] Warning 2104, reqId -1: Market data farm connection is OK:usopt
2026-06-17 13:50:06 [INFO] Warning 2119, reqId -1: Market data farm is connecting:usfarm
2026-06-17 13:50:06 [INFO] Warning 2104, reqId -1: Market data farm connection is OK:usfarm
2026-06-17 13:50:06 [ERROR] Error 10197, reqId 47: No market data during competing live session, contract: Option(conId=889107284, symbol='TSLA', lastTradeDateOrContractMonth='20260617', strike=397.5, right='P', multiplier='100', exchange='SMART', currency='USD', localSymbol='TSLA  260617P00397500', tradingClass='TSLA')
2026-06-17 13:50:06 [ERROR] Error 10197, reqId 47: No market data during competing live session, contract: Option(conId=889107284, symbol='TSLA', lastTradeDateOrContractMonth='20260617', strike=397.5, right='P', multiplier='100', exchange='SMART', currency='USD', localSymbol='TSLA  260617P00397500', tradingClass='TSLA')
2026-06-17 13:50:06 [INFO] updatePortfolio: PortfolioItem(contract=Option(conId=889107284, symbol='TSLA', lastTradeDateOrContractMonth='20260617', strike=397.5, right='P', multiplier='100', primaryExchange='AMEX', currency='USD', localSymbol='TSLA  260617P00397500', tradingClass='TSLA'), position=1.0, marketPrice=1.09000005, marketValue=109.0, averageCost=276.03825, unrealizedPNL=-167.04, realizedPNL=0.0, account='DUO335202')
2026-06-17 13:50:06 [INFO] updatePortfolio: PortfolioItem(contract=Option(conId=889107284, symbol='TSLA', lastTradeDateOrContractMonth='20260617', strike=397.5, right='P', multiplier='100', primaryExchange='AMEX', currency='USD', localSymbol='TSLA  260617P00397500', tradingClass='TSLA'), position=1.0, marketPrice=0.9579437, marketValue=95.79, averageCost=276.03825, unrealizedPNL=-180.24, realizedPNL=0.0, account='DUO335202')
2026-06-17 13:50:06 [INFO] updatePortfolio: PortfolioItem(contract=Option(conId=889107284, symbol='TSLA', lastTradeDateOrContractMonth='20260617', strike=397.5, right='P', multiplier='100', primaryExchange='AMEX', currency='USD', localSymbol='TSLA  260617P00397500', tradingClass='TSLA'), position=1.0, marketPrice=0.93, marketValue=93.0, averageCost=276.03825, unrealizedPNL=-183.04, realizedPNL=0.0, account='DUO335202')
2026-06-17 13:50:06 [INFO] updatePortfolio: PortfolioItem(contract=Option(conId=889107284, symbol='TSLA', lastTradeDateOrContractMonth='20260617', strike=397.5, right='P', multiplier='100', primaryExchange='AMEX', currency='USD', localSymbol='TSLA  260617P00397500', tradingClass='TSLA'), position=1.0, marketPrice=0.9034162, marketValue=90.34, averageCost=276.03825, unrealizedPNL=-185.7, realizedPNL=0.0, account='DUO335202')
2026-06-17 13:50:06 [INFO] Warning 2103, reqId -1: Market data farm connection is broken:usfarm
2026-06-17 13:50:06 [INFO] Warning 2103, reqId -1: Market data farm connection is broken:usopt
2026-06-17 13:50:06 [INFO] Warning 2104, reqId -1: Market data farm connection is OK:usopt
2026-06-17 13:50:06 [INFO] Warning 2119, reqId -1: Market data farm is connecting:usfarm
2026-06-17 13:50:06 [INFO] Warning 2104, reqId -1: Market data farm connection is OK:usfarm
2026-06-17 13:50:06 [ERROR] Error 10197, reqId 47: No market data during competing live session, contract: Option(conId=889107284, symbol='TSLA', lastTradeDateOrContractMonth='20260617', strike=397.5, right='P', multiplier='100', exchange='SMART', currency='USD', localSymbol='TSLA  260617P00397500', tradingClass='TSLA')
2026-06-17 13:50:06 [ERROR] Error 10197, reqId 47: No market data during competing live session, contract: Option(conId=889107284, symbol='TSLA', lastTradeDateOrContractMonth='20260617', strike=397.5, right='P', multiplier='100', exchange='SMART', currency='USD', localSymbol='TSLA  260617P00397500', tradingClass='TSLA')
2026-06-17 13:50:06 [INFO] updatePortfolio: PortfolioItem(contract=Option(conId=889107284, symbol='TSLA', lastTradeDateOrContractMonth='20260617', strike=397.5, right='P', multiplier='100', primaryExchange='AMEX', currency='USD', localSymbol='TSLA  260617P00397500', tradingClass='TSLA'), position=1.0, marketPrice=0.92, marketValue=92.0, averageCost=276.03825, unrealizedPNL=-184.04, realizedPNL=0.0, account='DUO335202')
2026-06-17 13:50:06 [INFO] updatePortfolio: PortfolioItem(contract=Option(conId=889107284, symbol='TSLA', lastTradeDateOrContractMonth='20260617', strike=397.5, right='P', multiplier='100', primaryExchange='AMEX', currency='USD', localSymbol='TSLA  260617P00397500', tradingClass='TSLA'), position=1.0, marketPrice=0.73, marketValue=73.0, averageCost=276.03825, unrealizedPNL=-203.04, realizedPNL=0.0, account='DUO335202')
2026-06-17 13:50:06 [INFO] updatePortfolio: PortfolioItem(contract=Option(conId=889107284, symbol='TSLA', lastTradeDateOrContractMonth='20260617', strike=397.5, right='P', multiplier='100', primaryExchange='AMEX', currency='USD', localSymbol='TSLA  260617P00397500', tradingClass='TSLA'), position=1.0, marketPrice=0.6055062, marketValue=60.55, averageCost=276.03825, unrealizedPNL=-215.49, realizedPNL=0.0, account='DUO335202')
2026-06-17 13:50:06 [INFO] Warning 2103, reqId -1: Market data farm connection is broken:usfarm
2026-06-17 13:50:06 [INFO] Warning 2103, reqId -1: Market data farm connection is broken:usopt
2026-06-17 13:50:06 [INFO] Warning 2104, reqId -1: Market data farm connection is OK:usopt
2026-06-17 13:50:06 [INFO] Warning 2119, reqId -1: Market data farm is connecting:usfarm
2026-06-17 13:50:06 [INFO] Warning 2104, reqId -1: Market data farm connection is OK:usfarm
2026-06-17 13:50:06 [ERROR] Error 10197, reqId 47: No market data during competing live session, contract: Option(conId=889107284, symbol='TSLA', lastTradeDateOrContractMonth='20260617', strike=397.5, right='P', multiplier='100', exchange='SMART', currency='USD', localSymbol='TSLA  260617P00397500', tradingClass='TSLA')
2026-06-17 13:50:06 [ERROR] Error 10197, reqId 47: No market data during competing live session, contract: Option(conId=889107284, symbol='TSLA', lastTradeDateOrContractMonth='20260617', strike=397.5, right='P', multiplier='100', exchange='SMART', currency='USD', localSymbol='TSLA  260617P00397500', tradingClass='TSLA')
2026-06-17 13:50:06 [INFO] updatePortfolio: PortfolioItem(contract=Option(conId=889107284, symbol='TSLA', lastTradeDateOrContractMonth='20260617', strike=397.5, right='P', multiplier='100', primaryExchange='AMEX', currency='USD', localSymbol='TSLA  260617P00397500', tradingClass='TSLA'), position=1.0, marketPrice=0.6114549, marketValue=61.15, averageCost=276.03825, unrealizedPNL=-214.89, realizedPNL=0.0, account='DUO335202')
2026-06-17 13:50:06 [INFO] updatePortfolio: PortfolioItem(contract=Option(conId=889107284, symbol='TSLA', lastTradeDateOrContractMonth='20260617', strike=397.5, right='P', multiplier='100', primaryExchange='AMEX', currency='USD', localSymbol='TSLA  260617P00397500', tradingClass='TSLA'), position=1.0, marketPrice=0.619963, marketValue=62.0, averageCost=276.03825, unrealizedPNL=-214.04, realizedPNL=0.0, account='DUO335202')
2026-06-17 13:50:06 [INFO] updatePortfolio: PortfolioItem(contract=Option(conId=889107284, symbol='TSLA', lastTradeDateOrContractMonth='20260617', strike=397.5, right='P', multiplier='100', primaryExchange='AMEX', currency='USD', localSymbol='TSLA  260617P00397500', tradingClass='TSLA'), position=1.0, marketPrice=0.39, marketValue=39.0, averageCost=276.03825, unrealizedPNL=-237.04, realizedPNL=0.0, account='DUO335202')
2026-06-17 13:50:06 [INFO] updatePortfolio: PortfolioItem(contract=Option(conId=889107284, symbol='TSLA', lastTradeDateOrContractMonth='20260617', strike=397.5, right='P', multiplier='100', primaryExchange='AMEX', currency='USD', localSymbol='TSLA  260617P00397500', tradingClass='TSLA'), position=1.0, marketPrice=0.42, marketValue=42.0, averageCost=276.03825, unrealizedPNL=-234.04, realizedPNL=0.0, account='DUO335202')
2026-06-17 13:50:06 [INFO] updatePortfolio: PortfolioItem(contract=Option(conId=889107284, symbol='TSLA', lastTradeDateOrContractMonth='20260617', strike=397.5, right='P', multiplier='100', primaryExchange='AMEX', currency='USD', localSymbol='TSLA  260617P00397500', tradingClass='TSLA'), position=1.0, marketPrice=0.42, marketValue=42.0, averageCost=276.03825, unrealizedPNL=-234.04, realizedPNL=0.0, account='DUO335202')
2026-06-17 13:50:06 [INFO] updatePortfolio: PortfolioItem(contract=Option(conId=889107284, symbol='TSLA', lastTradeDateOrContractMonth='20260617', strike=397.5, right='P', multiplier='100', primaryExchange='AMEX', currency='USD', localSymbol='TSLA  260617P00397500', tradingClass='TSLA'), position=1.0, marketPrice=0.41, marketValue=41.0, averageCost=276.03825, unrealizedPNL=-235.04, realizedPNL=0.0, account='DUO335202')
2026-06-17 13:50:06 [INFO] Warning 2103, reqId -1: Market data farm connection is broken:usfarm
2026-06-17 13:50:06 [INFO] Warning 2103, reqId -1: Market data farm connection is broken:usopt
2026-06-17 13:50:06 [INFO] Warning 2104, reqId -1: Market data farm connection is OK:usopt
2026-06-17 13:50:06 [INFO] Warning 2119, reqId -1: Market data farm is connecting:usfarm
2026-06-17 13:50:06 [INFO] Warning 2104, reqId -1: Market data farm connection is OK:usfarm
2026-06-17 13:50:06 [ERROR] Error 10197, reqId 47: No market data during competing live session, contract: Option(conId=889107284, symbol='TSLA', lastTradeDateOrContractMonth='20260617', strike=397.5, right='P', multiplier='100', exchange='SMART', currency='USD', localSymbol='TSLA  260617P00397500', tradingClass='TSLA')
2026-06-17 13:50:06 [ERROR] Error 10197, reqId 47: No market data during competing live session, contract: Option(conId=889107284, symbol='TSLA', lastTradeDateOrContractMonth='20260617', strike=397.5, right='P', multiplier='100', exchange='SMART', currency='USD', localSymbol='TSLA  260617P00397500', tradingClass='TSLA')
2026-06-17 13:50:06 [INFO] updatePortfolio: PortfolioItem(contract=Option(conId=889107284, symbol='TSLA', lastTradeDateOrContractMonth='20260617', strike=397.5, right='P', multiplier='100', primaryExchange='AMEX', currency='USD', localSymbol='TSLA  260617P00397500', tradingClass='TSLA'), position=1.0, marketPrice=0.4, marketValue=40.0, averageCost=276.03825, unrealizedPNL=-236.04, realizedPNL=0.0, account='DUO335202')
2026-06-17 13:50:06 [INFO] Warning 2103, reqId -1: Market data farm connection is broken:usfarm
2026-06-17 13:50:06 [INFO] Warning 2103, reqId -1: Market data farm connection is broken:usopt
2026-06-17 13:50:06 [INFO] Warning 2104, reqId -1: Market data farm connection is OK:usopt
2026-06-17 13:50:06 [INFO] Warning 2119, reqId -1: Market data farm is connecting:usfarm
2026-06-17 13:50:06 [INFO] Warning 2104, reqId -1: Market data farm connection is OK:usfarm
2026-06-17 13:50:06 [ERROR] Error 10197, reqId 47: No market data during competing live session, contract: Option(conId=889107284, symbol='TSLA', lastTradeDateOrContractMonth='20260617', strike=397.5, right='P', multiplier='100', exchange='SMART', currency='USD', localSymbol='TSLA  260617P00397500', tradingClass='TSLA')
2026-06-17 13:50:06 [ERROR] Error 10197, reqId 47: No market data during competing live session, contract: Option(conId=889107284, symbol='TSLA', lastTradeDateOrContractMonth='20260617', strike=397.5, right='P', multiplier='100', exchange='SMART', currency='USD', localSymbol='TSLA  260617P00397500', tradingClass='TSLA')
2026-06-17 13:50:06 [INFO] updatePortfolio: PortfolioItem(contract=Option(conId=889107284, symbol='TSLA', lastTradeDateOrContractMonth='20260617', strike=397.5, right='P', multiplier='100', primaryExchange='AMEX', currency='USD', localSymbol='TSLA  260617P00397500', tradingClass='TSLA'), position=1.0, marketPrice=0.46, marketValue=46.0, averageCost=276.03825, unrealizedPNL=-230.04, realizedPNL=0.0, account='DUO335202')
2026-06-17 13:50:06 [INFO] updatePortfolio: PortfolioItem(contract=Option(conId=889107284, symbol='TSLA', lastTradeDateOrContractMonth='20260617', strike=397.5, right='P', multiplier='100', primaryExchange='AMEX', currency='USD', localSymbol='TSLA  260617P00397500', tradingClass='TSLA'), position=1.0, marketPrice=0.44, marketValue=44.0, averageCost=276.03825, unrealizedPNL=-232.04, realizedPNL=0.0, account='DUO335202')
2026-06-17 13:50:06 [INFO] updatePortfolio: PortfolioItem(contract=Option(conId=889107284, symbol='TSLA', lastTradeDateOrContractMonth='20260617', strike=397.5, right='P', multiplier='100', primaryExchange='AMEX', currency='USD', localSymbol='TSLA  260617P00397500', tradingClass='TSLA'), position=1.0, marketPrice=0.46064935, marketValue=46.06, averageCost=276.03825, unrealizedPNL=-229.97, realizedPNL=0.0, account='DUO335202')
2026-06-17 13:50:06 [INFO] updatePortfolio: PortfolioItem(contract=Option(conId=889107284, symbol='TSLA', lastTradeDateOrContractMonth='20260617', strike=397.5, right='P', multiplier='100', primaryExchange='AMEX', currency='USD', localSymbol='TSLA  260617P00397500', tradingClass='TSLA'), position=1.0, marketPrice=0.48007895, marketValue=48.01, averageCost=276.03825, unrealizedPNL=-228.03, realizedPNL=0.0, account='DUO335202')
2026-06-17 13:50:06 [INFO] updatePortfolio: PortfolioItem(contract=Option(conId=889107284, symbol='TSLA', lastTradeDateOrContractMonth='20260617', strike=397.5, right='P', multiplier='100', primaryExchange='AMEX', currency='USD', localSymbol='TSLA  260617P00397500', tradingClass='TSLA'), position=1.0, marketPrice=0.5, marketValue=50.0, averageCost=276.03825, unrealizedPNL=-226.04, realizedPNL=0.0, account='DUO335202')
2026-06-17 13:50:06 [INFO] Warning 2103, reqId -1: Market data farm connection is broken:usfarm
2026-06-17 13:50:06 [INFO] Warning 2103, reqId -1: Market data farm connection is broken:usopt
2026-06-17 13:50:06 [INFO] Warning 2104, reqId -1: Market data farm connection is OK:usopt
2026-06-17 13:50:06 [INFO] Warning 2119, reqId -1: Market data farm is connecting:usfarm
2026-06-17 13:50:06 [INFO] Warning 2104, reqId -1: Market data farm connection is OK:usfarm
2026-06-17 13:50:06 [ERROR] Error 10197, reqId 47: No market data during competing live session, contract: Option(conId=889107284, symbol='TSLA', lastTradeDateOrContractMonth='20260617', strike=397.5, right='P', multiplier='100', exchange='SMART', currency='USD', localSymbol='TSLA  260617P00397500', tradingClass='TSLA')
2026-06-17 13:50:06 [ERROR] Error 10197, reqId 47: No market data during competing live session, contract: Option(conId=889107284, symbol='TSLA', lastTradeDateOrContractMonth='20260617', strike=397.5, right='P', multiplier='100', exchange='SMART', currency='USD', localSymbol='TSLA  260617P00397500', tradingClass='TSLA')
2026-06-17 13:50:06 [INFO] updatePortfolio: PortfolioItem(contract=Option(conId=889107284, symbol='TSLA', lastTradeDateOrContractMonth='20260617', strike=397.5, right='P', multiplier='100', primaryExchange='AMEX', currency='USD', localSymbol='TSLA  260617P00397500', tradingClass='TSLA'), position=1.0, marketPrice=0.4, marketValue=40.0, averageCost=276.03825, unrealizedPNL=-236.04, realizedPNL=0.0, account='DUO335202')
2026-06-17 13:50:06 [INFO] updatePortfolio: PortfolioItem(contract=Option(conId=889107284, symbol='TSLA', lastTradeDateOrContractMonth='20260617', strike=397.5, right='P', multiplier='100', primaryExchange='AMEX', currency='USD', localSymbol='TSLA  260617P00397500', tradingClass='TSLA'), position=1.0, marketPrice=0.32788665, marketValue=32.79, averageCost=276.03825, unrealizedPNL=-243.25, realizedPNL=0.0, account='DUO335202')
2026-06-17 13:50:06 [INFO] updatePortfolio: PortfolioItem(contract=Option(conId=889107284, symbol='TSLA', lastTradeDateOrContractMonth='20260617', strike=397.5, right='P', multiplier='100', primaryExchange='AMEX', currency='USD', localSymbol='TSLA  260617P00397500', tradingClass='TSLA'), position=1.0, marketPrice=0.37, marketValue=37.0, averageCost=276.03825, unrealizedPNL=-239.04, realizedPNL=0.0, account='DUO335202')
2026-06-17 13:50:06 [INFO] updatePortfolio: PortfolioItem(contract=Option(conId=889107284, symbol='TSLA', lastTradeDateOrContractMonth='20260617', strike=397.5, right='P', multiplier='100', primaryExchange='AMEX', currency='USD', localSymbol='TSLA  260617P00397500', tradingClass='TSLA'), position=1.0, marketPrice=0.36, marketValue=36.0, averageCost=276.03825, unrealizedPNL=-240.04, realizedPNL=0.0, account='DUO335202')
2026-06-17 13:50:06 [INFO] updatePortfolio: PortfolioItem(contract=Option(conId=889107284, symbol='TSLA', lastTradeDateOrContractMonth='20260617', strike=397.5, right='P', multiplier='100', primaryExchange='AMEX', currency='USD', localSymbol='TSLA  260617P00397500', tradingClass='TSLA'), position=1.0, marketPrice=0.38840815, marketValue=38.84, averageCost=276.03825, unrealizedPNL=-237.2, realizedPNL=0.0, account='DUO335202')
2026-06-17 13:50:06 [INFO] updatePortfolio: PortfolioItem(contract=Option(conId=889107284, symbol='TSLA', lastTradeDateOrContractMonth='20260617', strike=397.5, right='P', multiplier='100', primaryExchange='AMEX', currency='USD', localSymbol='TSLA  260617P00397500', tradingClass='TSLA'), position=1.0, marketPrice=0.37, marketValue=37.0, averageCost=276.03825, unrealizedPNL=-239.04, realizedPNL=0.0, account='DUO335202')
2026-06-17 13:50:06 [INFO] Warning 2103, reqId -1: Market data farm connection is broken:usopt
2026-06-17 13:50:06 [INFO] Warning 2103, reqId -1: Market data farm connection is broken:usfarm
2026-06-17 13:50:06 [INFO] Warning 2104, reqId -1: Market data farm connection is OK:usopt
2026-06-17 13:50:06 [INFO] Warning 2119, reqId -1: Market data farm is connecting:usfarm
2026-06-17 13:50:06 [INFO] Warning 2104, reqId -1: Market data farm connection is OK:usfarm
2026-06-17 13:50:06 [ERROR] Error 10197, reqId 47: No market data during competing live session, contract: Option(conId=889107284, symbol='TSLA', lastTradeDateOrContractMonth='20260617', strike=397.5, right='P', multiplier='100', exchange='SMART', currency='USD', localSymbol='TSLA  260617P00397500', tradingClass='TSLA')
2026-06-17 13:50:06 [ERROR] Error 10197, reqId 47: No market data during competing live session, contract: Option(conId=889107284, symbol='TSLA', lastTradeDateOrContractMonth='20260617', strike=397.5, right='P', multiplier='100', exchange='SMART', currency='USD', localSymbol='TSLA  260617P00397500', tradingClass='TSLA')
2026-06-17 13:50:06 [INFO] updatePortfolio: PortfolioItem(contract=Option(conId=889107284, symbol='TSLA', lastTradeDateOrContractMonth='20260617', strike=397.5, right='P', multiplier='100', primaryExchange='AMEX', currency='USD', localSymbol='TSLA  260617P00397500', tradingClass='TSLA'), position=1.0, marketPrice=0.35, marketValue=35.0, averageCost=276.03825, unrealizedPNL=-241.04, realizedPNL=0.0, account='DUO335202')
2026-06-17 13:50:06 [INFO] updatePortfolio: PortfolioItem(contract=Option(conId=889107284, symbol='TSLA', lastTradeDateOrContractMonth='20260617', strike=397.5, right='P', multiplier='100', primaryExchange='AMEX', currency='USD', localSymbol='TSLA  260617P00397500', tradingClass='TSLA'), position=1.0, marketPrice=0.3833137, marketValue=38.33, averageCost=276.03825, unrealizedPNL=-237.71, realizedPNL=0.0, account='DUO335202')
2026-06-17 13:50:06 [INFO] updatePortfolio: PortfolioItem(contract=Option(conId=889107284, symbol='TSLA', lastTradeDateOrContractMonth='20260617', strike=397.5, right='P', multiplier='100', primaryExchange='AMEX', currency='USD', localSymbol='TSLA  260617P00397500', tradingClass='TSLA'), position=1.0, marketPrice=0.36, marketValue=36.0, averageCost=276.03825, unrealizedPNL=-240.04, realizedPNL=0.0, account='DUO335202')
2026-06-17 13:50:06 [INFO] updatePortfolio: PortfolioItem(contract=Option(conId=889107284, symbol='TSLA', lastTradeDateOrContractMonth='20260617', strike=397.5, right='P', multiplier='100', primaryExchange='AMEX', currency='USD', localSymbol='TSLA  260617P00397500', tradingClass='TSLA'), position=1.0, marketPrice=0.35551125, marketValue=35.55, averageCost=276.03825, unrealizedPNL=-240.49, realizedPNL=0.0, account='DUO335202')
2026-06-17 13:50:06 [INFO] updatePortfolio: PortfolioItem(contract=Option(conId=889107284, symbol='TSLA', lastTradeDateOrContractMonth='20260617', strike=397.5, right='P', multiplier='100', primaryExchange='AMEX', currency='USD', localSymbol='TSLA  260617P00397500', tradingClass='TSLA'), position=1.0, marketPrice=0.3307294, marketValue=33.07, averageCost=276.03825, unrealizedPNL=-242.97, realizedPNL=0.0, account='DUO335202')
2026-06-17 13:50:06 [INFO] updatePortfolio: PortfolioItem(contract=Option(conId=889107284, symbol='TSLA', lastTradeDateOrContractMonth='20260617', strike=397.5, right='P', multiplier='100', primaryExchange='AMEX', currency='USD', localSymbol='TSLA  260617P00397500', tradingClass='TSLA'), position=1.0, marketPrice=0.3, marketValue=30.0, averageCost=276.03825, unrealizedPNL=-246.04, realizedPNL=0.0, account='DUO335202')
2026-06-17 13:50:06 [INFO] updatePortfolio: PortfolioItem(contract=Option(conId=889107284, symbol='TSLA', lastTradeDateOrContractMonth='20260617', strike=397.5, right='P', multiplier='100', primaryExchange='AMEX', currency='USD', localSymbol='TSLA  260617P00397500', tradingClass='TSLA'), position=1.0, marketPrice=0.3, marketValue=30.0, averageCost=276.03825, unrealizedPNL=-246.04, realizedPNL=0.0, account='DUO335202')
2026-06-17 13:50:06 [INFO] updatePortfolio: PortfolioItem(contract=Option(conId=889107284, symbol='TSLA', lastTradeDateOrContractMonth='20260617', strike=397.5, right='P', multiplier='100', primaryExchange='AMEX', currency='USD', localSymbol='TSLA  260617P00397500', tradingClass='TSLA'), position=1.0, marketPrice=0.3, marketValue=30.0, averageCost=276.03825, unrealizedPNL=-246.04, realizedPNL=0.0, account='DUO335202')
2026-06-17 13:50:06 [INFO] updatePortfolio: PortfolioItem(contract=Option(conId=889107284, symbol='TSLA', lastTradeDateOrContractMonth='20260617', strike=397.5, right='P', multiplier='100', primaryExchange='AMEX', currency='USD', localSymbol='TSLA  260617P00397500', tradingClass='TSLA'), position=1.0, marketPrice=0.3, marketValue=30.0, averageCost=276.03825, unrealizedPNL=-246.04, realizedPNL=0.0, account='DUO335202')
2026-06-17 13:50:06 [INFO] updatePortfolio: PortfolioItem(contract=Option(conId=889107284, symbol='TSLA', lastTradeDateOrContractMonth='20260617', strike=397.5, right='P', multiplier='100', primaryExchange='AMEX', currency='USD', localSymbol='TSLA  260617P00397500', tradingClass='TSLA'), position=1.0, marketPrice=0.27, marketValue=27.0, averageCost=276.03825, unrealizedPNL=-249.04, realizedPNL=0.0, account='DUO335202')
2026-06-17 13:50:06 [INFO] updatePortfolio: PortfolioItem(contract=Option(conId=889107284, symbol='TSLA', lastTradeDateOrContractMonth='20260617', strike=397.5, right='P', multiplier='100', primaryExchange='AMEX', currency='USD', localSymbol='TSLA  260617P00397500', tradingClass='TSLA'), position=1.0, marketPrice=0.26, marketValue=26.0, averageCost=276.03825, unrealizedPNL=-250.04, realizedPNL=0.0, account='DUO335202')
2026-06-17 13:50:06 [INFO] Warning 2103, reqId -1: Market data farm connection is broken:usopt
2026-06-17 13:50:06 [INFO] Warning 2103, reqId -1: Market data farm connection is broken:usfarm
2026-06-17 13:50:06 [INFO] Warning 2104, reqId -1: Market data farm connection is OK:usopt
2026-06-17 13:50:06 [INFO] Warning 2119, reqId -1: Market data farm is connecting:usfarm
2026-06-17 13:50:06 [INFO] Warning 2104, reqId -1: Market data farm connection is OK:usfarm
2026-06-17 13:50:06 [ERROR] Error 10197, reqId 47: No market data during competing live session, contract: Option(conId=889107284, symbol='TSLA', lastTradeDateOrContractMonth='20260617', strike=397.5, right='P', multiplier='100', exchange='SMART', currency='USD', localSymbol='TSLA  260617P00397500', tradingClass='TSLA')
2026-06-17 13:50:06 [ERROR] Error 10197, reqId 47: No market data during competing live session, contract: Option(conId=889107284, symbol='TSLA', lastTradeDateOrContractMonth='20260617', strike=397.5, right='P', multiplier='100', exchange='SMART', currency='USD', localSymbol='TSLA  260617P00397500', tradingClass='TSLA')
2026-06-17 13:50:06 [INFO] updatePortfolio: PortfolioItem(contract=Option(conId=889107284, symbol='TSLA', lastTradeDateOrContractMonth='20260617', strike=397.5, right='P', multiplier='100', primaryExchange='AMEX', currency='USD', localSymbol='TSLA  260617P00397500', tradingClass='TSLA'), position=1.0, marketPrice=0.2475884, marketValue=24.76, averageCost=276.03825, unrealizedPNL=-251.28, realizedPNL=0.0, account='DUO335202')
2026-06-17 13:50:06 [INFO] updatePortfolio: PortfolioItem(contract=Option(conId=889107284, symbol='TSLA', lastTradeDateOrContractMonth='20260617', strike=397.5, right='P', multiplier='100', primaryExchange='AMEX', currency='USD', localSymbol='TSLA  260617P00397500', tradingClass='TSLA'), position=1.0, marketPrice=0.26, marketValue=26.0, averageCost=276.03825, unrealizedPNL=-250.04, realizedPNL=0.0, account='DUO335202')
2026-06-17 13:50:06 [INFO] updatePortfolio: PortfolioItem(contract=Option(conId=889107284, symbol='TSLA', lastTradeDateOrContractMonth='20260617', strike=397.5, right='P', multiplier='100', primaryExchange='AMEX', currency='USD', localSymbol='TSLA  260617P00397500', tradingClass='TSLA'), position=1.0, marketPrice=0.2599371, marketValue=25.99, averageCost=276.03825, unrealizedPNL=-250.04, realizedPNL=0.0, account='DUO335202')
2026-06-17 13:50:06 [INFO] updatePortfolio: PortfolioItem(contract=Option(conId=889107284, symbol='TSLA', lastTradeDateOrContractMonth='20260617', strike=397.5, right='P', multiplier='100', primaryExchange='AMEX', currency='USD', localSymbol='TSLA  260617P00397500', tradingClass='TSLA'), position=1.0, marketPrice=0.21, marketValue=21.0, averageCost=276.03825, unrealizedPNL=-255.04, realizedPNL=0.0, account='DUO335202')
2026-06-17 13:50:06 [INFO] updatePortfolio: PortfolioItem(contract=Option(conId=889107284, symbol='TSLA', lastTradeDateOrContractMonth='20260617', strike=397.5, right='P', multiplier='100', primaryExchange='AMEX', currency='USD', localSymbol='TSLA  260617P00397500', tradingClass='TSLA'), position=1.0, marketPrice=0.2448314, marketValue=24.48, averageCost=276.03825, unrealizedPNL=-251.56, realizedPNL=0.0, account='DUO335202')
2026-06-17 13:50:07 [INFO] updatePortfolio: PortfolioItem(contract=Option(conId=889107284, symbol='TSLA', lastTradeDateOrContractMonth='20260617', strike=397.5, right='P', multiplier='100', primaryExchange='AMEX', currency='USD', localSymbol='TSLA  260617P00397500', tradingClass='TSLA'), position=1.0, marketPrice=0.22, marketValue=22.0, averageCost=276.03825, unrealizedPNL=-254.04, realizedPNL=0.0, account='DUO335202')
2026-06-17 13:50:07 [INFO] updatePortfolio: PortfolioItem(contract=Option(conId=889107284, symbol='TSLA', lastTradeDateOrContractMonth='20260617', strike=397.5, right='P', multiplier='100', primaryExchange='AMEX', currency='USD', localSymbol='TSLA  260617P00397500', tradingClass='TSLA'), position=1.0, marketPrice=0.47, marketValue=47.0, averageCost=276.03825, unrealizedPNL=-229.04, realizedPNL=0.0, account='DUO335202')
2026-06-17 13:50:07 [INFO] updatePortfolio: PortfolioItem(contract=Option(conId=889107284, symbol='TSLA', lastTradeDateOrContractMonth='20260617', strike=397.5, right='P', multiplier='100', primaryExchange='AMEX', currency='USD', localSymbol='TSLA  260617P00397500', tradingClass='TSLA'), position=1.0, marketPrice=1.15, marketValue=115.0, averageCost=276.03825, unrealizedPNL=-161.04, realizedPNL=0.0, account='DUO335202')
2026-06-17 13:50:07 [INFO] updatePortfolio: PortfolioItem(contract=Option(conId=889107284, symbol='TSLA', lastTradeDateOrContractMonth='20260617', strike=397.5, right='P', multiplier='100', primaryExchange='AMEX', currency='USD', localSymbol='TSLA  260617P00397500', tradingClass='TSLA'), position=1.0, marketPrice=1.0, marketValue=100.0, averageCost=276.03825, unrealizedPNL=-176.04, realizedPNL=0.0, account='DUO335202')
2026-06-17 13:50:07 [INFO] updatePortfolio: PortfolioItem(contract=Option(conId=889107284, symbol='TSLA', lastTradeDateOrContractMonth='20260617', strike=397.5, right='P', multiplier='100', primaryExchange='AMEX', currency='USD', localSymbol='TSLA  260617P00397500', tradingClass='TSLA'), position=1.0, marketPrice=0.45, marketValue=45.0, averageCost=276.03825, unrealizedPNL=-231.04, realizedPNL=0.0, account='DUO335202')
2026-06-17 13:50:07 [INFO] updatePortfolio: PortfolioItem(contract=Option(conId=889107284, symbol='TSLA', lastTradeDateOrContractMonth='20260617', strike=397.5, right='P', multiplier='100', primaryExchange='AMEX', currency='USD', localSymbol='TSLA  260617P00397500', tradingClass='TSLA'), position=1.0, marketPrice=0.52999995, marketValue=53.0, averageCost=276.03825, unrealizedPNL=-223.04, realizedPNL=0.0, account='DUO335202')
2026-06-17 13:50:07 [INFO] updatePortfolio: PortfolioItem(contract=Option(conId=889107284, symbol='TSLA', lastTradeDateOrContractMonth='20260617', strike=397.5, right='P', multiplier='100', primaryExchange='AMEX', currency='USD', localSymbol='TSLA  260617P00397500', tradingClass='TSLA'), position=1.0, marketPrice=0.3250348, marketValue=32.5, averageCost=276.03825, unrealizedPNL=-243.53, realizedPNL=0.0, account='DUO335202')
2026-06-17 13:50:07 [INFO] updatePortfolio: PortfolioItem(contract=Option(conId=889107284, symbol='TSLA', lastTradeDateOrContractMonth='20260617', strike=397.5, right='P', multiplier='100', primaryExchange='AMEX', currency='USD', localSymbol='TSLA  260617P00397500', tradingClass='TSLA'), position=1.0, marketPrice=0.32775225, marketValue=32.78, averageCost=276.03825, unrealizedPNL=-243.26, realizedPNL=0.0, account='DUO335202')
2026-06-17 13:50:07 [INFO] updatePortfolio: PortfolioItem(contract=Option(conId=889107284, symbol='TSLA', lastTradeDateOrContractMonth='20260617', strike=397.5, right='P', multiplier='100', primaryExchange='AMEX', currency='USD', localSymbol='TSLA  260617P00397500', tradingClass='TSLA'), position=1.0, marketPrice=0.38, marketValue=38.0, averageCost=276.03825, unrealizedPNL=-238.04, realizedPNL=0.0, account='DUO335202')
2026-06-17 13:50:07 [INFO] Warning 2103, reqId -1: Market data farm connection is broken:usfarm
2026-06-17 13:50:07 [INFO] Warning 2103, reqId -1: Market data farm connection is broken:usopt
2026-06-17 13:50:07 [INFO] Warning 2104, reqId -1: Market data farm connection is OK:usopt
2026-06-17 13:50:07 [INFO] Warning 2119, reqId -1: Market data farm is connecting:usfarm
2026-06-17 13:50:07 [INFO] Warning 2104, reqId -1: Market data farm connection is OK:usfarm
2026-06-17 13:50:07 [ERROR] Error 10197, reqId 47: No market data during competing live session, contract: Option(conId=889107284, symbol='TSLA', lastTradeDateOrContractMonth='20260617', strike=397.5, right='P', multiplier='100', exchange='SMART', currency='USD', localSymbol='TSLA  260617P00397500', tradingClass='TSLA')
2026-06-17 13:50:07 [ERROR] Error 10197, reqId 47: No market data during competing live session, contract: Option(conId=889107284, symbol='TSLA', lastTradeDateOrContractMonth='20260617', strike=397.5, right='P', multiplier='100', exchange='SMART', currency='USD', localSymbol='TSLA  260617P00397500', tradingClass='TSLA')
2026-06-17 13:50:07 [INFO] updatePortfolio: PortfolioItem(contract=Option(conId=889107284, symbol='TSLA', lastTradeDateOrContractMonth='20260617', strike=397.5, right='P', multiplier='100', primaryExchange='AMEX', currency='USD', localSymbol='TSLA  260617P00397500', tradingClass='TSLA'), position=1.0, marketPrice=0.56, marketValue=56.0, averageCost=276.03825, unrealizedPNL=-220.04, realizedPNL=0.0, account='DUO335202')
2026-06-17 13:50:07 [INFO] updatePortfolio: PortfolioItem(contract=Option(conId=889107284, symbol='TSLA', lastTradeDateOrContractMonth='20260617', strike=397.5, right='P', multiplier='100', primaryExchange='AMEX', currency='USD', localSymbol='TSLA  260617P00397500', tradingClass='TSLA'), position=1.0, marketPrice=0.49, marketValue=49.0, averageCost=276.03825, unrealizedPNL=-227.04, realizedPNL=0.0, account='DUO335202')
2026-06-17 13:50:07 [INFO] updatePortfolio: PortfolioItem(contract=Option(conId=889107284, symbol='TSLA', lastTradeDateOrContractMonth='20260617', strike=397.5, right='P', multiplier='100', primaryExchange='AMEX', currency='USD', localSymbol='TSLA  260617P00397500', tradingClass='TSLA'), position=1.0, marketPrice=0.3981755, marketValue=39.82, averageCost=276.03825, unrealizedPNL=-236.22, realizedPNL=0.0, account='DUO335202')
2026-06-17 13:50:07 [INFO] updatePortfolio: PortfolioItem(contract=Option(conId=889107284, symbol='TSLA', lastTradeDateOrContractMonth='20260617', strike=397.5, right='P', multiplier='100', primaryExchange='AMEX', currency='USD', localSymbol='TSLA  260617P00397500', tradingClass='TSLA'), position=1.0, marketPrice=0.51, marketValue=51.0, averageCost=276.03825, unrealizedPNL=-225.04, realizedPNL=0.0, account='DUO335202')
2026-06-17 13:50:07 [INFO] updatePortfolio: PortfolioItem(contract=Option(conId=889107284, symbol='TSLA', lastTradeDateOrContractMonth='20260617', strike=397.5, right='P', multiplier='100', primaryExchange='AMEX', currency='USD', localSymbol='TSLA  260617P00397500', tradingClass='TSLA'), position=1.0, marketPrice=0.38, marketValue=38.0, averageCost=276.03825, unrealizedPNL=-238.04, realizedPNL=0.0, account='DUO335202')
2026-06-17 13:50:07 [INFO] updatePortfolio: PortfolioItem(contract=Option(conId=889107284, symbol='TSLA', lastTradeDateOrContractMonth='20260617', strike=397.5, right='P', multiplier='100', primaryExchange='AMEX', currency='USD', localSymbol='TSLA  260617P00397500', tradingClass='TSLA'), position=1.0, marketPrice=0.23, marketValue=23.0, averageCost=276.03825, unrealizedPNL=-253.04, realizedPNL=0.0, account='DUO335202')
2026-06-17 13:50:07 [INFO] updatePortfolio: PortfolioItem(contract=Option(conId=889107284, symbol='TSLA', lastTradeDateOrContractMonth='20260617', strike=397.5, right='P', multiplier='100', primaryExchange='AMEX', currency='USD', localSymbol='TSLA  260617P00397500', tradingClass='TSLA'), position=1.0, marketPrice=0.13, marketValue=13.0, averageCost=276.03825, unrealizedPNL=-263.04, realizedPNL=0.0, account='DUO335202')
2026-06-17 13:50:07 [INFO] Warning 2103, reqId -1: Market data farm connection is broken:usfarm
2026-06-17 13:50:07 [INFO] Warning 2103, reqId -1: Market data farm connection is broken:usopt
2026-06-17 13:50:07 [INFO] Warning 2104, reqId -1: Market data farm connection is OK:usopt
2026-06-17 13:50:07 [INFO] Warning 2119, reqId -1: Market data farm is connecting:usfarm
2026-06-17 13:50:07 [INFO] Warning 2104, reqId -1: Market data farm connection is OK:usfarm
2026-06-17 13:50:07 [ERROR] Error 10197, reqId 47: No market data during competing live session, contract: Option(conId=889107284, symbol='TSLA', lastTradeDateOrContractMonth='20260617', strike=397.5, right='P', multiplier='100', exchange='SMART', currency='USD', localSymbol='TSLA  260617P00397500', tradingClass='TSLA')
2026-06-17 13:50:07 [INFO] updatePortfolio: PortfolioItem(contract=Option(conId=889107284, symbol='TSLA', lastTradeDateOrContractMonth='20260617', strike=397.5, right='P', multiplier='100', primaryExchange='AMEX', currency='USD', localSymbol='TSLA  260617P00397500', tradingClass='TSLA'), position=1.0, marketPrice=0.13936145, marketValue=13.94, averageCost=276.03825, unrealizedPNL=-262.1, realizedPNL=0.0, account='DUO335202')
2026-06-17 13:50:07 [ERROR] Error 10197, reqId 47: No market data during competing live session, contract: Option(conId=889107284, symbol='TSLA', lastTradeDateOrContractMonth='20260617', strike=397.5, right='P', multiplier='100', exchange='SMART', currency='USD', localSymbol='TSLA  260617P00397500', tradingClass='TSLA')
2026-06-17 13:50:07 [INFO] Warning 2119, reqId -1: Market data farm is connecting:usfarm.nj
2026-06-17 13:50:07 [INFO] Warning 2104, reqId -1: Market data farm connection is OK:usfarm.nj
2026-06-17 13:50:08 [ERROR] [executor] exit order error (TSLA): There is no current event loop in thread 'Thread-1 (_tracking_loop)'.
Traceback (most recent call last):
  File "C:\Users\m_imr\Downloads\INSANE\options_executor.py", line 508, in _exit_position
    self._ib.qualifyContracts(pos["contract"])
  File "C:\Users\m_imr\anaconda3\Lib\site-packages\ib_insync\ib.py", line 570, in qualifyContracts
    return self._run(self.qualifyContractsAsync(*contracts))
           ^^^^^^^^^^^^^^^^^^^^^^^^^^^^^^^^^^^^^^^^^^^^^^^^^
  File "C:\Users\m_imr\anaconda3\Lib\site-packages\ib_insync\ib.py", line 318, in _run
    return util.run(*awaitables, timeout=self.RequestTimeout)
           ^^^^^^^^^^^^^^^^^^^^^^^^^^^^^^^^^^^^^^^^^^^^^^^^^^
  File "C:\Users\m_imr\anaconda3\Lib\site-packages\ib_insync\util.py", line 309, in run
    loop = getLoop()
           ^^^^^^^^^
  File "C:\Users\m_imr\anaconda3\Lib\site-packages\ib_insync\util.py", line 464, in getLoop
    return asyncio.get_event_loop_policy().get_event_loop()
           ^^^^^^^^^^^^^^^^^^^^^^^^^^^^^^^^^^^^^^^^^^^^^^^^
  File "C:\Users\m_imr\anaconda3\Lib\asyncio\events.py", line 677, in get_event_loop
    raise RuntimeError('There is no current event loop in thread %r.'
RuntimeError: There is no current event loop in thread 'Thread-1 (_tracking_loop)'.
2026-06-17 13:50:14 [INFO] updatePortfolio: PortfolioItem(contract=Option(conId=889107284, symbol='TSLA', lastTradeDateOrContractMonth='20260617', strike=397.5, right='P', multiplier='100', primaryExchange='AMEX', currency='USD', localSymbol='TSLA  260617P00397500', tradingClass='TSLA'), position=1.0, marketPrice=0.13, marketValue=13.0, averageCost=276.03825, unrealizedPNL=-263.04, realizedPNL=0.0, account='DUO335202')
2026-06-17 13:50:18 [INFO] [executor] ^GSPC: underlying price $7498.83
2026-06-17 13:50:18 [INFO] [executor] ^GSPC: using chain tradingClass=SPXW 40 expirations, 718 strikes
2026-06-17 13:50:19 [INFO] placeOrder: New order Trade(contract=Option(conId=846738695, symbol='SPX', lastTradeDateOrContractMonth='20260618', strike=7500.0, right='C', multiplier='100', exchange='SMART', currency='USD', localSymbol='SPXW  260618C07500000', tradingClass='SPXW'), order=LimitOrder(orderId=54, clientId=111, action='BUY', totalQuantity=1, lmtPrice=31.85, tif='DAY'), orderStatus=OrderStatus(orderId=54, status='PendingSubmit', filled=0.0, remaining=0.0, avgFillPrice=0.0, permId=0, parentId=0, lastFillPrice=0.0, clientId=0, whyHeld='', mktCapPrice=0.0), fills=[], log=[TradeLogEntry(time=datetime.datetime(2026, 6, 17, 18, 50, 19, 358860, tzinfo=datetime.timezone.utc), status='PendingSubmit', message='', errorCode=0)], advancedError='')
2026-06-17 13:50:19 [INFO] [executor] ^GSPC: limit@mid $31.85  bid=$31.70 ask=$32.00  (attempt 1)
2026-06-17 13:50:19 [INFO] Warning 110, reqId 54: The price does not conform to the minimum price variation for this contract.
2026-06-17 13:50:24 [INFO] cancelOrder: Trade(contract=Option(conId=846738695, symbol='SPX', lastTradeDateOrContractMonth='20260618', strike=7500.0, right='C', multiplier='100', exchange='SMART', currency='USD', localSymbol='SPXW  260618C07500000', tradingClass='SPXW'), order=LimitOrder(orderId=54, clientId=111, action='BUY', totalQuantity=1, lmtPrice=31.85, tif='DAY'), orderStatus=OrderStatus(orderId=54, status='PendingCancel', filled=0.0, remaining=0.0, avgFillPrice=0.0, permId=0, parentId=0, lastFillPrice=0.0, clientId=0, whyHeld='', mktCapPrice=0.0), fills=[], log=[TradeLogEntry(time=datetime.datetime(2026, 6, 17, 18, 50, 19, 358860, tzinfo=datetime.timezone.utc), status='PendingSubmit', message='', errorCode=0), TradeLogEntry(time=datetime.datetime(2026, 6, 17, 18, 50, 24, 417828, tzinfo=datetime.timezone.utc), status='PendingCancel', message='', errorCode=0)], advancedError='')
2026-06-17 13:50:24 [ERROR] Error 10147, reqId 54: OrderId 54 that needs to be cancelled is not found.
2026-06-17 13:50:24 [WARNING] Canceled order: Trade(contract=Option(conId=846738695, symbol='SPX', lastTradeDateOrContractMonth='20260618', strike=7500.0, right='C', multiplier='100', exchange='SMART', currency='USD', localSymbol='SPXW  260618C07500000', tradingClass='SPXW'), order=LimitOrder(orderId=54, clientId=111, action='BUY', totalQuantity=1, lmtPrice=31.85, tif='DAY'), orderStatus=OrderStatus(orderId=54, status='Cancelled', filled=0.0, remaining=0.0, avgFillPrice=0.0, permId=0, parentId=0, lastFillPrice=0.0, clientId=0, whyHeld='', mktCapPrice=0.0), fills=[], log=[TradeLogEntry(time=datetime.datetime(2026, 6, 17, 18, 50, 19, 358860, tzinfo=datetime.timezone.utc), status='PendingSubmit', message='', errorCode=0), TradeLogEntry(time=datetime.datetime(2026, 6, 17, 18, 50, 24, 417828, tzinfo=datetime.timezone.utc), status='PendingCancel', message='', errorCode=0), TradeLogEntry(time=datetime.datetime(2026, 6, 17, 18, 50, 24, 420838, tzinfo=datetime.timezone.utc), status='Cancelled', message='Error 10147, reqId 54: OrderId 54 that needs to be cancelled is not found.', errorCode=10147)], advancedError='')
2026-06-17 13:50:25 [WARNING] [executor] ^GSPC: unfilled on attempt 1, retrying
2026-06-17 13:50:26 [INFO] placeOrder: New order Trade(contract=Option(conId=846738695, symbol='SPX', lastTradeDateOrContractMonth='20260618', strike=7500.0, right='C', multiplier='100', exchange='SMART', currency='USD', localSymbol='SPXW  260618C07500000', tradingClass='SPXW'), order=LimitOrder(orderId=56, clientId=111, action='BUY', totalQuantity=1, lmtPrice=31.95, tif='DAY'), orderStatus=OrderStatus(orderId=56, status='PendingSubmit', filled=0.0, remaining=0.0, avgFillPrice=0.0, permId=0, parentId=0, lastFillPrice=0.0, clientId=0, whyHeld='', mktCapPrice=0.0), fills=[], log=[TradeLogEntry(time=datetime.datetime(2026, 6, 17, 18, 50, 26, 75877, tzinfo=datetime.timezone.utc), status='PendingSubmit', message='', errorCode=0)], advancedError='')
2026-06-17 13:50:26 [INFO] [executor] ^GSPC: limit@mid $31.95  bid=$31.80 ask=$32.10  (attempt 2)
2026-06-17 13:50:26 [INFO] Warning 110, reqId 56: The price does not conform to the minimum price variation for this contract.
2026-06-17 13:50:31 [INFO] cancelOrder: Trade(contract=Option(conId=846738695, symbol='SPX', lastTradeDateOrContractMonth='20260618', strike=7500.0, right='C', multiplier='100', exchange='SMART', currency='USD', localSymbol='SPXW  260618C07500000', tradingClass='SPXW'), order=LimitOrder(orderId=56, clientId=111, action='BUY', totalQuantity=1, lmtPrice=31.95, tif='DAY'), orderStatus=OrderStatus(orderId=56, status='PendingCancel', filled=0.0, remaining=0.0, avgFillPrice=0.0, permId=0, parentId=0, lastFillPrice=0.0, clientId=0, whyHeld='', mktCapPrice=0.0), fills=[], log=[TradeLogEntry(time=datetime.datetime(2026, 6, 17, 18, 50, 26, 75877, tzinfo=datetime.timezone.utc), status='PendingSubmit', message='', errorCode=0), TradeLogEntry(time=datetime.datetime(2026, 6, 17, 18, 50, 31, 87666, tzinfo=datetime.timezone.utc), status='PendingCancel', message='', errorCode=0)], advancedError='')
2026-06-17 13:50:31 [ERROR] Error 10147, reqId 56: OrderId 56 that needs to be cancelled is not found.
2026-06-17 13:50:31 [WARNING] Canceled order: Trade(contract=Option(conId=846738695, symbol='SPX', lastTradeDateOrContractMonth='20260618', strike=7500.0, right='C', multiplier='100', exchange='SMART', currency='USD', localSymbol='SPXW  260618C07500000', tradingClass='SPXW'), order=LimitOrder(orderId=56, clientId=111, action='BUY', totalQuantity=1, lmtPrice=31.95, tif='DAY'), orderStatus=OrderStatus(orderId=56, status='Cancelled', filled=0.0, remaining=0.0, avgFillPrice=0.0, permId=0, parentId=0, lastFillPrice=0.0, clientId=0, whyHeld='', mktCapPrice=0.0), fills=[], log=[TradeLogEntry(time=datetime.datetime(2026, 6, 17, 18, 50, 26, 75877, tzinfo=datetime.timezone.utc), status='PendingSubmit', message='', errorCode=0), TradeLogEntry(time=datetime.datetime(2026, 6, 17, 18, 50, 31, 87666, tzinfo=datetime.timezone.utc), status='PendingCancel', message='', errorCode=0), TradeLogEntry(time=datetime.datetime(2026, 6, 17, 18, 50, 31, 89665, tzinfo=datetime.timezone.utc), status='Cancelled', message='Error 10147, reqId 56: OrderId 56 that needs to be cancelled is not found.', errorCode=10147)], advancedError='')
2026-06-17 13:50:32 [WARNING] [executor] ^GSPC: unfilled on attempt 2, retrying
2026-06-17 13:50:34 [INFO] placeOrder: New order Trade(contract=Option(conId=846738695, symbol='SPX', lastTradeDateOrContractMonth='20260618', strike=7500.0, right='C', multiplier='100', exchange='SMART', currency='USD', localSymbol='SPXW  260618C07500000', tradingClass='SPXW'), order=LimitOrder(orderId=58, clientId=111, action='BUY', totalQuantity=1, lmtPrice=31.55, tif='DAY'), orderStatus=OrderStatus(orderId=58, status='PendingSubmit', filled=0.0, remaining=0.0, avgFillPrice=0.0, permId=0, parentId=0, lastFillPrice=0.0, clientId=0, whyHeld='', mktCapPrice=0.0), fills=[], log=[TradeLogEntry(time=datetime.datetime(2026, 6, 17, 18, 50, 34, 244151, tzinfo=datetime.timezone.utc), status='PendingSubmit', message='', errorCode=0)], advancedError='')
2026-06-17 13:50:34 [INFO] [executor] ^GSPC: limit@mid $31.55  bid=$31.40 ask=$31.70  (attempt 3)
2026-06-17 13:50:34 [INFO] Warning 110, reqId 58: The price does not conform to the minimum price variation for this contract.
2026-06-17 13:50:39 [INFO] cancelOrder: Trade(contract=Option(conId=846738695, symbol='SPX', lastTradeDateOrContractMonth='20260618', strike=7500.0, right='C', multiplier='100', exchange='SMART', currency='USD', localSymbol='SPXW  260618C07500000', tradingClass='SPXW'), order=LimitOrder(orderId=58, clientId=111, action='BUY', totalQuantity=1, lmtPrice=31.55, tif='DAY'), orderStatus=OrderStatus(orderId=58, status='PendingCancel', filled=0.0, remaining=0.0, avgFillPrice=0.0, permId=0, parentId=0, lastFillPrice=0.0, clientId=0, whyHeld='', mktCapPrice=0.0), fills=[], log=[TradeLogEntry(time=datetime.datetime(2026, 6, 17, 18, 50, 34, 244151, tzinfo=datetime.timezone.utc), status='PendingSubmit', message='', errorCode=0), TradeLogEntry(time=datetime.datetime(2026, 6, 17, 18, 50, 39, 301261, tzinfo=datetime.timezone.utc), status='PendingCancel', message='', errorCode=0)], advancedError='')
2026-06-17 13:50:39 [ERROR] Error 10147, reqId 58: OrderId 58 that needs to be cancelled is not found.
2026-06-17 13:50:39 [WARNING] Canceled order: Trade(contract=Option(conId=846738695, symbol='SPX', lastTradeDateOrContractMonth='20260618', strike=7500.0, right='C', multiplier='100', exchange='SMART', currency='USD', localSymbol='SPXW  260618C07500000', tradingClass='SPXW'), order=LimitOrder(orderId=58, clientId=111, action='BUY', totalQuantity=1, lmtPrice=31.55, tif='DAY'), orderStatus=OrderStatus(orderId=58, status='Cancelled', filled=0.0, remaining=0.0, avgFillPrice=0.0, permId=0, parentId=0, lastFillPrice=0.0, clientId=0, whyHeld='', mktCapPrice=0.0), fills=[], log=[TradeLogEntry(time=datetime.datetime(2026, 6, 17, 18, 50, 34, 244151, tzinfo=datetime.timezone.utc), status='PendingSubmit', message='', errorCode=0), TradeLogEntry(time=datetime.datetime(2026, 6, 17, 18, 50, 39, 301261, tzinfo=datetime.timezone.utc), status='PendingCancel', message='', errorCode=0), TradeLogEntry(time=datetime.datetime(2026, 6, 17, 18, 50, 39, 303743, tzinfo=datetime.timezone.utc), status='Cancelled', message='Error 10147, reqId 58: OrderId 58 that needs to be cancelled is not found.', errorCode=10147)], advancedError='')
2026-06-17 13:50:40 [WARNING] [executor] ^GSPC: unfilled on attempt 3, retrying
2026-06-17 13:50:48 [INFO] placeOrder: New order Trade(contract=Option(conId=846738695, symbol='SPX', lastTradeDateOrContractMonth='20260618', strike=7500.0, right='C', multiplier='100', exchange='SMART', currency='USD', localSymbol='SPXW  260618C07500000', tradingClass='SPXW'), order=LimitOrder(orderId=60, clientId=111, action='BUY', totalQuantity=1, lmtPrice=30.9, tif='DAY'), orderStatus=OrderStatus(orderId=60, status='PendingSubmit', filled=0.0, remaining=0.0, avgFillPrice=0.0, permId=0, parentId=0, lastFillPrice=0.0, clientId=0, whyHeld='', mktCapPrice=0.0), fills=[], log=[TradeLogEntry(time=datetime.datetime(2026, 6, 17, 18, 50, 48, 283370, tzinfo=datetime.timezone.utc), status='PendingSubmit', message='', errorCode=0)], advancedError='')
2026-06-17 13:50:48 [INFO] [executor] ^GSPC: limit@ask $30.90  bid=$30.50 ask=$30.90  (attempt 4)
2026-06-17 13:50:49 [INFO] updatePortfolio: PortfolioItem(contract=Option(conId=889107284, symbol='TSLA', lastTradeDateOrContractMonth='20260617', strike=397.5, right='P', multiplier='100', primaryExchange='AMEX', currency='USD', localSymbol='TSLA  260617P00397500', tradingClass='TSLA'), position=1.0, marketPrice=0.13, marketValue=13.0, averageCost=276.03825, unrealizedPNL=-263.04, realizedPNL=0.0, account='DUO335202')
2026-06-17 13:50:53 [INFO] cancelOrder: Trade(contract=Option(conId=846738695, symbol='SPX', lastTradeDateOrContractMonth='20260618', strike=7500.0, right='C', multiplier='100', exchange='SMART', currency='USD', localSymbol='SPXW  260618C07500000', tradingClass='SPXW'), order=LimitOrder(orderId=60, clientId=111, action='BUY', totalQuantity=1, lmtPrice=30.9, tif='DAY'), orderStatus=OrderStatus(orderId=60, status='PendingCancel', filled=0.0, remaining=0.0, avgFillPrice=0.0, permId=0, parentId=0, lastFillPrice=0.0, clientId=0, whyHeld='', mktCapPrice=0.0), fills=[], log=[TradeLogEntry(time=datetime.datetime(2026, 6, 17, 18, 50, 48, 283370, tzinfo=datetime.timezone.utc), status='PendingSubmit', message='', errorCode=0), TradeLogEntry(time=datetime.datetime(2026, 6, 17, 18, 50, 53, 352375, tzinfo=datetime.timezone.utc), status='PendingCancel', message='', errorCode=0)], advancedError='')
2026-06-17 13:50:54 [WARNING] [executor] ^GSPC: unfilled on attempt 4, retrying
2026-06-17 13:50:54 [INFO] placeOrder: New order Trade(contract=Option(conId=846738695, symbol='SPX', lastTradeDateOrContractMonth='20260618', strike=7500.0, right='C', multiplier='100', exchange='SMART', currency='USD', localSymbol='SPXW  260618C07500000', tradingClass='SPXW'), order=LimitOrder(orderId=62, clientId=111, action='BUY', totalQuantity=1, lmtPrice=30.5, tif='DAY'), orderStatus=OrderStatus(orderId=62, status='PendingSubmit', filled=0.0, remaining=0.0, avgFillPrice=0.0, permId=0, parentId=0, lastFillPrice=0.0, clientId=0, whyHeld='', mktCapPrice=0.0), fills=[], log=[TradeLogEntry(time=datetime.datetime(2026, 6, 17, 18, 50, 54, 648287, tzinfo=datetime.timezone.utc), status='PendingSubmit', message='', errorCode=0)], advancedError='')
2026-06-17 13:50:54 [INFO] [executor] ^GSPC: limit@ask $30.50  bid=$30.30 ask=$30.50  (attempt 5)
2026-06-17 13:50:55 [INFO] orderStatus: Trade(contract=Option(conId=846738695, symbol='SPX', lastTradeDateOrContractMonth='20260618', strike=7500.0, right='C', multiplier='100', exchange='SMART', currency='USD', localSymbol='SPXW  260618C07500000', tradingClass='SPXW'), order=LimitOrder(orderId=62, clientId=111, permId=1197299315, action='BUY', totalQuantity=1.0, lmtPrice=30.5, auxPrice=0.0, tif='DAY'), orderStatus=OrderStatus(orderId=62, status='PreSubmitted', filled=0.0, remaining=1.0, avgFillPrice=0.0, permId=1197299315, parentId=0, lastFillPrice=0.0, clientId=111, whyHeld='', mktCapPrice=0.0), fills=[], log=[TradeLogEntry(time=datetime.datetime(2026, 6, 17, 18, 50, 54, 648287, tzinfo=datetime.timezone.utc), status='PendingSubmit', message='', errorCode=0), TradeLogEntry(time=datetime.datetime(2026, 6, 17, 18, 50, 55, 750738, tzinfo=datetime.timezone.utc), status='PreSubmitted', message='', errorCode=0)], advancedError='')
2026-06-17 13:50:59 [INFO] cancelOrder: Trade(contract=Option(conId=846738695, symbol='SPX', lastTradeDateOrContractMonth='20260618', strike=7500.0, right='C', multiplier='100', exchange='SMART', currency='USD', localSymbol='SPXW  260618C07500000', tradingClass='SPXW'), order=LimitOrder(orderId=62, clientId=111, permId=1197299315, action='BUY', totalQuantity=1.0, lmtPrice=30.5, auxPrice=0.0, tif='DAY'), orderStatus=OrderStatus(orderId=62, status='PendingCancel', filled=0.0, remaining=1.0, avgFillPrice=0.0, permId=1197299315, parentId=0, lastFillPrice=0.0, clientId=111, whyHeld='', mktCapPrice=0.0), fills=[], log=[TradeLogEntry(time=datetime.datetime(2026, 6, 17, 18, 50, 54, 648287, tzinfo=datetime.timezone.utc), status='PendingSubmit', message='', errorCode=0), TradeLogEntry(time=datetime.datetime(2026, 6, 17, 18, 50, 55, 750738, tzinfo=datetime.timezone.utc), status='PreSubmitted', message='', errorCode=0), TradeLogEntry(time=datetime.datetime(2026, 6, 17, 18, 50, 59, 664341, tzinfo=datetime.timezone.utc), status='PendingCancel', message='', errorCode=0)], advancedError='')
2026-06-17 13:51:00 [WARNING] [executor] ^GSPC: unfilled on attempt 5, retrying
2026-06-17 13:51:00 [INFO] placeOrder: New order Trade(contract=Option(conId=846738695, symbol='SPX', lastTradeDateOrContractMonth='20260618', strike=7500.0, right='C', multiplier='100', exchange='SMART', currency='USD', localSymbol='SPXW  260618C07500000', tradingClass='SPXW'), order=LimitOrder(orderId=64, clientId=111, action='BUY', totalQuantity=1, lmtPrice=30.4, tif='DAY'), orderStatus=OrderStatus(orderId=64, status='PendingSubmit', filled=0.0, remaining=0.0, avgFillPrice=0.0, permId=0, parentId=0, lastFillPrice=0.0, clientId=0, whyHeld='', mktCapPrice=0.0), fills=[], log=[TradeLogEntry(time=datetime.datetime(2026, 6, 17, 18, 51, 0, 684786, tzinfo=datetime.timezone.utc), status='PendingSubmit', message='', errorCode=0)], advancedError='')
2026-06-17 13:51:00 [INFO] [executor] ^GSPC: limit@ask $30.40  bid=$30.10 ask=$30.40  (attempt 6)
2026-06-17 13:51:01 [INFO] orderStatus: Trade(contract=Option(conId=846738695, symbol='SPX', lastTradeDateOrContractMonth='20260618', strike=7500.0, right='C', multiplier='100', exchange='SMART', currency='USD', localSymbol='SPXW  260618C07500000', tradingClass='SPXW'), order=LimitOrder(orderId=64, clientId=111, permId=1197299316, action='BUY', totalQuantity=1.0, lmtPrice=30.4, auxPrice=0.0, tif='DAY'), orderStatus=OrderStatus(orderId=64, status='PreSubmitted', filled=0.0, remaining=1.0, avgFillPrice=0.0, permId=1197299316, parentId=0, lastFillPrice=0.0, clientId=111, whyHeld='', mktCapPrice=0.0), fills=[], log=[TradeLogEntry(time=datetime.datetime(2026, 6, 17, 18, 51, 0, 684786, tzinfo=datetime.timezone.utc), status='PendingSubmit', message='', errorCode=0), TradeLogEntry(time=datetime.datetime(2026, 6, 17, 18, 51, 1, 152553, tzinfo=datetime.timezone.utc), status='PreSubmitted', message='', errorCode=0)], advancedError='')
2026-06-17 13:51:05 [INFO] cancelOrder: Trade(contract=Option(conId=846738695, symbol='SPX', lastTradeDateOrContractMonth='20260618', strike=7500.0, right='C', multiplier='100', exchange='SMART', currency='USD', localSymbol='SPXW  260618C07500000', tradingClass='SPXW'), order=LimitOrder(orderId=64, clientId=111, permId=1197299316, action='BUY', totalQuantity=1.0, lmtPrice=30.4, auxPrice=0.0, tif='DAY'), orderStatus=OrderStatus(orderId=64, status='PendingCancel', filled=0.0, remaining=1.0, avgFillPrice=0.0, permId=1197299316, parentId=0, lastFillPrice=0.0, clientId=111, whyHeld='', mktCapPrice=0.0), fills=[], log=[TradeLogEntry(time=datetime.datetime(2026, 6, 17, 18, 51, 0, 684786, tzinfo=datetime.timezone.utc), status='PendingSubmit', message='', errorCode=0), TradeLogEntry(time=datetime.datetime(2026, 6, 17, 18, 51, 1, 152553, tzinfo=datetime.timezone.utc), status='PreSubmitted', message='', errorCode=0), TradeLogEntry(time=datetime.datetime(2026, 6, 17, 18, 51, 5, 707305, tzinfo=datetime.timezone.utc), status='PendingCancel', message='', errorCode=0)], advancedError='')
2026-06-17 13:51:06 [WARNING] [executor] ^GSPC: unfilled on attempt 6, retrying
2026-06-17 13:51:06 [WARNING] [executor] ^GSPC: all limit attempts failed — last resort market order
2026-06-17 13:51:06 [INFO] placeOrder: New order Trade(contract=Option(conId=846738695, symbol='SPX', lastTradeDateOrContractMonth='20260618', strike=7500.0, right='C', multiplier='100', exchange='SMART', currency='USD', localSymbol='SPXW  260618C07500000', tradingClass='SPXW'), order=MarketOrder(orderId=65, clientId=111, action='BUY', totalQuantity=1, tif='DAY'), orderStatus=OrderStatus(orderId=65, status='PendingSubmit', filled=0.0, remaining=0.0, avgFillPrice=0.0, permId=0, parentId=0, lastFillPrice=0.0, clientId=0, whyHeld='', mktCapPrice=0.0), fills=[], log=[TradeLogEntry(time=datetime.datetime(2026, 6, 17, 18, 51, 6, 719304, tzinfo=datetime.timezone.utc), status='PendingSubmit', message='', errorCode=0)], advancedError='')
2026-06-17 13:51:06 [INFO] [executor] ^GSPC: market order submitted
2026-06-17 13:51:06 [INFO] orderStatus: Trade(contract=Option(conId=846738695, symbol='SPX', lastTradeDateOrContractMonth='20260618', strike=7500.0, right='C', multiplier='100', exchange='SMART', currency='USD', localSymbol='SPXW  260618C07500000', tradingClass='SPXW'), order=LimitOrder(orderId=64, clientId=111, permId=1197299316, action='BUY', totalQuantity=1.0, lmtPrice=30.4, auxPrice=0.0, tif='DAY'), orderStatus=OrderStatus(orderId=64, status='Cancelled', filled=0.0, remaining=1.0, avgFillPrice=0.0, permId=1197299316, parentId=0, lastFillPrice=0.0, clientId=111, whyHeld='', mktCapPrice=0.0), fills=[], log=[TradeLogEntry(time=datetime.datetime(2026, 6, 17, 18, 51, 0, 684786, tzinfo=datetime.timezone.utc), status='PendingSubmit', message='', errorCode=0), TradeLogEntry(time=datetime.datetime(2026, 6, 17, 18, 51, 1, 152553, tzinfo=datetime.timezone.utc), status='PreSubmitted', message='', errorCode=0), TradeLogEntry(time=datetime.datetime(2026, 6, 17, 18, 51, 5, 707305, tzinfo=datetime.timezone.utc), status='PendingCancel', message='', errorCode=0), TradeLogEntry(time=datetime.datetime(2026, 6, 17, 18, 51, 6, 887457, tzinfo=datetime.timezone.utc), status='Cancelled', message='', errorCode=0)], advancedError='')
2026-06-17 13:51:06 [INFO] Warning 202, reqId 64: Order Canceled - reason:
2026-06-17 13:51:09 [INFO] orderStatus: Trade(contract=Option(conId=846738695, symbol='SPX', lastTradeDateOrContractMonth='20260618', strike=7500.0, right='C', multiplier='100', exchange='SMART', currency='USD', localSymbol='SPXW  260618C07500000', tradingClass='SPXW'), order=LimitOrder(orderId=62, clientId=111, permId=1197299315, action='BUY', totalQuantity=1.0, lmtPrice=30.5, auxPrice=0.0, tif='DAY'), orderStatus=OrderStatus(orderId=62, status='Cancelled', filled=0.0, remaining=1.0, avgFillPrice=0.0, permId=1197299315, parentId=0, lastFillPrice=0.0, clientId=111, whyHeld='', mktCapPrice=0.0), fills=[], log=[TradeLogEntry(time=datetime.datetime(2026, 6, 17, 18, 50, 54, 648287, tzinfo=datetime.timezone.utc), status='PendingSubmit', message='', errorCode=0), TradeLogEntry(time=datetime.datetime(2026, 6, 17, 18, 50, 55, 750738, tzinfo=datetime.timezone.utc), status='PreSubmitted', message='', errorCode=0), TradeLogEntry(time=datetime.datetime(2026, 6, 17, 18, 50, 59, 664341, tzinfo=datetime.timezone.utc), status='PendingCancel', message='', errorCode=0), TradeLogEntry(time=datetime.datetime(2026, 6, 17, 18, 51, 9, 944564, tzinfo=datetime.timezone.utc), status='Cancelled', message='', errorCode=0)], advancedError='')
2026-06-17 13:51:09 [INFO] Warning 202, reqId 62: Order Canceled - reason:
2026-06-17 13:51:14 [INFO] Combined alert sent
2026-06-17 14:35:06 [INFO] Combined alert sent
