2026-06-16 08:28:01 [INFO] Connecting to 127.0.0.1:4002 with clientId 111...
2026-06-16 08:28:01 [INFO] Connected
2026-06-16 08:28:01 [INFO] Logged on to server version 176
2026-06-16 08:28:01 [INFO] Warning 2104, reqId -1: Market data farm connection is OK:usopt
2026-06-16 08:28:01 [INFO] Warning 2104, reqId -1: Market data farm connection is OK:usfarm
2026-06-16 08:28:01 [INFO] Warning 2107, reqId -1: HMDS data farm connection is inactive but should be available upon demand.ushmds
2026-06-16 08:28:01 [INFO] Warning 2158, reqId -1: Sec-def data farm connection is OK:secdefil
2026-06-16 08:28:01 [INFO] API connection ready
2026-06-16 08:28:01 [INFO] Synchronization complete
2026-06-16 08:28:01 [INFO] [executor] Connected to IB TWS/Gateway
2026-06-16 08:28:01 [INFO] INSANE Alert Engine started (5m) -- MR + ORB-Slope strategy
2026-06-16 08:30:03 [INFO] TSLA: 0 session bars — waiting for ORB warmup
2026-06-16 08:30:05 [INFO] SPY: 0 session bars — waiting for ORB warmup
2026-06-16 08:30:06 [INFO] ^GSPC: 0 session bars — waiting for ORB warmup
2026-06-16 08:35:03 [INFO] TSLA: 1 session bars — waiting for ORB warmup
2026-06-16 08:35:05 [INFO] SPY: 1 session bars — waiting for ORB warmup
2026-06-16 08:35:06 [INFO] ^GSPC: 1 session bars — waiting for ORB warmup
2026-06-16 08:40:03 [INFO] TSLA: 2 session bars — waiting for ORB warmup
2026-06-16 08:40:05 [INFO] SPY: 2 session bars — waiting for ORB warmup
2026-06-16 08:40:05 [INFO] ^GSPC: 2 session bars — waiting for ORB warmup
2026-06-16 08:45:03 [INFO] TSLA: 3 session bars — waiting for ORB warmup
2026-06-16 08:45:05 [INFO] SPY: 3 session bars — waiting for ORB warmup
2026-06-16 08:45:06 [INFO] ^GSPC: 3 session bars — waiting for ORB warmup
2026-06-16 08:50:03 [INFO] TSLA: 4 session bars — waiting for ORB warmup
2026-06-16 08:50:14 [ERROR] 
1 Failed download:
2026-06-16 08:50:14 [ERROR] ['SPY']: Timeout('Failed to perform, curl: (28) Connection timed out after 10006 milliseconds. See https://curl.se/libcurl/c/libcurl-errors.html first for more details.')
2026-06-16 08:50:14 [INFO] SPY: 4 session bars — waiting for ORB warmup
2026-06-16 08:50:15 [INFO] ^GSPC: 4 session bars — waiting for ORB warmup
2026-06-16 08:55:03 [INFO] Warning 2103, reqId -1: Market data farm connection is broken:usfarm
2026-06-16 08:55:03 [INFO] Warning 2103, reqId -1: Market data farm connection is broken:usopt
2026-06-16 08:55:03 [INFO] Warning 2104, reqId -1: Market data farm connection is OK:usopt
2026-06-16 08:55:03 [INFO] Warning 2119, reqId -1: Market data farm is connecting:usfarm
2026-06-16 08:55:03 [INFO] Warning 2104, reqId -1: Market data farm connection is OK:usfarm
2026-06-16 08:55:03 [INFO] [executor] TSLA: underlying price $410.11
2026-06-16 08:55:03 [INFO] [executor] TSLA: using chain tradingClass=TSLA 24 expirations, 221 strikes
2026-06-16 08:55:04 [INFO] placeOrder: New order Trade(contract=Option(conId=888605060, symbol='TSLA', lastTradeDateOrContractMonth='20260617', strike=410.0, right='C', multiplier='100', exchange='SMART', currency='USD', localSymbol='TSLA  260617C00410000', tradingClass='TSLA'), order=LimitOrder(orderId=18, clientId=111, action='BUY', totalQuantity=1, lmtPrice=5.65, tif='DAY'), orderStatus=OrderStatus(orderId=18, status='PendingSubmit', filled=0.0, remaining=0.0, avgFillPrice=0.0, permId=0, parentId=0, lastFillPrice=0.0, clientId=0, whyHeld='', mktCapPrice=0.0), fills=[], log=[TradeLogEntry(time=datetime.datetime(2026, 6, 16, 13, 55, 4, 83056, tzinfo=datetime.timezone.utc), status='PendingSubmit', message='', errorCode=0)], advancedError='')
2026-06-16 08:55:04 [INFO] [executor] TSLA: limit@mid $5.65  bid=$5.60 ask=$5.70  (attempt 1)
2026-06-16 08:55:04 [INFO] orderStatus: Trade(contract=Option(conId=888605060, symbol='TSLA', lastTradeDateOrContractMonth='20260617', strike=410.0, right='C', multiplier='100', exchange='SMART', currency='USD', localSymbol='TSLA  260617C00410000', tradingClass='TSLA'), order=LimitOrder(orderId=18, clientId=111, permId=1021225544, action='BUY', totalQuantity=1.0, lmtPrice=5.65, auxPrice=0.0, tif='DAY'), orderStatus=OrderStatus(orderId=18, status='Submitted', filled=0.0, remaining=1.0, avgFillPrice=0.0, permId=1021225544, parentId=0, lastFillPrice=0.0, clientId=111, whyHeld='', mktCapPrice=0.0), fills=[], log=[TradeLogEntry(time=datetime.datetime(2026, 6, 16, 13, 55, 4, 83056, tzinfo=datetime.timezone.utc), status='PendingSubmit', message='', errorCode=0), TradeLogEntry(time=datetime.datetime(2026, 6, 16, 13, 55, 4, 297264, tzinfo=datetime.timezone.utc), status='Submitted', message='', errorCode=0)], advancedError='')
2026-06-16 08:55:09 [INFO] cancelOrder: Trade(contract=Option(conId=888605060, symbol='TSLA', lastTradeDateOrContractMonth='20260617', strike=410.0, right='C', multiplier='100', exchange='SMART', currency='USD', localSymbol='TSLA  260617C00410000', tradingClass='TSLA'), order=LimitOrder(orderId=18, clientId=111, permId=1021225544, action='BUY', totalQuantity=1.0, lmtPrice=5.65, auxPrice=0.0, tif='DAY'), orderStatus=OrderStatus(orderId=18, status='PendingCancel', filled=0.0, remaining=1.0, avgFillPrice=0.0, permId=1021225544, parentId=0, lastFillPrice=0.0, clientId=111, whyHeld='', mktCapPrice=0.0), fills=[], log=[TradeLogEntry(time=datetime.datetime(2026, 6, 16, 13, 55, 4, 83056, tzinfo=datetime.timezone.utc), status='PendingSubmit', message='', errorCode=0), TradeLogEntry(time=datetime.datetime(2026, 6, 16, 13, 55, 4, 297264, tzinfo=datetime.timezone.utc), status='Submitted', message='', errorCode=0), TradeLogEntry(time=datetime.datetime(2026, 6, 16, 13, 55, 9, 134932, tzinfo=datetime.timezone.utc), status='PendingCancel', message='', errorCode=0)], advancedError='')
2026-06-16 08:55:09 [INFO] orderStatus: Trade(contract=Option(conId=888605060, symbol='TSLA', lastTradeDateOrContractMonth='20260617', strike=410.0, right='C', multiplier='100', exchange='SMART', currency='USD', localSymbol='TSLA  260617C00410000', tradingClass='TSLA'), order=LimitOrder(orderId=18, clientId=111, permId=1021225544, action='BUY', totalQuantity=1.0, lmtPrice=5.65, auxPrice=0.0, tif='DAY'), orderStatus=OrderStatus(orderId=18, status='Cancelled', filled=0.0, remaining=1.0, avgFillPrice=0.0, permId=1021225544, parentId=0, lastFillPrice=0.0, clientId=111, whyHeld='', mktCapPrice=0.0), fills=[], log=[TradeLogEntry(time=datetime.datetime(2026, 6, 16, 13, 55, 4, 83056, tzinfo=datetime.timezone.utc), status='PendingSubmit', message='', errorCode=0), TradeLogEntry(time=datetime.datetime(2026, 6, 16, 13, 55, 4, 297264, tzinfo=datetime.timezone.utc), status='Submitted', message='', errorCode=0), TradeLogEntry(time=datetime.datetime(2026, 6, 16, 13, 55, 9, 134932, tzinfo=datetime.timezone.utc), status='PendingCancel', message='', errorCode=0), TradeLogEntry(time=datetime.datetime(2026, 6, 16, 13, 55, 9, 311293, tzinfo=datetime.timezone.utc), status='Cancelled', message='', errorCode=0)], advancedError='')
2026-06-16 08:55:09 [INFO] Warning 202, reqId 18: Order Canceled - reason:
2026-06-16 08:55:10 [WARNING] [executor] TSLA: unfilled on attempt 1, retrying
2026-06-16 08:55:10 [INFO] placeOrder: New order Trade(contract=Option(conId=888605060, symbol='TSLA', lastTradeDateOrContractMonth='20260617', strike=410.0, right='C', multiplier='100', exchange='SMART', currency='USD', localSymbol='TSLA  260617C00410000', tradingClass='TSLA'), order=LimitOrder(orderId=20, clientId=111, action='BUY', totalQuantity=1, lmtPrice=5.88, tif='DAY'), orderStatus=OrderStatus(orderId=20, status='PendingSubmit', filled=0.0, remaining=0.0, avgFillPrice=0.0, permId=0, parentId=0, lastFillPrice=0.0, clientId=0, whyHeld='', mktCapPrice=0.0), fills=[], log=[TradeLogEntry(time=datetime.datetime(2026, 6, 16, 13, 55, 10, 210488, tzinfo=datetime.timezone.utc), status='PendingSubmit', message='', errorCode=0)], advancedError='')
2026-06-16 08:55:10 [INFO] [executor] TSLA: limit@mid $5.88  bid=$5.80 ask=$5.95  (attempt 2)
2026-06-16 08:55:10 [INFO] orderStatus: Trade(contract=Option(conId=888605060, symbol='TSLA', lastTradeDateOrContractMonth='20260617', strike=410.0, right='C', multiplier='100', exchange='SMART', currency='USD', localSymbol='TSLA  260617C00410000', tradingClass='TSLA'), order=LimitOrder(orderId=20, clientId=111, permId=1021225545, action='BUY', totalQuantity=1.0, lmtPrice=5.88, auxPrice=0.0, tif='DAY'), orderStatus=OrderStatus(orderId=20, status='Submitted', filled=0.0, remaining=1.0, avgFillPrice=0.0, permId=1021225545, parentId=0, lastFillPrice=0.0, clientId=111, whyHeld='', mktCapPrice=0.0), fills=[], log=[TradeLogEntry(time=datetime.datetime(2026, 6, 16, 13, 55, 10, 210488, tzinfo=datetime.timezone.utc), status='PendingSubmit', message='', errorCode=0), TradeLogEntry(time=datetime.datetime(2026, 6, 16, 13, 55, 10, 334966, tzinfo=datetime.timezone.utc), status='Submitted', message='', errorCode=0)], advancedError='')
2026-06-16 08:55:11 [INFO] position: Position(account='DUO335202', contract=Option(conId=888605060, symbol='TSLA', lastTradeDateOrContractMonth='20260617', strike=410.0, right='C', multiplier='100', currency='USD', localSymbol='TSLA  260617C00410000', tradingClass='TSLA'), position=1.0, avgCost=588.0)
2026-06-16 08:55:11 [INFO] execDetails Execution(execId='0001938b.6a30d6ed.01.01', time=datetime.datetime(2026, 6, 16, 18, 55, 11, tzinfo=datetime.timezone.utc), acctNumber='DUO335202', exchange='BATS', side='BOT', shares=1.0, price=5.88, permId=1021225545, clientId=111, orderId=20, liquidation=0, cumQty=1.0, avgPrice=5.88, orderRef='', evRule='', evMultiplier=0.0, modelCode='', lastLiquidity=1)
2026-06-16 08:55:11 [INFO] execDetails: Fill(contract=Option(conId=888605060, symbol='TSLA', lastTradeDateOrContractMonth='20260617', strike=410.0, right='C', multiplier='100', exchange='SMART', currency='USD', localSymbol='TSLA  260617C00410000', tradingClass='TSLA'), execution=Execution(execId='0001938b.6a30d6ed.01.01', time=datetime.datetime(2026, 6, 16, 18, 55, 11, tzinfo=datetime.timezone.utc), acctNumber='DUO335202', exchange='BATS', side='BOT', shares=1.0, price=5.88, permId=1021225545, clientId=111, orderId=20, liquidation=0, cumQty=1.0, avgPrice=5.88, orderRef='', evRule='', evMultiplier=0.0, modelCode='', lastLiquidity=1), commissionReport=CommissionReport(execId='', commission=0.0, currency='', realizedPNL=0.0, yield_=0.0, yieldRedemptionDate=0), time=datetime.datetime(2026, 6, 16, 13, 55, 11, 114973, tzinfo=datetime.timezone.utc))
2026-06-16 08:55:11 [INFO] orderStatus: Trade(contract=Option(conId=888605060, symbol='TSLA', lastTradeDateOrContractMonth='20260617', strike=410.0, right='C', multiplier='100', exchange='SMART', currency='USD', localSymbol='TSLA  260617C00410000', tradingClass='TSLA'), order=LimitOrder(orderId=20, clientId=111, permId=1021225545, action='BUY', totalQuantity=1.0, lmtPrice=5.88, auxPrice=0.0, tif='DAY'), orderStatus=OrderStatus(orderId=20, status='Filled', filled=1.0, remaining=0.0, avgFillPrice=5.88, permId=1021225545, parentId=0, lastFillPrice=5.88, clientId=111, whyHeld='', mktCapPrice=0.0), fills=[Fill(contract=Option(conId=888605060, symbol='TSLA', lastTradeDateOrContractMonth='20260617', strike=410.0, right='C', multiplier='100', exchange='SMART', currency='USD', localSymbol='TSLA  260617C00410000', tradingClass='TSLA'), execution=Execution(execId='0001938b.6a30d6ed.01.01', time=datetime.datetime(2026, 6, 16, 18, 55, 11, tzinfo=datetime.timezone.utc), acctNumber='DUO335202', exchange='BATS', side='BOT', shares=1.0, price=5.88, permId=1021225545, clientId=111, orderId=20, liquidation=0, cumQty=1.0, avgPrice=5.88, orderRef='', evRule='', evMultiplier=0.0, modelCode='', lastLiquidity=1), commissionReport=CommissionReport(execId='', commission=0.0, currency='', realizedPNL=0.0, yield_=0.0, yieldRedemptionDate=0), time=datetime.datetime(2026, 6, 16, 13, 55, 11, 114973, tzinfo=datetime.timezone.utc))], log=[TradeLogEntry(time=datetime.datetime(2026, 6, 16, 13, 55, 10, 210488, tzinfo=datetime.timezone.utc), status='PendingSubmit', message='', errorCode=0), TradeLogEntry(time=datetime.datetime(2026, 6, 16, 13, 55, 10, 334966, tzinfo=datetime.timezone.utc), status='Submitted', message='', errorCode=0), TradeLogEntry(time=datetime.datetime(2026, 6, 16, 13, 55, 11, 114973, tzinfo=datetime.timezone.utc), status='Submitted', message='Fill 1.0@5.88', errorCode=0), TradeLogEntry(time=datetime.datetime(2026, 6, 16, 13, 55, 11, 115972, tzinfo=datetime.timezone.utc), status='Filled', message='', errorCode=0)], advancedError='')
2026-06-16 08:55:11 [INFO] commissionReport: CommissionReport(execId='0001938b.6a30d6ed.01.01', commission=0.79825, currency='USD', realizedPNL=0.0, yield_=0.0, yieldRedemptionDate=0)
2026-06-16 08:55:11 [INFO] position: Position(account='DUO335202', contract=Option(conId=888605060, symbol='TSLA', lastTradeDateOrContractMonth='20260617', strike=410.0, right='C', multiplier='100', currency='USD', localSymbol='TSLA  260617C00410000', tradingClass='TSLA'), position=1.0, avgCost=588.79825)
2026-06-16 08:55:11 [INFO] [executor] TSLA: filled at $5.88
2026-06-16 08:55:14 [INFO] Combined alert sent
2026-06-16 09:30:06 [INFO] Combined alert sent
2026-06-16 10:50:03 [INFO] updatePortfolio: PortfolioItem(contract=Option(conId=888605060, symbol='TSLA', lastTradeDateOrContractMonth='20260617', strike=410.0, right='C', multiplier='100', primaryExchange='AMEX', currency='USD', localSymbol='TSLA  260617C00410000', tradingClass='TSLA'), position=1.0, marketPrice=5.88763905, marketValue=588.76, averageCost=588.79825, unrealizedPNL=-0.03, realizedPNL=0.0, account='DUO335202')
2026-06-16 10:50:03 [INFO] updatePortfolio: PortfolioItem(contract=Option(conId=888605060, symbol='TSLA', lastTradeDateOrContractMonth='20260617', strike=410.0, right='C', multiplier='100', primaryExchange='AMEX', currency='USD', localSymbol='TSLA  260617C00410000', tradingClass='TSLA'), position=1.0, marketPrice=6.2177787, marketValue=621.78, averageCost=588.79825, unrealizedPNL=32.98, realizedPNL=0.0, account='DUO335202')
2026-06-16 10:50:03 [INFO] position: Position(account='DUO335202', contract=Option(conId=888605060, symbol='TSLA', lastTradeDateOrContractMonth='20260617', strike=410.0, right='C', multiplier='100', currency='USD', localSymbol='TSLA  260617C00410000', tradingClass='TSLA'), position=1.0, avgCost=588.79825)
2026-06-16 10:50:03 [INFO] position: Position(account='DUO335202', contract=Option(conId=888605060, symbol='TSLA', lastTradeDateOrContractMonth='20260617', strike=410.0, right='C', multiplier='100', currency='USD', localSymbol='TSLA  260617C00410000', tradingClass='TSLA'), position=1.0, avgCost=588.79825)
2026-06-16 10:50:03 [INFO] updatePortfolio: PortfolioItem(contract=Option(conId=888605060, symbol='TSLA', lastTradeDateOrContractMonth='20260617', strike=410.0, right='C', multiplier='100', primaryExchange='AMEX', currency='USD', localSymbol='TSLA  260617C00410000', tradingClass='TSLA'), position=1.0, marketPrice=5.4614129, marketValue=546.14, averageCost=588.79825, unrealizedPNL=-42.66, realizedPNL=0.0, account='DUO335202')
2026-06-16 10:50:03 [INFO] updatePortfolio: PortfolioItem(contract=Option(conId=888605060, symbol='TSLA', lastTradeDateOrContractMonth='20260617', strike=410.0, right='C', multiplier='100', primaryExchange='AMEX', currency='USD', localSymbol='TSLA  260617C00410000', tradingClass='TSLA'), position=1.0, marketPrice=4.75, marketValue=475.0, averageCost=588.79825, unrealizedPNL=-113.8, realizedPNL=0.0, account='DUO335202')
2026-06-16 10:50:03 [INFO] updatePortfolio: PortfolioItem(contract=Option(conId=888605060, symbol='TSLA', lastTradeDateOrContractMonth='20260617', strike=410.0, right='C', multiplier='100', primaryExchange='AMEX', currency='USD', localSymbol='TSLA  260617C00410000', tradingClass='TSLA'), position=1.0, marketPrice=4.17828845, marketValue=417.83, averageCost=588.79825, unrealizedPNL=-170.97, realizedPNL=0.0, account='DUO335202')
2026-06-16 10:50:03 [INFO] updatePortfolio: PortfolioItem(contract=Option(conId=888605060, symbol='TSLA', lastTradeDateOrContractMonth='20260617', strike=410.0, right='C', multiplier='100', primaryExchange='AMEX', currency='USD', localSymbol='TSLA  260617C00410000', tradingClass='TSLA'), position=1.0, marketPrice=4.1235075, marketValue=412.35, averageCost=588.79825, unrealizedPNL=-176.45, realizedPNL=0.0, account='DUO335202')
2026-06-16 10:50:03 [INFO] updatePortfolio: PortfolioItem(contract=Option(conId=888605060, symbol='TSLA', lastTradeDateOrContractMonth='20260617', strike=410.0, right='C', multiplier='100', primaryExchange='AMEX', currency='USD', localSymbol='TSLA  260617C00410000', tradingClass='TSLA'), position=1.0, marketPrice=4.13690805, marketValue=413.69, averageCost=588.79825, unrealizedPNL=-175.11, realizedPNL=0.0, account='DUO335202')
2026-06-16 10:50:03 [INFO] updatePortfolio: PortfolioItem(contract=Option(conId=888605060, symbol='TSLA', lastTradeDateOrContractMonth='20260617', strike=410.0, right='C', multiplier='100', primaryExchange='AMEX', currency='USD', localSymbol='TSLA  260617C00410000', tradingClass='TSLA'), position=1.0, marketPrice=3.726171, marketValue=372.62, averageCost=588.79825, unrealizedPNL=-216.18, realizedPNL=0.0, account='DUO335202')
2026-06-16 10:50:03 [INFO] updatePortfolio: PortfolioItem(contract=Option(conId=888605060, symbol='TSLA', lastTradeDateOrContractMonth='20260617', strike=410.0, right='C', multiplier='100', primaryExchange='AMEX', currency='USD', localSymbol='TSLA  260617C00410000', tradingClass='TSLA'), position=1.0, marketPrice=3.4077592, marketValue=340.78, averageCost=588.79825, unrealizedPNL=-248.02, realizedPNL=0.0, account='DUO335202')
2026-06-16 10:50:03 [INFO] updatePortfolio: PortfolioItem(contract=Option(conId=888605060, symbol='TSLA', lastTradeDateOrContractMonth='20260617', strike=410.0, right='C', multiplier='100', primaryExchange='AMEX', currency='USD', localSymbol='TSLA  260617C00410000', tradingClass='TSLA'), position=1.0, marketPrice=3.1020105, marketValue=310.2, averageCost=588.79825, unrealizedPNL=-278.6, realizedPNL=0.0, account='DUO335202')
2026-06-16 10:50:03 [INFO] updatePortfolio: PortfolioItem(contract=Option(conId=888605060, symbol='TSLA', lastTradeDateOrContractMonth='20260617', strike=410.0, right='C', multiplier='100', primaryExchange='AMEX', currency='USD', localSymbol='TSLA  260617C00410000', tradingClass='TSLA'), position=1.0, marketPrice=2.6876161, marketValue=268.76, averageCost=588.79825, unrealizedPNL=-320.04, realizedPNL=0.0, account='DUO335202')
2026-06-16 10:50:03 [INFO] updatePortfolio: PortfolioItem(contract=Option(conId=888605060, symbol='TSLA', lastTradeDateOrContractMonth='20260617', strike=410.0, right='C', multiplier='100', primaryExchange='AMEX', currency='USD', localSymbol='TSLA  260617C00410000', tradingClass='TSLA'), position=1.0, marketPrice=2.55317235, marketValue=255.32, averageCost=588.79825, unrealizedPNL=-333.48, realizedPNL=0.0, account='DUO335202')
2026-06-16 10:50:03 [INFO] updatePortfolio: PortfolioItem(contract=Option(conId=888605060, symbol='TSLA', lastTradeDateOrContractMonth='20260617', strike=410.0, right='C', multiplier='100', primaryExchange='AMEX', currency='USD', localSymbol='TSLA  260617C00410000', tradingClass='TSLA'), position=1.0, marketPrice=2.56999995, marketValue=257.0, averageCost=588.79825, unrealizedPNL=-331.8, realizedPNL=0.0, account='DUO335202')
2026-06-16 10:50:03 [INFO] updatePortfolio: PortfolioItem(contract=Option(conId=888605060, symbol='TSLA', lastTradeDateOrContractMonth='20260617', strike=410.0, right='C', multiplier='100', primaryExchange='AMEX', currency='USD', localSymbol='TSLA  260617C00410000', tradingClass='TSLA'), position=1.0, marketPrice=2.2420912, marketValue=224.21, averageCost=588.79825, unrealizedPNL=-364.59, realizedPNL=0.0, account='DUO335202')
2026-06-16 10:50:03 [INFO] updatePortfolio: PortfolioItem(contract=Option(conId=888605060, symbol='TSLA', lastTradeDateOrContractMonth='20260617', strike=410.0, right='C', multiplier='100', primaryExchange='AMEX', currency='USD', localSymbol='TSLA  260617C00410000', tradingClass='TSLA'), position=1.0, marketPrice=2.29999995, marketValue=230.0, averageCost=588.79825, unrealizedPNL=-358.8, realizedPNL=0.0, account='DUO335202')
2026-06-16 10:50:03 [INFO] updatePortfolio: PortfolioItem(contract=Option(conId=888605060, symbol='TSLA', lastTradeDateOrContractMonth='20260617', strike=410.0, right='C', multiplier='100', primaryExchange='AMEX', currency='USD', localSymbol='TSLA  260617C00410000', tradingClass='TSLA'), position=1.0, marketPrice=2.463511, marketValue=246.35, averageCost=588.79825, unrealizedPNL=-342.45, realizedPNL=0.0, account='DUO335202')
2026-06-16 10:50:03 [INFO] updatePortfolio: PortfolioItem(contract=Option(conId=888605060, symbol='TSLA', lastTradeDateOrContractMonth='20260617', strike=410.0, right='C', multiplier='100', primaryExchange='AMEX', currency='USD', localSymbol='TSLA  260617C00410000', tradingClass='TSLA'), position=1.0, marketPrice=3.2305355, marketValue=323.05, averageCost=588.79825, unrealizedPNL=-265.74, realizedPNL=0.0, account='DUO335202')
2026-06-16 10:50:03 [INFO] Warning 2103, reqId -1: Market data farm connection is broken:usfarm
2026-06-16 10:50:03 [INFO] Warning 2103, reqId -1: Market data farm connection is broken:usopt
2026-06-16 10:50:03 [INFO] Warning 2104, reqId -1: Market data farm connection is OK:usopt
2026-06-16 10:50:03 [INFO] Warning 2119, reqId -1: Market data farm is connecting:usfarm
2026-06-16 10:50:03 [INFO] Warning 2104, reqId -1: Market data farm connection is OK:usfarm
2026-06-16 10:50:03 [ERROR] Error 10197, reqId 21: No market data during competing live session, contract: Option(conId=888605060, symbol='TSLA', lastTradeDateOrContractMonth='20260617', strike=410.0, right='C', multiplier='100', exchange='SMART', currency='USD', localSymbol='TSLA  260617C00410000', tradingClass='TSLA')
2026-06-16 10:50:03 [ERROR] Error 10197, reqId 21: No market data during competing live session, contract: Option(conId=888605060, symbol='TSLA', lastTradeDateOrContractMonth='20260617', strike=410.0, right='C', multiplier='100', exchange='SMART', currency='USD', localSymbol='TSLA  260617C00410000', tradingClass='TSLA')
2026-06-16 10:50:03 [INFO] updatePortfolio: PortfolioItem(contract=Option(conId=888605060, symbol='TSLA', lastTradeDateOrContractMonth='20260617', strike=410.0, right='C', multiplier='100', primaryExchange='AMEX', currency='USD', localSymbol='TSLA  260617C00410000', tradingClass='TSLA'), position=1.0, marketPrice=3.24342085, marketValue=324.34, averageCost=588.79825, unrealizedPNL=-264.46, realizedPNL=0.0, account='DUO335202')
2026-06-16 10:50:03 [INFO] updatePortfolio: PortfolioItem(contract=Option(conId=888605060, symbol='TSLA', lastTradeDateOrContractMonth='20260617', strike=410.0, right='C', multiplier='100', primaryExchange='AMEX', currency='USD', localSymbol='TSLA  260617C00410000', tradingClass='TSLA'), position=1.0, marketPrice=3.56242895, marketValue=356.24, averageCost=588.79825, unrealizedPNL=-232.56, realizedPNL=0.0, account='DUO335202')
2026-06-16 10:50:03 [INFO] updatePortfolio: PortfolioItem(contract=Option(conId=888605060, symbol='TSLA', lastTradeDateOrContractMonth='20260617', strike=410.0, right='C', multiplier='100', primaryExchange='AMEX', currency='USD', localSymbol='TSLA  260617C00410000', tradingClass='TSLA'), position=1.0, marketPrice=4.1500001, marketValue=415.0, averageCost=588.79825, unrealizedPNL=-173.8, realizedPNL=0.0, account='DUO335202')
2026-06-16 10:50:03 [INFO] Warning 2103, reqId -1: Market data farm connection is broken:usfarm
2026-06-16 10:50:03 [INFO] Warning 2103, reqId -1: Market data farm connection is broken:usopt
2026-06-16 10:50:03 [INFO] Warning 2104, reqId -1: Market data farm connection is OK:usopt
2026-06-16 10:50:03 [INFO] Warning 2119, reqId -1: Market data farm is connecting:usfarm
2026-06-16 10:50:03 [INFO] Warning 2104, reqId -1: Market data farm connection is OK:usfarm
2026-06-16 10:50:03 [ERROR] Error 10197, reqId 21: No market data during competing live session, contract: Option(conId=888605060, symbol='TSLA', lastTradeDateOrContractMonth='20260617', strike=410.0, right='C', multiplier='100', exchange='SMART', currency='USD', localSymbol='TSLA  260617C00410000', tradingClass='TSLA')
2026-06-16 10:50:03 [ERROR] Error 10197, reqId 21: No market data during competing live session, contract: Option(conId=888605060, symbol='TSLA', lastTradeDateOrContractMonth='20260617', strike=410.0, right='C', multiplier='100', exchange='SMART', currency='USD', localSymbol='TSLA  260617C00410000', tradingClass='TSLA')
2026-06-16 10:50:03 [INFO] updatePortfolio: PortfolioItem(contract=Option(conId=888605060, symbol='TSLA', lastTradeDateOrContractMonth='20260617', strike=410.0, right='C', multiplier='100', primaryExchange='AMEX', currency='USD', localSymbol='TSLA  260617C00410000', tradingClass='TSLA'), position=1.0, marketPrice=3.75, marketValue=375.0, averageCost=588.79825, unrealizedPNL=-213.8, realizedPNL=0.0, account='DUO335202')
2026-06-16 10:50:03 [INFO] updatePortfolio: PortfolioItem(contract=Option(conId=888605060, symbol='TSLA', lastTradeDateOrContractMonth='20260617', strike=410.0, right='C', multiplier='100', primaryExchange='AMEX', currency='USD', localSymbol='TSLA  260617C00410000', tradingClass='TSLA'), position=1.0, marketPrice=3.87876985, marketValue=387.88, averageCost=588.79825, unrealizedPNL=-200.92, realizedPNL=0.0, account='DUO335202')
2026-06-16 10:50:03 [INFO] updatePortfolio: PortfolioItem(contract=Option(conId=888605060, symbol='TSLA', lastTradeDateOrContractMonth='20260617', strike=410.0, right='C', multiplier='100', primaryExchange='AMEX', currency='USD', localSymbol='TSLA  260617C00410000', tradingClass='TSLA'), position=1.0, marketPrice=3.99587705, marketValue=399.59, averageCost=588.79825, unrealizedPNL=-189.21, realizedPNL=0.0, account='DUO335202')
2026-06-16 10:50:03 [INFO] updatePortfolio: PortfolioItem(contract=Option(conId=888605060, symbol='TSLA', lastTradeDateOrContractMonth='20260617', strike=410.0, right='C', multiplier='100', primaryExchange='AMEX', currency='USD', localSymbol='TSLA  260617C00410000', tradingClass='TSLA'), position=1.0, marketPrice=5.27202655, marketValue=527.2, averageCost=588.79825, unrealizedPNL=-61.6, realizedPNL=0.0, account='DUO335202')
2026-06-16 10:50:03 [INFO] updatePortfolio: PortfolioItem(contract=Option(conId=888605060, symbol='TSLA', lastTradeDateOrContractMonth='20260617', strike=410.0, right='C', multiplier='100', primaryExchange='AMEX', currency='USD', localSymbol='TSLA  260617C00410000', tradingClass='TSLA'), position=1.0, marketPrice=6.1500001, marketValue=615.0, averageCost=588.79825, unrealizedPNL=26.2, realizedPNL=0.0, account='DUO335202')
2026-06-16 10:50:03 [INFO] updatePortfolio: PortfolioItem(contract=Option(conId=888605060, symbol='TSLA', lastTradeDateOrContractMonth='20260617', strike=410.0, right='C', multiplier='100', primaryExchange='AMEX', currency='USD', localSymbol='TSLA  260617C00410000', tradingClass='TSLA'), position=1.0, marketPrice=4.3499999, marketValue=435.0, averageCost=588.79825, unrealizedPNL=-153.8, realizedPNL=0.0, account='DUO335202')
2026-06-16 10:50:03 [INFO] Warning 2103, reqId -1: Market data farm connection is broken:usopt
2026-06-16 10:50:03 [INFO] Warning 2103, reqId -1: Market data farm connection is broken:usfarm
2026-06-16 10:50:03 [INFO] Warning 2104, reqId -1: Market data farm connection is OK:usopt
2026-06-16 10:50:03 [INFO] Warning 2119, reqId -1: Market data farm is connecting:usfarm
2026-06-16 10:50:03 [INFO] Warning 2104, reqId -1: Market data farm connection is OK:usfarm
2026-06-16 10:50:03 [ERROR] Error 10197, reqId 21: No market data during competing live session, contract: Option(conId=888605060, symbol='TSLA', lastTradeDateOrContractMonth='20260617', strike=410.0, right='C', multiplier='100', exchange='SMART', currency='USD', localSymbol='TSLA  260617C00410000', tradingClass='TSLA')
2026-06-16 10:50:03 [ERROR] Error 10197, reqId 21: No market data during competing live session, contract: Option(conId=888605060, symbol='TSLA', lastTradeDateOrContractMonth='20260617', strike=410.0, right='C', multiplier='100', exchange='SMART', currency='USD', localSymbol='TSLA  260617C00410000', tradingClass='TSLA')
2026-06-16 10:50:03 [INFO] updatePortfolio: PortfolioItem(contract=Option(conId=888605060, symbol='TSLA', lastTradeDateOrContractMonth='20260617', strike=410.0, right='C', multiplier='100', primaryExchange='AMEX', currency='USD', localSymbol='TSLA  260617C00410000', tradingClass='TSLA'), position=1.0, marketPrice=4.5, marketValue=450.0, averageCost=588.79825, unrealizedPNL=-138.8, realizedPNL=0.0, account='DUO335202')
2026-06-16 10:50:03 [INFO] updatePortfolio: PortfolioItem(contract=Option(conId=888605060, symbol='TSLA', lastTradeDateOrContractMonth='20260617', strike=410.0, right='C', multiplier='100', primaryExchange='AMEX', currency='USD', localSymbol='TSLA  260617C00410000', tradingClass='TSLA'), position=1.0, marketPrice=3.52978205, marketValue=352.98, averageCost=588.79825, unrealizedPNL=-235.82, realizedPNL=0.0, account='DUO335202')
2026-06-16 10:50:03 [INFO] Warning 2103, reqId -1: Market data farm connection is broken:usopt
2026-06-16 10:50:03 [INFO] Warning 2103, reqId -1: Market data farm connection is broken:usfarm
2026-06-16 10:50:03 [INFO] Warning 2104, reqId -1: Market data farm connection is OK:usopt
2026-06-16 10:50:03 [INFO] Warning 2119, reqId -1: Market data farm is connecting:usfarm
2026-06-16 10:50:03 [INFO] Warning 2104, reqId -1: Market data farm connection is OK:usfarm
2026-06-16 10:50:03 [ERROR] Error 10197, reqId 21: No market data during competing live session, contract: Option(conId=888605060, symbol='TSLA', lastTradeDateOrContractMonth='20260617', strike=410.0, right='C', multiplier='100', exchange='SMART', currency='USD', localSymbol='TSLA  260617C00410000', tradingClass='TSLA')
2026-06-16 10:50:03 [ERROR] Error 10197, reqId 21: No market data during competing live session, contract: Option(conId=888605060, symbol='TSLA', lastTradeDateOrContractMonth='20260617', strike=410.0, right='C', multiplier='100', exchange='SMART', currency='USD', localSymbol='TSLA  260617C00410000', tradingClass='TSLA')
2026-06-16 10:50:03 [INFO] updatePortfolio: PortfolioItem(contract=Option(conId=888605060, symbol='TSLA', lastTradeDateOrContractMonth='20260617', strike=410.0, right='C', multiplier='100', primaryExchange='AMEX', currency='USD', localSymbol='TSLA  260617C00410000', tradingClass='TSLA'), position=1.0, marketPrice=3.5408175, marketValue=354.08, averageCost=588.79825, unrealizedPNL=-234.72, realizedPNL=0.0, account='DUO335202')
2026-06-16 10:50:03 [INFO] updatePortfolio: PortfolioItem(contract=Option(conId=888605060, symbol='TSLA', lastTradeDateOrContractMonth='20260617', strike=410.0, right='C', multiplier='100', primaryExchange='AMEX', currency='USD', localSymbol='TSLA  260617C00410000', tradingClass='TSLA'), position=1.0, marketPrice=3.166044, marketValue=316.6, averageCost=588.79825, unrealizedPNL=-272.19, realizedPNL=0.0, account='DUO335202')
2026-06-16 10:50:03 [INFO] updatePortfolio: PortfolioItem(contract=Option(conId=888605060, symbol='TSLA', lastTradeDateOrContractMonth='20260617', strike=410.0, right='C', multiplier='100', primaryExchange='AMEX', currency='USD', localSymbol='TSLA  260617C00410000', tradingClass='TSLA'), position=1.0, marketPrice=3.19784855, marketValue=319.78, averageCost=588.79825, unrealizedPNL=-269.01, realizedPNL=0.0, account='DUO335202')
2026-06-16 10:50:03 [INFO] updatePortfolio: PortfolioItem(contract=Option(conId=888605060, symbol='TSLA', lastTradeDateOrContractMonth='20260617', strike=410.0, right='C', multiplier='100', primaryExchange='AMEX', currency='USD', localSymbol='TSLA  260617C00410000', tradingClass='TSLA'), position=1.0, marketPrice=3.0, marketValue=300.0, averageCost=588.79825, unrealizedPNL=-288.8, realizedPNL=0.0, account='DUO335202')
2026-06-16 10:50:03 [INFO] updatePortfolio: PortfolioItem(contract=Option(conId=888605060, symbol='TSLA', lastTradeDateOrContractMonth='20260617', strike=410.0, right='C', multiplier='100', primaryExchange='AMEX', currency='USD', localSymbol='TSLA  260617C00410000', tradingClass='TSLA'), position=1.0, marketPrice=3.23765945, marketValue=323.77, averageCost=588.79825, unrealizedPNL=-265.03, realizedPNL=0.0, account='DUO335202')
2026-06-16 10:50:03 [INFO] updatePortfolio: PortfolioItem(contract=Option(conId=888605060, symbol='TSLA', lastTradeDateOrContractMonth='20260617', strike=410.0, right='C', multiplier='100', primaryExchange='AMEX', currency='USD', localSymbol='TSLA  260617C00410000', tradingClass='TSLA'), position=1.0, marketPrice=3.4638798, marketValue=346.39, averageCost=588.79825, unrealizedPNL=-242.41, realizedPNL=0.0, account='DUO335202')
2026-06-16 10:50:03 [INFO] updatePortfolio: PortfolioItem(contract=Option(conId=888605060, symbol='TSLA', lastTradeDateOrContractMonth='20260617', strike=410.0, right='C', multiplier='100', primaryExchange='AMEX', currency='USD', localSymbol='TSLA  260617C00410000', tradingClass='TSLA'), position=1.0, marketPrice=3.5770154, marketValue=357.7, averageCost=588.79825, unrealizedPNL=-231.1, realizedPNL=0.0, account='DUO335202')
2026-06-16 10:50:03 [INFO] updatePortfolio: PortfolioItem(contract=Option(conId=888605060, symbol='TSLA', lastTradeDateOrContractMonth='20260617', strike=410.0, right='C', multiplier='100', primaryExchange='AMEX', currency='USD', localSymbol='TSLA  260617C00410000', tradingClass='TSLA'), position=1.0, marketPrice=3.3213358, marketValue=332.13, averageCost=588.79825, unrealizedPNL=-256.66, realizedPNL=0.0, account='DUO335202')
2026-06-16 10:50:03 [INFO] Warning 2103, reqId -1: Market data farm connection is broken:usopt
2026-06-16 10:50:03 [INFO] Warning 2103, reqId -1: Market data farm connection is broken:usfarm
2026-06-16 10:50:03 [INFO] Warning 2104, reqId -1: Market data farm connection is OK:usopt
2026-06-16 10:50:03 [INFO] Warning 2119, reqId -1: Market data farm is connecting:usfarm
2026-06-16 10:50:03 [INFO] Warning 2104, reqId -1: Market data farm connection is OK:usfarm
2026-06-16 10:50:03 [ERROR] Error 10197, reqId 21: No market data during competing live session, contract: Option(conId=888605060, symbol='TSLA', lastTradeDateOrContractMonth='20260617', strike=410.0, right='C', multiplier='100', exchange='SMART', currency='USD', localSymbol='TSLA  260617C00410000', tradingClass='TSLA')
2026-06-16 10:50:03 [ERROR] Error 10197, reqId 21: No market data during competing live session, contract: Option(conId=888605060, symbol='TSLA', lastTradeDateOrContractMonth='20260617', strike=410.0, right='C', multiplier='100', exchange='SMART', currency='USD', localSymbol='TSLA  260617C00410000', tradingClass='TSLA')
2026-06-16 10:50:03 [INFO] updatePortfolio: PortfolioItem(contract=Option(conId=888605060, symbol='TSLA', lastTradeDateOrContractMonth='20260617', strike=410.0, right='C', multiplier='100', primaryExchange='AMEX', currency='USD', localSymbol='TSLA  260617C00410000', tradingClass='TSLA'), position=1.0, marketPrice=3.11351205, marketValue=311.35, averageCost=588.79825, unrealizedPNL=-277.45, realizedPNL=0.0, account='DUO335202')
2026-06-16 10:50:03 [INFO] updatePortfolio: PortfolioItem(contract=Option(conId=888605060, symbol='TSLA', lastTradeDateOrContractMonth='20260617', strike=410.0, right='C', multiplier='100', primaryExchange='AMEX', currency='USD', localSymbol='TSLA  260617C00410000', tradingClass='TSLA'), position=1.0, marketPrice=3.12204125, marketValue=312.2, averageCost=588.79825, unrealizedPNL=-276.59, realizedPNL=0.0, account='DUO335202')
2026-06-16 10:50:03 [INFO] Warning 2103, reqId -1: Market data farm connection is broken:usfarm
2026-06-16 10:50:03 [INFO] Warning 2103, reqId -1: Market data farm connection is broken:usopt
2026-06-16 10:50:03 [INFO] Warning 2104, reqId -1: Market data farm connection is OK:usopt
2026-06-16 10:50:03 [INFO] Warning 2119, reqId -1: Market data farm is connecting:usfarm
2026-06-16 10:50:03 [INFO] Warning 2104, reqId -1: Market data farm connection is OK:usfarm
2026-06-16 10:50:03 [ERROR] Error 10197, reqId 21: No market data during competing live session, contract: Option(conId=888605060, symbol='TSLA', lastTradeDateOrContractMonth='20260617', strike=410.0, right='C', multiplier='100', exchange='SMART', currency='USD', localSymbol='TSLA  260617C00410000', tradingClass='TSLA')
2026-06-16 10:50:03 [ERROR] Error 10197, reqId 21: No market data during competing live session, contract: Option(conId=888605060, symbol='TSLA', lastTradeDateOrContractMonth='20260617', strike=410.0, right='C', multiplier='100', exchange='SMART', currency='USD', localSymbol='TSLA  260617C00410000', tradingClass='TSLA')
2026-06-16 10:50:03 [INFO] updatePortfolio: PortfolioItem(contract=Option(conId=888605060, symbol='TSLA', lastTradeDateOrContractMonth='20260617', strike=410.0, right='C', multiplier='100', primaryExchange='AMEX', currency='USD', localSymbol='TSLA  260617C00410000', tradingClass='TSLA'), position=1.0, marketPrice=2.94000005, marketValue=294.0, averageCost=588.79825, unrealizedPNL=-294.8, realizedPNL=0.0, account='DUO335202')
2026-06-16 10:50:14 [INFO] placeOrder: New order Trade(contract=Option(conId=888605060, symbol='TSLA', lastTradeDateOrContractMonth='20260617', strike=410.0, right='C', multiplier='100', exchange='SMART', currency='USD', localSymbol='TSLA  260617C00410000', tradingClass='TSLA'), order=LimitOrder(orderId=24, clientId=111, action='SELL', totalQuantity=1, lmtPrice=3.02, tif='DAY'), orderStatus=OrderStatus(orderId=24, status='PendingSubmit', filled=0.0, remaining=0.0, avgFillPrice=0.0, permId=0, parentId=0, lastFillPrice=0.0, clientId=0, whyHeld='', mktCapPrice=0.0), fills=[], log=[TradeLogEntry(time=datetime.datetime(2026, 6, 16, 15, 50, 14, 589444, tzinfo=datetime.timezone.utc), status='PendingSubmit', message='', errorCode=0)], advancedError='')
2026-06-16 10:50:14 [INFO] [executor] TSLA: exit limit@mid $3.02  bid=$2.99 ask=$3.05  (attempt 1)
2026-06-16 10:50:15 [INFO] updatePortfolio: PortfolioItem(contract=Option(conId=888605060, symbol='TSLA', lastTradeDateOrContractMonth='20260617', strike=410.0, right='C', multiplier='100', primaryExchange='AMEX', currency='USD', localSymbol='TSLA  260617C00410000', tradingClass='TSLA'), position=1.0, marketPrice=2.94000005, marketValue=294.0, averageCost=588.79825, unrealizedPNL=-294.8, realizedPNL=0.0, account='DUO335202')
2026-06-16 10:50:16 [INFO] orderStatus: Trade(contract=Option(conId=888605060, symbol='TSLA', lastTradeDateOrContractMonth='20260617', strike=410.0, right='C', multiplier='100', exchange='SMART', currency='USD', localSymbol='TSLA  260617C00410000', tradingClass='TSLA'), order=LimitOrder(orderId=24, clientId=111, permId=1021225546, action='SELL', totalQuantity=1.0, lmtPrice=3.02, auxPrice=0.0, tif='DAY'), orderStatus=OrderStatus(orderId=24, status='Submitted', filled=0.0, remaining=1.0, avgFillPrice=0.0, permId=1021225546, parentId=0, lastFillPrice=0.0, clientId=111, whyHeld='', mktCapPrice=0.0), fills=[], log=[TradeLogEntry(time=datetime.datetime(2026, 6, 16, 15, 50, 14, 589444, tzinfo=datetime.timezone.utc), status='PendingSubmit', message='', errorCode=0), TradeLogEntry(time=datetime.datetime(2026, 6, 16, 15, 50, 16, 46969, tzinfo=datetime.timezone.utc), status='Submitted', message='', errorCode=0)], advancedError='')
2026-06-16 10:50:19 [INFO] cancelOrder: Trade(contract=Option(conId=888605060, symbol='TSLA', lastTradeDateOrContractMonth='20260617', strike=410.0, right='C', multiplier='100', exchange='SMART', currency='USD', localSymbol='TSLA  260617C00410000', tradingClass='TSLA'), order=LimitOrder(orderId=24, clientId=111, permId=1021225546, action='SELL', totalQuantity=1.0, lmtPrice=3.02, auxPrice=0.0, tif='DAY'), orderStatus=OrderStatus(orderId=24, status='PendingCancel', filled=0.0, remaining=1.0, avgFillPrice=0.0, permId=1021225546, parentId=0, lastFillPrice=0.0, clientId=111, whyHeld='', mktCapPrice=0.0), fills=[], log=[TradeLogEntry(time=datetime.datetime(2026, 6, 16, 15, 50, 14, 589444, tzinfo=datetime.timezone.utc), status='PendingSubmit', message='', errorCode=0), TradeLogEntry(time=datetime.datetime(2026, 6, 16, 15, 50, 16, 46969, tzinfo=datetime.timezone.utc), status='Submitted', message='', errorCode=0), TradeLogEntry(time=datetime.datetime(2026, 6, 16, 15, 50, 19, 635583, tzinfo=datetime.timezone.utc), status='PendingCancel', message='', errorCode=0)], advancedError='')
2026-06-16 10:50:30 [INFO] orderStatus: Trade(contract=Option(conId=888605060, symbol='TSLA', lastTradeDateOrContractMonth='20260617', strike=410.0, right='C', multiplier='100', exchange='SMART', currency='USD', localSymbol='TSLA  260617C00410000', tradingClass='TSLA'), order=LimitOrder(orderId=24, clientId=111, permId=1021225546, action='SELL', totalQuantity=1.0, lmtPrice=3.02, auxPrice=0.0, tif='DAY'), orderStatus=OrderStatus(orderId=24, status='Cancelled', filled=0.0, remaining=1.0, avgFillPrice=0.0, permId=1021225546, parentId=0, lastFillPrice=0.0, clientId=111, whyHeld='', mktCapPrice=0.0), fills=[], log=[TradeLogEntry(time=datetime.datetime(2026, 6, 16, 15, 50, 14, 589444, tzinfo=datetime.timezone.utc), status='PendingSubmit', message='', errorCode=0), TradeLogEntry(time=datetime.datetime(2026, 6, 16, 15, 50, 16, 46969, tzinfo=datetime.timezone.utc), status='Submitted', message='', errorCode=0), TradeLogEntry(time=datetime.datetime(2026, 6, 16, 15, 50, 19, 635583, tzinfo=datetime.timezone.utc), status='PendingCancel', message='', errorCode=0), TradeLogEntry(time=datetime.datetime(2026, 6, 16, 15, 50, 30, 240582, tzinfo=datetime.timezone.utc), status='Cancelled', message='', errorCode=0)], advancedError='')
2026-06-16 10:50:30 [INFO] Warning 202, reqId 24: Order Canceled - reason:
2026-06-16 10:50:31 [INFO] updatePortfolio: PortfolioItem(contract=Option(conId=888605060, symbol='TSLA', lastTradeDateOrContractMonth='20260617', strike=410.0, right='C', multiplier='100', primaryExchange='AMEX', currency='USD', localSymbol='TSLA  260617C00410000', tradingClass='TSLA'), position=1.0, marketPrice=2.94000005, marketValue=294.0, averageCost=588.79825, unrealizedPNL=-294.8, realizedPNL=0.0, account='DUO335202')
2026-06-16 10:50:31 [INFO] placeOrder: New order Trade(contract=Option(conId=888605060, symbol='TSLA', lastTradeDateOrContractMonth='20260617', strike=410.0, right='C', multiplier='100', exchange='SMART', currency='USD', localSymbol='TSLA  260617C00410000', tradingClass='TSLA'), order=LimitOrder(orderId=26, clientId=111, action='SELL', totalQuantity=1, lmtPrice=3.02, tif='DAY'), orderStatus=OrderStatus(orderId=26, status='PendingSubmit', filled=0.0, remaining=0.0, avgFillPrice=0.0, permId=0, parentId=0, lastFillPrice=0.0, clientId=0, whyHeld='', mktCapPrice=0.0), fills=[], log=[TradeLogEntry(time=datetime.datetime(2026, 6, 16, 15, 50, 31, 657903, tzinfo=datetime.timezone.utc), status='PendingSubmit', message='', errorCode=0)], advancedError='')
2026-06-16 10:50:31 [INFO] [executor] TSLA: exit limit@mid $3.02  bid=$2.99 ask=$3.05  (attempt 2)
2026-06-16 10:50:32 [INFO] orderStatus: Trade(contract=Option(conId=888605060, symbol='TSLA', lastTradeDateOrContractMonth='20260617', strike=410.0, right='C', multiplier='100', exchange='SMART', currency='USD', localSymbol='TSLA  260617C00410000', tradingClass='TSLA'), order=LimitOrder(orderId=26, clientId=111, permId=1021225547, action='SELL', totalQuantity=1.0, lmtPrice=3.02, auxPrice=0.0, tif='DAY'), orderStatus=OrderStatus(orderId=26, status='Submitted', filled=0.0, remaining=1.0, avgFillPrice=0.0, permId=1021225547, parentId=0, lastFillPrice=0.0, clientId=111, whyHeld='', mktCapPrice=0.0), fills=[], log=[TradeLogEntry(time=datetime.datetime(2026, 6, 16, 15, 50, 31, 657903, tzinfo=datetime.timezone.utc), status='PendingSubmit', message='', errorCode=0), TradeLogEntry(time=datetime.datetime(2026, 6, 16, 15, 50, 32, 394354, tzinfo=datetime.timezone.utc), status='Submitted', message='', errorCode=0)], advancedError='')
2026-06-16 10:50:36 [INFO] cancelOrder: Trade(contract=Option(conId=888605060, symbol='TSLA', lastTradeDateOrContractMonth='20260617', strike=410.0, right='C', multiplier='100', exchange='SMART', currency='USD', localSymbol='TSLA  260617C00410000', tradingClass='TSLA'), order=LimitOrder(orderId=26, clientId=111, permId=1021225547, action='SELL', totalQuantity=1.0, lmtPrice=3.02, auxPrice=0.0, tif='DAY'), orderStatus=OrderStatus(orderId=26, status='PendingCancel', filled=0.0, remaining=1.0, avgFillPrice=0.0, permId=1021225547, parentId=0, lastFillPrice=0.0, clientId=111, whyHeld='', mktCapPrice=0.0), fills=[], log=[TradeLogEntry(time=datetime.datetime(2026, 6, 16, 15, 50, 31, 657903, tzinfo=datetime.timezone.utc), status='PendingSubmit', message='', errorCode=0), TradeLogEntry(time=datetime.datetime(2026, 6, 16, 15, 50, 32, 394354, tzinfo=datetime.timezone.utc), status='Submitted', message='', errorCode=0), TradeLogEntry(time=datetime.datetime(2026, 6, 16, 15, 50, 36, 713138, tzinfo=datetime.timezone.utc), status='PendingCancel', message='', errorCode=0)], advancedError='')
2026-06-16 10:50:45 [INFO] position: Position(account='DUO335202', contract=Option(conId=888605060, symbol='TSLA', lastTradeDateOrContractMonth='20260617', strike=410.0, right='C', multiplier='100', currency='USD', localSymbol='TSLA  260617C00410000', tradingClass='TSLA'), position=0.0, avgCost=0.0)
2026-06-16 10:50:45 [INFO] execDetails Execution(execId='0001938b.6a30f568.01.01', time=datetime.datetime(2026, 6, 16, 20, 50, 45, tzinfo=datetime.timezone.utc), acctNumber='DUO335202', exchange='BATS', side='SLD', shares=1.0, price=3.02, permId=1021225547, clientId=111, orderId=26, liquidation=0, cumQty=1.0, avgPrice=3.02, orderRef='', evRule='', evMultiplier=0.0, modelCode='', lastLiquidity=1)
2026-06-16 10:50:45 [INFO] execDetails: Fill(contract=Option(conId=888605060, symbol='TSLA', lastTradeDateOrContractMonth='20260617', strike=410.0, right='C', multiplier='100', exchange='SMART', currency='USD', localSymbol='TSLA  260617C00410000', tradingClass='TSLA'), execution=Execution(execId='0001938b.6a30f568.01.01', time=datetime.datetime(2026, 6, 16, 20, 50, 45, tzinfo=datetime.timezone.utc), acctNumber='DUO335202', exchange='BATS', side='SLD', shares=1.0, price=3.02, permId=1021225547, clientId=111, orderId=26, liquidation=0, cumQty=1.0, avgPrice=3.02, orderRef='', evRule='', evMultiplier=0.0, modelCode='', lastLiquidity=1), commissionReport=CommissionReport(execId='', commission=0.0, currency='', realizedPNL=0.0, yield_=0.0, yieldRedemptionDate=0), time=datetime.datetime(2026, 6, 16, 15, 50, 45, 868143, tzinfo=datetime.timezone.utc))
2026-06-16 10:50:45 [INFO] orderStatus: Trade(contract=Option(conId=888605060, symbol='TSLA', lastTradeDateOrContractMonth='20260617', strike=410.0, right='C', multiplier='100', exchange='SMART', currency='USD', localSymbol='TSLA  260617C00410000', tradingClass='TSLA'), order=LimitOrder(orderId=26, clientId=111, permId=1021225547, action='SELL', totalQuantity=1.0, lmtPrice=3.02, auxPrice=0.0, tif='DAY'), orderStatus=OrderStatus(orderId=26, status='Filled', filled=1.0, remaining=0.0, avgFillPrice=3.02, permId=1021225547, parentId=0, lastFillPrice=3.02, clientId=111, whyHeld='', mktCapPrice=0.0), fills=[Fill(contract=Option(conId=888605060, symbol='TSLA', lastTradeDateOrContractMonth='20260617', strike=410.0, right='C', multiplier='100', exchange='SMART', currency='USD', localSymbol='TSLA  260617C00410000', tradingClass='TSLA'), execution=Execution(execId='0001938b.6a30f568.01.01', time=datetime.datetime(2026, 6, 16, 20, 50, 45, tzinfo=datetime.timezone.utc), acctNumber='DUO335202', exchange='BATS', side='SLD', shares=1.0, price=3.02, permId=1021225547, clientId=111, orderId=26, liquidation=0, cumQty=1.0, avgPrice=3.02, orderRef='', evRule='', evMultiplier=0.0, modelCode='', lastLiquidity=1), commissionReport=CommissionReport(execId='', commission=0.0, currency='', realizedPNL=0.0, yield_=0.0, yieldRedemptionDate=0), time=datetime.datetime(2026, 6, 16, 15, 50, 45, 868143, tzinfo=datetime.timezone.utc))], log=[TradeLogEntry(time=datetime.datetime(2026, 6, 16, 15, 50, 31, 657903, tzinfo=datetime.timezone.utc), status='PendingSubmit', message='', errorCode=0), TradeLogEntry(time=datetime.datetime(2026, 6, 16, 15, 50, 32, 394354, tzinfo=datetime.timezone.utc), status='Submitted', message='', errorCode=0), TradeLogEntry(time=datetime.datetime(2026, 6, 16, 15, 50, 36, 713138, tzinfo=datetime.timezone.utc), status='PendingCancel', message='', errorCode=0), TradeLogEntry(time=datetime.datetime(2026, 6, 16, 15, 50, 45, 868143, tzinfo=datetime.timezone.utc), status='PendingCancel', message='Fill 1.0@3.02', errorCode=0), TradeLogEntry(time=datetime.datetime(2026, 6, 16, 15, 50, 45, 869140, tzinfo=datetime.timezone.utc), status='Filled', message='', errorCode=0)], advancedError='')
2026-06-16 10:50:45 [INFO] commissionReport: CommissionReport(execId='0001938b.6a30f568.01.01', commission=0.807761, currency='USD', realizedPNL=-287.606011, yield_=0.0, yieldRedemptionDate=0)
2026-06-16 10:50:45 [INFO] position: Position(account='DUO335202', contract=Option(conId=888605060, symbol='TSLA', lastTradeDateOrContractMonth='20260617', strike=410.0, right='C', multiplier='100', currency='USD', localSymbol='TSLA  260617C00410000', tradingClass='TSLA'), position=0.0, avgCost=0.0)
2026-06-16 10:50:45 [INFO] position: Position(account='DUO335202', contract=Option(conId=888605060, symbol='TSLA', lastTradeDateOrContractMonth='20260617', strike=410.0, right='C', multiplier='100', currency='USD', localSymbol='TSLA  260617C00410000', tradingClass='TSLA'), position=0.0, avgCost=0.0)
2026-06-16 10:50:46 [INFO] updatePortfolio: PortfolioItem(contract=Option(conId=888605060, symbol='TSLA', lastTradeDateOrContractMonth='20260617', strike=410.0, right='C', multiplier='100', primaryExchange='AMEX', currency='USD', localSymbol='TSLA  260617C00410000', tradingClass='TSLA'), position=0.0, marketPrice=3.019984, marketValue=0.0, averageCost=0.0, unrealizedPNL=0.0, realizedPNL=-287.61, account='DUO335202')
2026-06-16 10:50:47 [INFO] orderStatus: Trade(contract=Option(conId=888605060, symbol='TSLA', lastTradeDateOrContractMonth='20260617', strike=410.0, right='C', multiplier='100', exchange='SMART', currency='USD', localSymbol='TSLA  260617C00410000', tradingClass='TSLA'), order=LimitOrder(orderId=26, clientId=111, permId=1021225547, action='SELL', totalQuantity=1.0, lmtPrice=3.02, auxPrice=0.0, tif='DAY'), orderStatus=OrderStatus(orderId=26, status='Cancelled', filled=0.0, remaining=0.0, avgFillPrice=3.02, permId=1021225547, parentId=0, lastFillPrice=3.02, clientId=111, whyHeld='', mktCapPrice=0.0), fills=[Fill(contract=Option(conId=888605060, symbol='TSLA', lastTradeDateOrContractMonth='20260617', strike=410.0, right='C', multiplier='100', exchange='SMART', currency='USD', localSymbol='TSLA  260617C00410000', tradingClass='TSLA'), execution=Execution(execId='0001938b.6a30f568.01.01', time=datetime.datetime(2026, 6, 16, 20, 50, 45, tzinfo=datetime.timezone.utc), acctNumber='DUO335202', exchange='BATS', side='SLD', shares=1.0, price=3.02, permId=1021225547, clientId=111, orderId=26, liquidation=0, cumQty=1.0, avgPrice=3.02, orderRef='', evRule='', evMultiplier=0.0, modelCode='', lastLiquidity=1), commissionReport=CommissionReport(execId='0001938b.6a30f568.01.01', commission=0.807761, currency='USD', realizedPNL=-287.606011, yield_=0.0, yieldRedemptionDate=0), time=datetime.datetime(2026, 6, 16, 15, 50, 45, 868143, tzinfo=datetime.timezone.utc))], log=[TradeLogEntry(time=datetime.datetime(2026, 6, 16, 15, 50, 31, 657903, tzinfo=datetime.timezone.utc), status='PendingSubmit', message='', errorCode=0), TradeLogEntry(time=datetime.datetime(2026, 6, 16, 15, 50, 32, 394354, tzinfo=datetime.timezone.utc), status='Submitted', message='', errorCode=0), TradeLogEntry(time=datetime.datetime(2026, 6, 16, 15, 50, 36, 713138, tzinfo=datetime.timezone.utc), status='PendingCancel', message='', errorCode=0), TradeLogEntry(time=datetime.datetime(2026, 6, 16, 15, 50, 45, 868143, tzinfo=datetime.timezone.utc), status='PendingCancel', message='Fill 1.0@3.02', errorCode=0), TradeLogEntry(time=datetime.datetime(2026, 6, 16, 15, 50, 45, 869140, tzinfo=datetime.timezone.utc), status='Filled', message='', errorCode=0), TradeLogEntry(time=datetime.datetime(2026, 6, 16, 15, 50, 47, 74852, tzinfo=datetime.timezone.utc), status='Cancelled', message='', errorCode=0)], advancedError='')
2026-06-16 10:50:47 [INFO] orderStatus: Trade(contract=Option(conId=888605060, symbol='TSLA', lastTradeDateOrContractMonth='20260617', strike=410.0, right='C', multiplier='100', exchange='SMART', currency='USD', localSymbol='TSLA  260617C00410000', tradingClass='TSLA'), order=LimitOrder(orderId=26, clientId=111, permId=1021225547, action='SELL', totalQuantity=1.0, lmtPrice=3.02, auxPrice=0.0, tif='DAY'), orderStatus=OrderStatus(orderId=26, status='Filled', filled=1.0, remaining=0.0, avgFillPrice=3.02, permId=1021225547, parentId=0, lastFillPrice=3.02, clientId=111, whyHeld='', mktCapPrice=0.0), fills=[Fill(contract=Option(conId=888605060, symbol='TSLA', lastTradeDateOrContractMonth='20260617', strike=410.0, right='C', multiplier='100', exchange='SMART', currency='USD', localSymbol='TSLA  260617C00410000', tradingClass='TSLA'), execution=Execution(execId='0001938b.6a30f568.01.01', time=datetime.datetime(2026, 6, 16, 20, 50, 45, tzinfo=datetime.timezone.utc), acctNumber='DUO335202', exchange='BATS', side='SLD', shares=1.0, price=3.02, permId=1021225547, clientId=111, orderId=26, liquidation=0, cumQty=1.0, avgPrice=3.02, orderRef='', evRule='', evMultiplier=0.0, modelCode='', lastLiquidity=1), commissionReport=CommissionReport(execId='0001938b.6a30f568.01.01', commission=0.807761, currency='USD', realizedPNL=-287.606011, yield_=0.0, yieldRedemptionDate=0), time=datetime.datetime(2026, 6, 16, 15, 50, 45, 868143, tzinfo=datetime.timezone.utc))], log=[TradeLogEntry(time=datetime.datetime(2026, 6, 16, 15, 50, 31, 657903, tzinfo=datetime.timezone.utc), status='PendingSubmit', message='', errorCode=0), TradeLogEntry(time=datetime.datetime(2026, 6, 16, 15, 50, 32, 394354, tzinfo=datetime.timezone.utc), status='Submitted', message='', errorCode=0), TradeLogEntry(time=datetime.datetime(2026, 6, 16, 15, 50, 36, 713138, tzinfo=datetime.timezone.utc), status='PendingCancel', message='', errorCode=0), TradeLogEntry(time=datetime.datetime(2026, 6, 16, 15, 50, 45, 868143, tzinfo=datetime.timezone.utc), status='PendingCancel', message='Fill 1.0@3.02', errorCode=0), TradeLogEntry(time=datetime.datetime(2026, 6, 16, 15, 50, 45, 869140, tzinfo=datetime.timezone.utc), status='Filled', message='', errorCode=0), TradeLogEntry(time=datetime.datetime(2026, 6, 16, 15, 50, 47, 74852, tzinfo=datetime.timezone.utc), status='Cancelled', message='', errorCode=0), TradeLogEntry(time=datetime.datetime(2026, 6, 16, 15, 50, 47, 75853, tzinfo=datetime.timezone.utc), status='Filled', message='', errorCode=0)], advancedError='')
2026-06-16 10:50:48 [INFO] placeOrder: New order Trade(contract=Option(conId=888605060, symbol='TSLA', lastTradeDateOrContractMonth='20260617', strike=410.0, right='C', multiplier='100', exchange='SMART', currency='USD', localSymbol='TSLA  260617C00410000', tradingClass='TSLA'), order=LimitOrder(orderId=28, clientId=111, action='SELL', totalQuantity=1, lmtPrice=3.02, tif='DAY'), orderStatus=OrderStatus(orderId=28, status='PendingSubmit', filled=0.0, remaining=0.0, avgFillPrice=0.0, permId=0, parentId=0, lastFillPrice=0.0, clientId=0, whyHeld='', mktCapPrice=0.0), fills=[], log=[TradeLogEntry(time=datetime.datetime(2026, 6, 16, 15, 50, 48, 734160, tzinfo=datetime.timezone.utc), status='PendingSubmit', message='', errorCode=0)], advancedError='')
2026-06-16 10:50:48 [INFO] [executor] TSLA: exit limit@mid $3.02  bid=$2.99 ask=$3.05  (attempt 3)
2026-06-16 10:50:48 [INFO] orderStatus: Trade(contract=Option(conId=888605060, symbol='TSLA', lastTradeDateOrContractMonth='20260617', strike=410.0, right='C', multiplier='100', exchange='SMART', currency='USD', localSymbol='TSLA  260617C00410000', tradingClass='TSLA'), order=LimitOrder(orderId=28, clientId=111, permId=1021225548, action='SELL', totalQuantity=1.0, lmtPrice=3.02, auxPrice=0.0, tif='DAY'), orderStatus=OrderStatus(orderId=28, status='Inactive', filled=0.0, remaining=1.0, avgFillPrice=0.0, permId=1021225548, parentId=0, lastFillPrice=0.0, clientId=111, whyHeld='', mktCapPrice=0.0), fills=[], log=[TradeLogEntry(time=datetime.datetime(2026, 6, 16, 15, 50, 48, 734160, tzinfo=datetime.timezone.utc), status='PendingSubmit', message='', errorCode=0), TradeLogEntry(time=datetime.datetime(2026, 6, 16, 15, 50, 48, 781643, tzinfo=datetime.timezone.utc), status='Inactive', message='', errorCode=0)], advancedError='')
2026-06-16 10:50:48 [ERROR] Error 201, reqId 28: Order rejected - reason:You are not able to submit this order because you do not have trading permissions for this options strategy.
2026-06-16 10:50:48 [WARNING] Canceled order: Trade(contract=Option(conId=888605060, symbol='TSLA', lastTradeDateOrContractMonth='20260617', strike=410.0, right='C', multiplier='100', exchange='SMART', currency='USD', localSymbol='TSLA  260617C00410000', tradingClass='TSLA'), order=LimitOrder(orderId=28, clientId=111, permId=1021225548, action='SELL', totalQuantity=1.0, lmtPrice=3.02, auxPrice=0.0, tif='DAY'), orderStatus=OrderStatus(orderId=28, status='Cancelled', filled=0.0, remaining=1.0, avgFillPrice=0.0, permId=1021225548, parentId=0, lastFillPrice=0.0, clientId=111, whyHeld='', mktCapPrice=0.0), fills=[], log=[TradeLogEntry(time=datetime.datetime(2026, 6, 16, 15, 50, 48, 734160, tzinfo=datetime.timezone.utc), status='PendingSubmit', message='', errorCode=0), TradeLogEntry(time=datetime.datetime(2026, 6, 16, 15, 50, 48, 781643, tzinfo=datetime.timezone.utc), status='Inactive', message='', errorCode=0), TradeLogEntry(time=datetime.datetime(2026, 6, 16, 15, 50, 48, 782645, tzinfo=datetime.timezone.utc), status='Cancelled', message='Error 201, reqId 28: Order rejected - reason:You are not able to submit this order because you do not have trading permissions for this options strategy.', errorCode=201)], advancedError='')
2026-06-16 10:50:48 [INFO] orderStatus: Trade(contract=Option(conId=888605060, symbol='TSLA', lastTradeDateOrContractMonth='20260617', strike=410.0, right='C', multiplier='100', exchange='SMART', currency='USD', localSymbol='TSLA  260617C00410000', tradingClass='TSLA'), order=LimitOrder(orderId=28, clientId=111, permId=1021225548, action='SELL', totalQuantity=1.0, lmtPrice=3.02, auxPrice=0.0, tif='DAY'), orderStatus=OrderStatus(orderId=28, status='Inactive', filled=0.0, remaining=1.0, avgFillPrice=0.0, permId=1021225548, parentId=0, lastFillPrice=0.0, clientId=111, whyHeld='', mktCapPrice=0.0), fills=[], log=[TradeLogEntry(time=datetime.datetime(2026, 6, 16, 15, 50, 48, 734160, tzinfo=datetime.timezone.utc), status='PendingSubmit', message='', errorCode=0), TradeLogEntry(time=datetime.datetime(2026, 6, 16, 15, 50, 48, 781643, tzinfo=datetime.timezone.utc), status='Inactive', message='', errorCode=0), TradeLogEntry(time=datetime.datetime(2026, 6, 16, 15, 50, 48, 782645, tzinfo=datetime.timezone.utc), status='Cancelled', message='Error 201, reqId 28: Order rejected - reason:You are not able to submit this order because you do not have trading permissions for this options strategy.', errorCode=201), TradeLogEntry(time=datetime.datetime(2026, 6, 16, 15, 50, 48, 783643, tzinfo=datetime.timezone.utc), status='Inactive', message='', errorCode=0)], advancedError='')
2026-06-16 10:50:53 [INFO] cancelOrder: Trade(contract=Option(conId=888605060, symbol='TSLA', lastTradeDateOrContractMonth='20260617', strike=410.0, right='C', multiplier='100', exchange='SMART', currency='USD', localSymbol='TSLA  260617C00410000', tradingClass='TSLA'), order=LimitOrder(orderId=28, clientId=111, permId=1021225548, action='SELL', totalQuantity=1.0, lmtPrice=3.02, auxPrice=0.0, tif='DAY'), orderStatus=OrderStatus(orderId=28, status='Cancelled', filled=0.0, remaining=1.0, avgFillPrice=0.0, permId=1021225548, parentId=0, lastFillPrice=0.0, clientId=111, whyHeld='', mktCapPrice=0.0), fills=[], log=[TradeLogEntry(time=datetime.datetime(2026, 6, 16, 15, 50, 48, 734160, tzinfo=datetime.timezone.utc), status='PendingSubmit', message='', errorCode=0), TradeLogEntry(time=datetime.datetime(2026, 6, 16, 15, 50, 48, 781643, tzinfo=datetime.timezone.utc), status='Inactive', message='', errorCode=0), TradeLogEntry(time=datetime.datetime(2026, 6, 16, 15, 50, 48, 782645, tzinfo=datetime.timezone.utc), status='Cancelled', message='Error 201, reqId 28: Order rejected - reason:You are not able to submit this order because you do not have trading permissions for this options strategy.', errorCode=201), TradeLogEntry(time=datetime.datetime(2026, 6, 16, 15, 50, 48, 783643, tzinfo=datetime.timezone.utc), status='Inactive', message='', errorCode=0), TradeLogEntry(time=datetime.datetime(2026, 6, 16, 15, 50, 53, 787678, tzinfo=datetime.timezone.utc), status='Cancelled', message='', errorCode=0)], advancedError='')
2026-06-16 10:50:53 [ERROR] Error 10148, reqId 28: OrderId 28 that needs to be cancelled cannot be cancelled, state: Cancelled.
2026-06-16 10:51:05 [INFO] placeOrder: New order Trade(contract=Option(conId=888605060, symbol='TSLA', lastTradeDateOrContractMonth='20260617', strike=410.0, right='C', multiplier='100', exchange='SMART', currency='USD', localSymbol='TSLA  260617C00410000', tradingClass='TSLA'), order=LimitOrder(orderId=30, clientId=111, action='SELL', totalQuantity=1, lmtPrice=2.99, tif='DAY'), orderStatus=OrderStatus(orderId=30, status='PendingSubmit', filled=0.0, remaining=0.0, avgFillPrice=0.0, permId=0, parentId=0, lastFillPrice=0.0, clientId=0, whyHeld='', mktCapPrice=0.0), fills=[], log=[TradeLogEntry(time=datetime.datetime(2026, 6, 16, 15, 51, 5, 808044, tzinfo=datetime.timezone.utc), status='PendingSubmit', message='', errorCode=0)], advancedError='')
2026-06-16 10:51:05 [INFO] [executor] TSLA: exit limit@bid $2.99  bid=$2.99 ask=$3.05  (attempt 4)
2026-06-16 10:51:05 [INFO] orderStatus: Trade(contract=Option(conId=888605060, symbol='TSLA', lastTradeDateOrContractMonth='20260617', strike=410.0, right='C', multiplier='100', exchange='SMART', currency='USD', localSymbol='TSLA  260617C00410000', tradingClass='TSLA'), order=LimitOrder(orderId=30, clientId=111, permId=1021225549, action='SELL', totalQuantity=1.0, lmtPrice=2.99, auxPrice=0.0, tif='DAY'), orderStatus=OrderStatus(orderId=30, status='Inactive', filled=0.0, remaining=1.0, avgFillPrice=0.0, permId=1021225549, parentId=0, lastFillPrice=0.0, clientId=111, whyHeld='', mktCapPrice=0.0), fills=[], log=[TradeLogEntry(time=datetime.datetime(2026, 6, 16, 15, 51, 5, 808044, tzinfo=datetime.timezone.utc), status='PendingSubmit', message='', errorCode=0), TradeLogEntry(time=datetime.datetime(2026, 6, 16, 15, 51, 5, 855707, tzinfo=datetime.timezone.utc), status='Inactive', message='', errorCode=0)], advancedError='')
2026-06-16 10:51:05 [ERROR] Error 201, reqId 30: Order rejected - reason:You are not able to submit this order because you do not have trading permissions for this options strategy.
2026-06-16 10:51:05 [WARNING] Canceled order: Trade(contract=Option(conId=888605060, symbol='TSLA', lastTradeDateOrContractMonth='20260617', strike=410.0, right='C', multiplier='100', exchange='SMART', currency='USD', localSymbol='TSLA  260617C00410000', tradingClass='TSLA'), order=LimitOrder(orderId=30, clientId=111, permId=1021225549, action='SELL', totalQuantity=1.0, lmtPrice=2.99, auxPrice=0.0, tif='DAY'), orderStatus=OrderStatus(orderId=30, status='Cancelled', filled=0.0, remaining=1.0, avgFillPrice=0.0, permId=1021225549, parentId=0, lastFillPrice=0.0, clientId=111, whyHeld='', mktCapPrice=0.0), fills=[], log=[TradeLogEntry(time=datetime.datetime(2026, 6, 16, 15, 51, 5, 808044, tzinfo=datetime.timezone.utc), status='PendingSubmit', message='', errorCode=0), TradeLogEntry(time=datetime.datetime(2026, 6, 16, 15, 51, 5, 855707, tzinfo=datetime.timezone.utc), status='Inactive', message='', errorCode=0), TradeLogEntry(time=datetime.datetime(2026, 6, 16, 15, 51, 5, 856718, tzinfo=datetime.timezone.utc), status='Cancelled', message='Error 201, reqId 30: Order rejected - reason:You are not able to submit this order because you do not have trading permissions for this options strategy.', errorCode=201)], advancedError='')
2026-06-16 10:51:05 [INFO] orderStatus: Trade(contract=Option(conId=888605060, symbol='TSLA', lastTradeDateOrContractMonth='20260617', strike=410.0, right='C', multiplier='100', exchange='SMART', currency='USD', localSymbol='TSLA  260617C00410000', tradingClass='TSLA'), order=LimitOrder(orderId=30, clientId=111, permId=1021225549, action='SELL', totalQuantity=1.0, lmtPrice=2.99, auxPrice=0.0, tif='DAY'), orderStatus=OrderStatus(orderId=30, status='Inactive', filled=0.0, remaining=1.0, avgFillPrice=0.0, permId=1021225549, parentId=0, lastFillPrice=0.0, clientId=111, whyHeld='', mktCapPrice=0.0), fills=[], log=[TradeLogEntry(time=datetime.datetime(2026, 6, 16, 15, 51, 5, 808044, tzinfo=datetime.timezone.utc), status='PendingSubmit', message='', errorCode=0), TradeLogEntry(time=datetime.datetime(2026, 6, 16, 15, 51, 5, 855707, tzinfo=datetime.timezone.utc), status='Inactive', message='', errorCode=0), TradeLogEntry(time=datetime.datetime(2026, 6, 16, 15, 51, 5, 856718, tzinfo=datetime.timezone.utc), status='Cancelled', message='Error 201, reqId 30: Order rejected - reason:You are not able to submit this order because you do not have trading permissions for this options strategy.', errorCode=201), TradeLogEntry(time=datetime.datetime(2026, 6, 16, 15, 51, 5, 857717, tzinfo=datetime.timezone.utc), status='Inactive', message='', errorCode=0)], advancedError='')
2026-06-16 10:51:10 [INFO] cancelOrder: Trade(contract=Option(conId=888605060, symbol='TSLA', lastTradeDateOrContractMonth='20260617', strike=410.0, right='C', multiplier='100', exchange='SMART', currency='USD', localSymbol='TSLA  260617C00410000', tradingClass='TSLA'), order=LimitOrder(orderId=30, clientId=111, permId=1021225549, action='SELL', totalQuantity=1.0, lmtPrice=2.99, auxPrice=0.0, tif='DAY'), orderStatus=OrderStatus(orderId=30, status='Cancelled', filled=0.0, remaining=1.0, avgFillPrice=0.0, permId=1021225549, parentId=0, lastFillPrice=0.0, clientId=111, whyHeld='', mktCapPrice=0.0), fills=[], log=[TradeLogEntry(time=datetime.datetime(2026, 6, 16, 15, 51, 5, 808044, tzinfo=datetime.timezone.utc), status='PendingSubmit', message='', errorCode=0), TradeLogEntry(time=datetime.datetime(2026, 6, 16, 15, 51, 5, 855707, tzinfo=datetime.timezone.utc), status='Inactive', message='', errorCode=0), TradeLogEntry(time=datetime.datetime(2026, 6, 16, 15, 51, 5, 856718, tzinfo=datetime.timezone.utc), status='Cancelled', message='Error 201, reqId 30: Order rejected - reason:You are not able to submit this order because you do not have trading permissions for this options strategy.', errorCode=201), TradeLogEntry(time=datetime.datetime(2026, 6, 16, 15, 51, 5, 857717, tzinfo=datetime.timezone.utc), status='Inactive', message='', errorCode=0), TradeLogEntry(time=datetime.datetime(2026, 6, 16, 15, 51, 10, 855814, tzinfo=datetime.timezone.utc), status='Cancelled', message='', errorCode=0)], advancedError='')
2026-06-16 10:51:10 [ERROR] Error 10148, reqId 30: OrderId 30 that needs to be cancelled cannot be cancelled, state: Cancelled.
2026-06-16 10:51:22 [INFO] placeOrder: New order Trade(contract=Option(conId=888605060, symbol='TSLA', lastTradeDateOrContractMonth='20260617', strike=410.0, right='C', multiplier='100', exchange='SMART', currency='USD', localSymbol='TSLA  260617C00410000', tradingClass='TSLA'), order=LimitOrder(orderId=32, clientId=111, action='SELL', totalQuantity=1, lmtPrice=2.99, tif='DAY'), orderStatus=OrderStatus(orderId=32, status='PendingSubmit', filled=0.0, remaining=0.0, avgFillPrice=0.0, permId=0, parentId=0, lastFillPrice=0.0, clientId=0, whyHeld='', mktCapPrice=0.0), fills=[], log=[TradeLogEntry(time=datetime.datetime(2026, 6, 16, 15, 51, 22, 876985, tzinfo=datetime.timezone.utc), status='PendingSubmit', message='', errorCode=0)], advancedError='')
2026-06-16 10:51:22 [INFO] [executor] TSLA: exit limit@bid $2.99  bid=$2.99 ask=$3.05  (attempt 5)
2026-06-16 10:51:22 [INFO] orderStatus: Trade(contract=Option(conId=888605060, symbol='TSLA', lastTradeDateOrContractMonth='20260617', strike=410.0, right='C', multiplier='100', exchange='SMART', currency='USD', localSymbol='TSLA  260617C00410000', tradingClass='TSLA'), order=LimitOrder(orderId=32, clientId=111, permId=1021225550, action='SELL', totalQuantity=1.0, lmtPrice=2.99, auxPrice=0.0, tif='DAY'), orderStatus=OrderStatus(orderId=32, status='Inactive', filled=0.0, remaining=1.0, avgFillPrice=0.0, permId=1021225550, parentId=0, lastFillPrice=0.0, clientId=111, whyHeld='', mktCapPrice=0.0), fills=[], log=[TradeLogEntry(time=datetime.datetime(2026, 6, 16, 15, 51, 22, 876985, tzinfo=datetime.timezone.utc), status='PendingSubmit', message='', errorCode=0), TradeLogEntry(time=datetime.datetime(2026, 6, 16, 15, 51, 22, 921189, tzinfo=datetime.timezone.utc), status='Inactive', message='', errorCode=0)], advancedError='')
2026-06-16 10:51:22 [ERROR] Error 201, reqId 32: Order rejected - reason:You are not able to submit this order because you do not have trading permissions for this options strategy.
2026-06-16 10:51:22 [WARNING] Canceled order: Trade(contract=Option(conId=888605060, symbol='TSLA', lastTradeDateOrContractMonth='20260617', strike=410.0, right='C', multiplier='100', exchange='SMART', currency='USD', localSymbol='TSLA  260617C00410000', tradingClass='TSLA'), order=LimitOrder(orderId=32, clientId=111, permId=1021225550, action='SELL', totalQuantity=1.0, lmtPrice=2.99, auxPrice=0.0, tif='DAY'), orderStatus=OrderStatus(orderId=32, status='Cancelled', filled=0.0, remaining=1.0, avgFillPrice=0.0, permId=1021225550, parentId=0, lastFillPrice=0.0, clientId=111, whyHeld='', mktCapPrice=0.0), fills=[], log=[TradeLogEntry(time=datetime.datetime(2026, 6, 16, 15, 51, 22, 876985, tzinfo=datetime.timezone.utc), status='PendingSubmit', message='', errorCode=0), TradeLogEntry(time=datetime.datetime(2026, 6, 16, 15, 51, 22, 921189, tzinfo=datetime.timezone.utc), status='Inactive', message='', errorCode=0), TradeLogEntry(time=datetime.datetime(2026, 6, 16, 15, 51, 22, 922189, tzinfo=datetime.timezone.utc), status='Cancelled', message='Error 201, reqId 32: Order rejected - reason:You are not able to submit this order because you do not have trading permissions for this options strategy.', errorCode=201)], advancedError='')
2026-06-16 10:51:22 [INFO] orderStatus: Trade(contract=Option(conId=888605060, symbol='TSLA', lastTradeDateOrContractMonth='20260617', strike=410.0, right='C', multiplier='100', exchange='SMART', currency='USD', localSymbol='TSLA  260617C00410000', tradingClass='TSLA'), order=LimitOrder(orderId=32, clientId=111, permId=1021225550, action='SELL', totalQuantity=1.0, lmtPrice=2.99, auxPrice=0.0, tif='DAY'), orderStatus=OrderStatus(orderId=32, status='Inactive', filled=0.0, remaining=1.0, avgFillPrice=0.0, permId=1021225550, parentId=0, lastFillPrice=0.0, clientId=111, whyHeld='', mktCapPrice=0.0), fills=[], log=[TradeLogEntry(time=datetime.datetime(2026, 6, 16, 15, 51, 22, 876985, tzinfo=datetime.timezone.utc), status='PendingSubmit', message='', errorCode=0), TradeLogEntry(time=datetime.datetime(2026, 6, 16, 15, 51, 22, 921189, tzinfo=datetime.timezone.utc), status='Inactive', message='', errorCode=0), TradeLogEntry(time=datetime.datetime(2026, 6, 16, 15, 51, 22, 922189, tzinfo=datetime.timezone.utc), status='Cancelled', message='Error 201, reqId 32: Order rejected - reason:You are not able to submit this order because you do not have trading permissions for this options strategy.', errorCode=201), TradeLogEntry(time=datetime.datetime(2026, 6, 16, 15, 51, 22, 922189, tzinfo=datetime.timezone.utc), status='Inactive', message='', errorCode=0)], advancedError='')
2026-06-16 10:51:27 [INFO] cancelOrder: Trade(contract=Option(conId=888605060, symbol='TSLA', lastTradeDateOrContractMonth='20260617', strike=410.0, right='C', multiplier='100', exchange='SMART', currency='USD', localSymbol='TSLA  260617C00410000', tradingClass='TSLA'), order=LimitOrder(orderId=32, clientId=111, permId=1021225550, action='SELL', totalQuantity=1.0, lmtPrice=2.99, auxPrice=0.0, tif='DAY'), orderStatus=OrderStatus(orderId=32, status='Cancelled', filled=0.0, remaining=1.0, avgFillPrice=0.0, permId=1021225550, parentId=0, lastFillPrice=0.0, clientId=111, whyHeld='', mktCapPrice=0.0), fills=[], log=[TradeLogEntry(time=datetime.datetime(2026, 6, 16, 15, 51, 22, 876985, tzinfo=datetime.timezone.utc), status='PendingSubmit', message='', errorCode=0), TradeLogEntry(time=datetime.datetime(2026, 6, 16, 15, 51, 22, 921189, tzinfo=datetime.timezone.utc), status='Inactive', message='', errorCode=0), TradeLogEntry(time=datetime.datetime(2026, 6, 16, 15, 51, 22, 922189, tzinfo=datetime.timezone.utc), status='Cancelled', message='Error 201, reqId 32: Order rejected - reason:You are not able to submit this order because you do not have trading permissions for this options strategy.', errorCode=201), TradeLogEntry(time=datetime.datetime(2026, 6, 16, 15, 51, 22, 922189, tzinfo=datetime.timezone.utc), status='Inactive', message='', errorCode=0), TradeLogEntry(time=datetime.datetime(2026, 6, 16, 15, 51, 27, 933785, tzinfo=datetime.timezone.utc), status='Cancelled', message='', errorCode=0)], advancedError='')
2026-06-16 10:51:27 [ERROR] Error 10148, reqId 32: OrderId 32 that needs to be cancelled cannot be cancelled, state: Cancelled.
2026-06-16 10:51:39 [INFO] placeOrder: New order Trade(contract=Option(conId=888605060, symbol='TSLA', lastTradeDateOrContractMonth='20260617', strike=410.0, right='C', multiplier='100', exchange='SMART', currency='USD', localSymbol='TSLA  260617C00410000', tradingClass='TSLA'), order=LimitOrder(orderId=34, clientId=111, action='SELL', totalQuantity=1, lmtPrice=2.99, tif='DAY'), orderStatus=OrderStatus(orderId=34, status='PendingSubmit', filled=0.0, remaining=0.0, avgFillPrice=0.0, permId=0, parentId=0, lastFillPrice=0.0, clientId=0, whyHeld='', mktCapPrice=0.0), fills=[], log=[TradeLogEntry(time=datetime.datetime(2026, 6, 16, 15, 51, 39, 954307, tzinfo=datetime.timezone.utc), status='PendingSubmit', message='', errorCode=0)], advancedError='')
2026-06-16 10:51:39 [INFO] [executor] TSLA: exit limit@bid $2.99  bid=$2.99 ask=$3.05  (attempt 6)
2026-06-16 10:51:39 [INFO] orderStatus: Trade(contract=Option(conId=888605060, symbol='TSLA', lastTradeDateOrContractMonth='20260617', strike=410.0, right='C', multiplier='100', exchange='SMART', currency='USD', localSymbol='TSLA  260617C00410000', tradingClass='TSLA'), order=LimitOrder(orderId=34, clientId=111, permId=1021225551, action='SELL', totalQuantity=1.0, lmtPrice=2.99, auxPrice=0.0, tif='DAY'), orderStatus=OrderStatus(orderId=34, status='Inactive', filled=0.0, remaining=1.0, avgFillPrice=0.0, permId=1021225551, parentId=0, lastFillPrice=0.0, clientId=111, whyHeld='', mktCapPrice=0.0), fills=[], log=[TradeLogEntry(time=datetime.datetime(2026, 6, 16, 15, 51, 39, 954307, tzinfo=datetime.timezone.utc), status='PendingSubmit', message='', errorCode=0), TradeLogEntry(time=datetime.datetime(2026, 6, 16, 15, 51, 39, 998586, tzinfo=datetime.timezone.utc), status='Inactive', message='', errorCode=0)], advancedError='')
2026-06-16 10:51:39 [ERROR] Error 201, reqId 34: Order rejected - reason:You are not able to submit this order because you do not have trading permissions for this options strategy.
2026-06-16 10:51:39 [WARNING] Canceled order: Trade(contract=Option(conId=888605060, symbol='TSLA', lastTradeDateOrContractMonth='20260617', strike=410.0, right='C', multiplier='100', exchange='SMART', currency='USD', localSymbol='TSLA  260617C00410000', tradingClass='TSLA'), order=LimitOrder(orderId=34, clientId=111, permId=1021225551, action='SELL', totalQuantity=1.0, lmtPrice=2.99, auxPrice=0.0, tif='DAY'), orderStatus=OrderStatus(orderId=34, status='Cancelled', filled=0.0, remaining=1.0, avgFillPrice=0.0, permId=1021225551, parentId=0, lastFillPrice=0.0, clientId=111, whyHeld='', mktCapPrice=0.0), fills=[], log=[TradeLogEntry(time=datetime.datetime(2026, 6, 16, 15, 51, 39, 954307, tzinfo=datetime.timezone.utc), status='PendingSubmit', message='', errorCode=0), TradeLogEntry(time=datetime.datetime(2026, 6, 16, 15, 51, 39, 998586, tzinfo=datetime.timezone.utc), status='Inactive', message='', errorCode=0), TradeLogEntry(time=datetime.datetime(2026, 6, 16, 15, 51, 39, 999591, tzinfo=datetime.timezone.utc), status='Cancelled', message='Error 201, reqId 34: Order rejected - reason:You are not able to submit this order because you do not have trading permissions for this options strategy.', errorCode=201)], advancedError='')
2026-06-16 10:51:40 [INFO] orderStatus: Trade(contract=Option(conId=888605060, symbol='TSLA', lastTradeDateOrContractMonth='20260617', strike=410.0, right='C', multiplier='100', exchange='SMART', currency='USD', localSymbol='TSLA  260617C00410000', tradingClass='TSLA'), order=LimitOrder(orderId=34, clientId=111, permId=1021225551, action='SELL', totalQuantity=1.0, lmtPrice=2.99, auxPrice=0.0, tif='DAY'), orderStatus=OrderStatus(orderId=34, status='Inactive', filled=0.0, remaining=1.0, avgFillPrice=0.0, permId=1021225551, parentId=0, lastFillPrice=0.0, clientId=111, whyHeld='', mktCapPrice=0.0), fills=[], log=[TradeLogEntry(time=datetime.datetime(2026, 6, 16, 15, 51, 39, 954307, tzinfo=datetime.timezone.utc), status='PendingSubmit', message='', errorCode=0), TradeLogEntry(time=datetime.datetime(2026, 6, 16, 15, 51, 39, 998586, tzinfo=datetime.timezone.utc), status='Inactive', message='', errorCode=0), TradeLogEntry(time=datetime.datetime(2026, 6, 16, 15, 51, 39, 999591, tzinfo=datetime.timezone.utc), status='Cancelled', message='Error 201, reqId 34: Order rejected - reason:You are not able to submit this order because you do not have trading permissions for this options strategy.', errorCode=201), TradeLogEntry(time=datetime.datetime(2026, 6, 16, 15, 51, 39, 999591, tzinfo=datetime.timezone.utc), status='Inactive', message='', errorCode=0)], advancedError='')
2026-06-16 10:51:44 [INFO] cancelOrder: Trade(contract=Option(conId=888605060, symbol='TSLA', lastTradeDateOrContractMonth='20260617', strike=410.0, right='C', multiplier='100', exchange='SMART', currency='USD', localSymbol='TSLA  260617C00410000', tradingClass='TSLA'), order=LimitOrder(orderId=34, clientId=111, permId=1021225551, action='SELL', totalQuantity=1.0, lmtPrice=2.99, auxPrice=0.0, tif='DAY'), orderStatus=OrderStatus(orderId=34, status='Cancelled', filled=0.0, remaining=1.0, avgFillPrice=0.0, permId=1021225551, parentId=0, lastFillPrice=0.0, clientId=111, whyHeld='', mktCapPrice=0.0), fills=[], log=[TradeLogEntry(time=datetime.datetime(2026, 6, 16, 15, 51, 39, 954307, tzinfo=datetime.timezone.utc), status='PendingSubmit', message='', errorCode=0), TradeLogEntry(time=datetime.datetime(2026, 6, 16, 15, 51, 39, 998586, tzinfo=datetime.timezone.utc), status='Inactive', message='', errorCode=0), TradeLogEntry(time=datetime.datetime(2026, 6, 16, 15, 51, 39, 999591, tzinfo=datetime.timezone.utc), status='Cancelled', message='Error 201, reqId 34: Order rejected - reason:You are not able to submit this order because you do not have trading permissions for this options strategy.', errorCode=201), TradeLogEntry(time=datetime.datetime(2026, 6, 16, 15, 51, 39, 999591, tzinfo=datetime.timezone.utc), status='Inactive', message='', errorCode=0), TradeLogEntry(time=datetime.datetime(2026, 6, 16, 15, 51, 44, 996889, tzinfo=datetime.timezone.utc), status='Cancelled', message='', errorCode=0)], advancedError='')
2026-06-16 10:51:44 [ERROR] Error 10148, reqId 34: OrderId 34 that needs to be cancelled cannot be cancelled, state: Cancelled.
2026-06-16 10:51:46 [WARNING] [executor] TSLA: limit exits failed — market order fallback
2026-06-16 10:51:46 [INFO] placeOrder: New order Trade(contract=Option(conId=888605060, symbol='TSLA', lastTradeDateOrContractMonth='20260617', strike=410.0, right='C', multiplier='100', exchange='SMART', currency='USD', localSymbol='TSLA  260617C00410000', tradingClass='TSLA'), order=MarketOrder(orderId=35, clientId=111, action='SELL', totalQuantity=1, tif='DAY'), orderStatus=OrderStatus(orderId=35, status='PendingSubmit', filled=0.0, remaining=0.0, avgFillPrice=0.0, permId=0, parentId=0, lastFillPrice=0.0, clientId=0, whyHeld='', mktCapPrice=0.0), fills=[], log=[TradeLogEntry(time=datetime.datetime(2026, 6, 16, 15, 51, 46, 10022, tzinfo=datetime.timezone.utc), status='PendingSubmit', message='', errorCode=0)], advancedError='')
2026-06-16 10:51:46 [INFO] orderStatus: Trade(contract=Option(conId=888605060, symbol='TSLA', lastTradeDateOrContractMonth='20260617', strike=410.0, right='C', multiplier='100', exchange='SMART', currency='USD', localSymbol='TSLA  260617C00410000', tradingClass='TSLA'), order=MarketOrder(orderId=35, clientId=111, permId=1021225552, action='SELL', totalQuantity=1.0, lmtPrice=0.0, auxPrice=0.0, tif='DAY'), orderStatus=OrderStatus(orderId=35, status='Inactive', filled=0.0, remaining=1.0, avgFillPrice=0.0, permId=1021225552, parentId=0, lastFillPrice=0.0, clientId=111, whyHeld='', mktCapPrice=0.0), fills=[], log=[TradeLogEntry(time=datetime.datetime(2026, 6, 16, 15, 51, 46, 10022, tzinfo=datetime.timezone.utc), status='PendingSubmit', message='', errorCode=0), TradeLogEntry(time=datetime.datetime(2026, 6, 16, 15, 51, 46, 53464, tzinfo=datetime.timezone.utc), status='Inactive', message='', errorCode=0)], advancedError='')
2026-06-16 10:51:46 [ERROR] Error 201, reqId 35: Order rejected - reason:You are not able to submit this order because you do not have trading permissions for this options strategy.
2026-06-16 10:51:46 [WARNING] Canceled order: Trade(contract=Option(conId=888605060, symbol='TSLA', lastTradeDateOrContractMonth='20260617', strike=410.0, right='C', multiplier='100', exchange='SMART', currency='USD', localSymbol='TSLA  260617C00410000', tradingClass='TSLA'), order=MarketOrder(orderId=35, clientId=111, permId=1021225552, action='SELL', totalQuantity=1.0, lmtPrice=0.0, auxPrice=0.0, tif='DAY'), orderStatus=OrderStatus(orderId=35, status='Cancelled', filled=0.0, remaining=1.0, avgFillPrice=0.0, permId=1021225552, parentId=0, lastFillPrice=0.0, clientId=111, whyHeld='', mktCapPrice=0.0), fills=[], log=[TradeLogEntry(time=datetime.datetime(2026, 6, 16, 15, 51, 46, 10022, tzinfo=datetime.timezone.utc), status='PendingSubmit', message='', errorCode=0), TradeLogEntry(time=datetime.datetime(2026, 6, 16, 15, 51, 46, 53464, tzinfo=datetime.timezone.utc), status='Inactive', message='', errorCode=0), TradeLogEntry(time=datetime.datetime(2026, 6, 16, 15, 51, 46, 54464, tzinfo=datetime.timezone.utc), status='Cancelled', message='Error 201, reqId 35: Order rejected - reason:You are not able to submit this order because you do not have trading permissions for this options strategy.', errorCode=201)], advancedError='')
2026-06-16 10:51:46 [INFO] orderStatus: Trade(contract=Option(conId=888605060, symbol='TSLA', lastTradeDateOrContractMonth='20260617', strike=410.0, right='C', multiplier='100', exchange='SMART', currency='USD', localSymbol='TSLA  260617C00410000', tradingClass='TSLA'), order=MarketOrder(orderId=35, clientId=111, permId=1021225552, action='SELL', totalQuantity=1.0, lmtPrice=0.0, auxPrice=0.0, tif='DAY'), orderStatus=OrderStatus(orderId=35, status='Inactive', filled=0.0, remaining=1.0, avgFillPrice=0.0, permId=1021225552, parentId=0, lastFillPrice=0.0, clientId=111, whyHeld='', mktCapPrice=0.0), fills=[], log=[TradeLogEntry(time=datetime.datetime(2026, 6, 16, 15, 51, 46, 10022, tzinfo=datetime.timezone.utc), status='PendingSubmit', message='', errorCode=0), TradeLogEntry(time=datetime.datetime(2026, 6, 16, 15, 51, 46, 53464, tzinfo=datetime.timezone.utc), status='Inactive', message='', errorCode=0), TradeLogEntry(time=datetime.datetime(2026, 6, 16, 15, 51, 46, 54464, tzinfo=datetime.timezone.utc), status='Cancelled', message='Error 201, reqId 35: Order rejected - reason:You are not able to submit this order because you do not have trading permissions for this options strategy.', errorCode=201), TradeLogEntry(time=datetime.datetime(2026, 6, 16, 15, 51, 46, 55461, tzinfo=datetime.timezone.utc), status='Inactive', message='', errorCode=0)], advancedError='')
2026-06-16 10:51:51 [WARNING] [executor] TSLA: market exit unfilled — using last mid $5.88
2026-06-16 10:51:51 [WARNING] [executor] TSLA: exit unfilled — no Telegram sent, position cleared
2026-06-16 10:51:51 [INFO] [executor] TSLA: MR Flip — exited existing position, no new entry
2026-06-16 10:51:54 [INFO] Combined alert sent
2026-06-16 14:35:06 [INFO] Combined alert sent
