2026-06-12 06:00:02 [INFO] Connecting to 127.0.0.1:4002 with clientId 111...
2026-06-12 06:00:04 [INFO] Disconnecting
2026-06-12 06:00:04 [ERROR] API connection failed: ConnectionRefusedError(22, 'The remote computer refused the network connection', None, 1225, None)
2026-06-12 06:00:04 [ERROR] Make sure API port on TWS/IBG is open
2026-06-12 06:00:04 [WARNING] [executor] Could not connect to IB ([WinError 1225] The remote computer refused the network connection). Options execution disabled.
2026-06-12 06:00:04 [INFO] INSANE Alert Engine started (5m) -- MR + ORB-Slope strategy
2026-06-12 06:05:03 [INFO] TSLA: 0 session bars — waiting for ORB warmup
2026-06-12 06:05:05 [INFO] SPY: 0 session bars — waiting for ORB warmup
2026-06-12 06:05:06 [INFO] ^GSPC: 0 session bars — waiting for ORB warmup
2026-06-12 06:05:07 [INFO] QQQ: 0 session bars — waiting for ORB warmup
2026-06-12 06:05:09 [INFO] TQQQ: 0 session bars — waiting for ORB warmup
2026-06-12 06:10:03 [INFO] TSLA: 0 session bars — waiting for ORB warmup
2026-06-12 06:10:04 [INFO] SPY: 0 session bars — waiting for ORB warmup
2026-06-12 06:10:05 [INFO] ^GSPC: 0 session bars — waiting for ORB warmup
2026-06-12 06:10:07 [INFO] QQQ: 0 session bars — waiting for ORB warmup
2026-06-12 06:10:08 [INFO] TQQQ: 0 session bars — waiting for ORB warmup
2026-06-12 06:15:03 [INFO] TSLA: 0 session bars — waiting for ORB warmup
2026-06-12 06:15:04 [INFO] SPY: 0 session bars — waiting for ORB warmup
2026-06-12 06:15:05 [INFO] ^GSPC: 0 session bars — waiting for ORB warmup
2026-06-12 06:15:07 [INFO] QQQ: 0 session bars — waiting for ORB warmup
2026-06-12 06:15:08 [INFO] TQQQ: 0 session bars — waiting for ORB warmup
2026-06-12 06:20:03 [INFO] TSLA: 0 session bars — waiting for ORB warmup
2026-06-12 06:20:04 [INFO] SPY: 0 session bars — waiting for ORB warmup
2026-06-12 06:20:06 [INFO] ^GSPC: 0 session bars — waiting for ORB warmup
2026-06-12 06:20:07 [INFO] QQQ: 0 session bars — waiting for ORB warmup
2026-06-12 06:20:08 [INFO] TQQQ: 0 session bars — waiting for ORB warmup
2026-06-12 06:25:03 [INFO] TSLA: 0 session bars — waiting for ORB warmup
2026-06-12 06:25:04 [INFO] SPY: 0 session bars — waiting for ORB warmup
2026-06-12 06:25:05 [INFO] ^GSPC: 0 session bars — waiting for ORB warmup
2026-06-12 06:25:07 [INFO] QQQ: 0 session bars — waiting for ORB warmup
2026-06-12 06:25:08 [INFO] TQQQ: 0 session bars — waiting for ORB warmup
2026-06-12 06:30:03 [INFO] TSLA: 0 session bars — waiting for ORB warmup
2026-06-12 06:30:04 [INFO] SPY: 0 session bars — waiting for ORB warmup
2026-06-12 06:30:05 [INFO] ^GSPC: 0 session bars — waiting for ORB warmup
2026-06-12 06:30:07 [INFO] QQQ: 0 session bars — waiting for ORB warmup
2026-06-12 06:30:08 [INFO] TQQQ: 0 session bars — waiting for ORB warmup
2026-06-12 06:35:03 [INFO] TSLA: 0 session bars — waiting for ORB warmup
2026-06-12 06:35:04 [INFO] SPY: 0 session bars — waiting for ORB warmup
2026-06-12 06:35:05 [INFO] ^GSPC: 0 session bars — waiting for ORB warmup
2026-06-12 06:35:06 [INFO] QQQ: 0 session bars — waiting for ORB warmup
2026-06-12 06:35:08 [INFO] TQQQ: 0 session bars — waiting for ORB warmup
2026-06-12 06:40:03 [INFO] TSLA: 0 session bars — waiting for ORB warmup
2026-06-12 06:40:05 [INFO] SPY: 0 session bars — waiting for ORB warmup
2026-06-12 06:40:06 [INFO] ^GSPC: 0 session bars — waiting for ORB warmup
2026-06-12 06:40:07 [INFO] QQQ: 0 session bars — waiting for ORB warmup
2026-06-12 06:40:08 [INFO] TQQQ: 0 session bars — waiting for ORB warmup
2026-06-12 06:45:03 [INFO] TSLA: 0 session bars — waiting for ORB warmup
2026-06-12 06:45:05 [INFO] SPY: 0 session bars — waiting for ORB warmup
2026-06-12 06:45:06 [INFO] ^GSPC: 0 session bars — waiting for ORB warmup
2026-06-12 06:45:07 [INFO] QQQ: 0 session bars — waiting for ORB warmup
2026-06-12 06:45:09 [INFO] TQQQ: 0 session bars — waiting for ORB warmup
2026-06-12 06:50:03 [INFO] TSLA: 0 session bars — waiting for ORB warmup
2026-06-12 06:50:05 [INFO] SPY: 0 session bars — waiting for ORB warmup
2026-06-12 06:50:06 [INFO] ^GSPC: 0 session bars — waiting for ORB warmup
2026-06-12 06:50:07 [INFO] QQQ: 0 session bars — waiting for ORB warmup
2026-06-12 06:50:09 [INFO] TQQQ: 0 session bars — waiting for ORB warmup
2026-06-12 06:55:03 [INFO] TSLA: 0 session bars — waiting for ORB warmup
2026-06-12 06:55:05 [INFO] SPY: 0 session bars — waiting for ORB warmup
2026-06-12 06:55:06 [INFO] ^GSPC: 0 session bars — waiting for ORB warmup
2026-06-12 06:55:07 [INFO] QQQ: 0 session bars — waiting for ORB warmup
2026-06-12 06:55:09 [INFO] TQQQ: 0 session bars — waiting for ORB warmup
2026-06-12 07:00:03 [INFO] TSLA: 0 session bars — waiting for ORB warmup
2026-06-12 07:00:04 [INFO] SPY: 0 session bars — waiting for ORB warmup
2026-06-12 07:00:05 [INFO] ^GSPC: 0 session bars — waiting for ORB warmup
2026-06-12 07:00:07 [INFO] QQQ: 0 session bars — waiting for ORB warmup
2026-06-12 07:00:08 [INFO] TQQQ: 0 session bars — waiting for ORB warmup
2026-06-12 07:05:03 [INFO] TSLA: 0 session bars — waiting for ORB warmup
2026-06-12 07:05:04 [INFO] SPY: 0 session bars — waiting for ORB warmup
2026-06-12 07:05:05 [INFO] ^GSPC: 0 session bars — waiting for ORB warmup
2026-06-12 07:05:06 [INFO] QQQ: 0 session bars — waiting for ORB warmup
2026-06-12 07:05:07 [INFO] TQQQ: 0 session bars — waiting for ORB warmup
2026-06-12 07:10:03 [INFO] TSLA: 0 session bars — waiting for ORB warmup
2026-06-12 07:10:04 [INFO] SPY: 0 session bars — waiting for ORB warmup
2026-06-12 07:10:06 [INFO] ^GSPC: 0 session bars — waiting for ORB warmup
2026-06-12 07:10:07 [INFO] QQQ: 0 session bars — waiting for ORB warmup
2026-06-12 07:10:08 [INFO] TQQQ: 0 session bars — waiting for ORB warmup
2026-06-12 07:15:03 [INFO] TSLA: 0 session bars — waiting for ORB warmup
2026-06-12 07:15:04 [INFO] SPY: 0 session bars — waiting for ORB warmup
2026-06-12 07:15:06 [INFO] ^GSPC: 0 session bars — waiting for ORB warmup
2026-06-12 07:15:07 [INFO] QQQ: 0 session bars — waiting for ORB warmup
2026-06-12 07:15:08 [INFO] TQQQ: 0 session bars — waiting for ORB warmup
2026-06-12 07:20:03 [INFO] TSLA: 0 session bars — waiting for ORB warmup
2026-06-12 07:20:04 [INFO] SPY: 0 session bars — waiting for ORB warmup
2026-06-12 07:20:05 [INFO] ^GSPC: 0 session bars — waiting for ORB warmup
2026-06-12 07:20:07 [INFO] QQQ: 0 session bars — waiting for ORB warmup
2026-06-12 07:20:09 [INFO] TQQQ: 0 session bars — waiting for ORB warmup
2026-06-12 07:25:03 [INFO] TSLA: 0 session bars — waiting for ORB warmup
2026-06-12 07:25:04 [INFO] SPY: 0 session bars — waiting for ORB warmup
2026-06-12 07:25:06 [INFO] ^GSPC: 0 session bars — waiting for ORB warmup
2026-06-12 07:25:07 [INFO] QQQ: 0 session bars — waiting for ORB warmup
2026-06-12 07:25:08 [INFO] TQQQ: 0 session bars — waiting for ORB warmup
2026-06-12 07:30:03 [INFO] TSLA: 0 session bars — waiting for ORB warmup
2026-06-12 07:30:04 [INFO] SPY: 0 session bars — waiting for ORB warmup
2026-06-12 07:30:06 [INFO] ^GSPC: 0 session bars — waiting for ORB warmup
2026-06-12 07:30:07 [INFO] QQQ: 0 session bars — waiting for ORB warmup
2026-06-12 07:30:09 [INFO] TQQQ: 0 session bars — waiting for ORB warmup
