2026-06-11 07:42:45 [INFO] Connecting to 127.0.0.1:4002 with clientId 111...
2026-06-11 07:42:45 [INFO] Connected
2026-06-11 07:42:45 [INFO] Logged on to server version 176
2026-06-11 07:42:45 [INFO] API connection ready
2026-06-11 07:42:45 [INFO] Warning 2104, reqId -1: Market data farm connection is OK:usfarm
2026-06-11 07:42:45 [INFO] Warning 2107, reqId -1: HMDS data farm connection is inactive but should be available upon demand.ushmds
2026-06-11 07:42:45 [INFO] Warning 2158, reqId -1: Sec-def data farm connection is OK:secdefil
2026-06-11 07:42:45 [INFO] Synchronization complete
2026-06-11 07:42:45 [INFO] [executor] Connected to IB TWS/Gateway
2026-06-11 07:42:45 [INFO] INSANE Alert Engine started (5m) -- MR + ORB-Slope strategy
2026-06-11 07:45:03 [INFO] TSLA: 0 session bars — waiting for ORB warmup
2026-06-11 07:45:05 [INFO] SPY: 0 session bars — waiting for ORB warmup
2026-06-11 07:45:06 [INFO] ^GSPC: 0 session bars — waiting for ORB warmup
2026-06-11 07:45:08 [INFO] QQQ: 0 session bars — waiting for ORB warmup
2026-06-11 07:45:10 [INFO] TQQQ: 0 session bars — waiting for ORB warmup
2026-06-11 07:50:04 [INFO] TSLA: 0 session bars — waiting for ORB warmup
2026-06-11 07:50:05 [INFO] SPY: 0 session bars — waiting for ORB warmup
2026-06-11 07:50:06 [INFO] ^GSPC: 0 session bars — waiting for ORB warmup
2026-06-11 07:50:08 [INFO] QQQ: 0 session bars — waiting for ORB warmup
2026-06-11 07:50:10 [INFO] TQQQ: 0 session bars — waiting for ORB warmup
2026-06-11 07:55:03 [INFO] TSLA: 0 session bars — waiting for ORB warmup
2026-06-11 07:55:05 [INFO] SPY: 0 session bars — waiting for ORB warmup
2026-06-11 07:55:06 [INFO] ^GSPC: 0 session bars — waiting for ORB warmup
2026-06-11 07:55:08 [INFO] QQQ: 0 session bars — waiting for ORB warmup
2026-06-11 07:55:10 [INFO] TQQQ: 0 session bars — waiting for ORB warmup
2026-06-11 08:00:04 [INFO] TSLA: 0 session bars — waiting for ORB warmup
2026-06-11 08:00:06 [INFO] SPY: 0 session bars — waiting for ORB warmup
2026-06-11 08:00:07 [INFO] ^GSPC: 0 session bars — waiting for ORB warmup
2026-06-11 08:00:09 [INFO] QQQ: 0 session bars — waiting for ORB warmup
2026-06-11 08:00:11 [INFO] TQQQ: 0 session bars — waiting for ORB warmup
2026-06-11 08:05:04 [INFO] TSLA: 0 session bars — waiting for ORB warmup
2026-06-11 08:05:05 [INFO] SPY: 0 session bars — waiting for ORB warmup
2026-06-11 08:05:07 [INFO] ^GSPC: 0 session bars — waiting for ORB warmup
2026-06-11 08:05:08 [INFO] QQQ: 0 session bars — waiting for ORB warmup
2026-06-11 08:05:10 [INFO] TQQQ: 0 session bars — waiting for ORB warmup
2026-06-11 08:10:03 [INFO] TSLA: 0 session bars — waiting for ORB warmup
2026-06-11 08:10:05 [INFO] SPY: 0 session bars — waiting for ORB warmup
2026-06-11 08:10:06 [INFO] ^GSPC: 0 session bars — waiting for ORB warmup
2026-06-11 08:10:08 [INFO] QQQ: 0 session bars — waiting for ORB warmup
2026-06-11 08:10:10 [INFO] TQQQ: 0 session bars — waiting for ORB warmup
2026-06-11 08:15:03 [INFO] TSLA: 0 session bars — waiting for ORB warmup
2026-06-11 08:15:05 [INFO] SPY: 0 session bars — waiting for ORB warmup
2026-06-11 08:15:06 [INFO] ^GSPC: 0 session bars — waiting for ORB warmup
2026-06-11 08:15:08 [INFO] QQQ: 0 session bars — waiting for ORB warmup
2026-06-11 08:15:09 [INFO] TQQQ: 0 session bars — waiting for ORB warmup
2026-06-11 08:20:04 [INFO] TSLA: 0 session bars — waiting for ORB warmup
2026-06-11 08:20:06 [INFO] SPY: 0 session bars — waiting for ORB warmup
2026-06-11 08:20:07 [INFO] ^GSPC: 0 session bars — waiting for ORB warmup
2026-06-11 08:20:08 [INFO] QQQ: 0 session bars — waiting for ORB warmup
2026-06-11 08:20:10 [INFO] TQQQ: 0 session bars — waiting for ORB warmup
2026-06-11 08:25:03 [INFO] TSLA: 0 session bars — waiting for ORB warmup
2026-06-11 08:25:05 [INFO] SPY: 0 session bars — waiting for ORB warmup
2026-06-11 08:25:07 [INFO] ^GSPC: 0 session bars — waiting for ORB warmup
2026-06-11 08:25:08 [INFO] QQQ: 0 session bars — waiting for ORB warmup
2026-06-11 08:25:10 [INFO] TQQQ: 0 session bars — waiting for ORB warmup
2026-06-11 08:30:04 [INFO] TSLA: 0 session bars — waiting for ORB warmup
2026-06-11 08:30:05 [INFO] SPY: 0 session bars — waiting for ORB warmup
2026-06-11 08:30:07 [INFO] ^GSPC: 0 session bars — waiting for ORB warmup
2026-06-11 08:30:09 [INFO] QQQ: 0 session bars — waiting for ORB warmup
2026-06-11 08:30:11 [INFO] TQQQ: 0 session bars — waiting for ORB warmup
2026-06-11 08:35:03 [INFO] TSLA: 1 session bars — waiting for ORB warmup
2026-06-11 08:35:05 [INFO] SPY: 1 session bars — waiting for ORB warmup
2026-06-11 08:35:06 [INFO] ^GSPC: 1 session bars — waiting for ORB warmup
2026-06-11 08:35:08 [INFO] QQQ: 1 session bars — waiting for ORB warmup
2026-06-11 08:35:10 [INFO] TQQQ: 1 session bars — waiting for ORB warmup
2026-06-11 08:40:03 [INFO] TSLA: 2 session bars — waiting for ORB warmup
2026-06-11 08:40:05 [INFO] SPY: 0 session bars — waiting for ORB warmup
2026-06-11 08:40:06 [INFO] ^GSPC: 2 session bars — waiting for ORB warmup
2026-06-11 08:40:08 [INFO] QQQ: 2 session bars — waiting for ORB warmup
2026-06-11 08:40:09 [INFO] TQQQ: 2 session bars — waiting for ORB warmup
2026-06-11 08:45:03 [INFO] TSLA: 3 session bars — waiting for ORB warmup
2026-06-11 08:45:05 [INFO] SPY: 3 session bars — waiting for ORB warmup
2026-06-11 08:45:06 [INFO] ^GSPC: 3 session bars — waiting for ORB warmup
2026-06-11 08:45:07 [INFO] QQQ: 3 session bars — waiting for ORB warmup
2026-06-11 08:45:09 [INFO] TQQQ: 3 session bars — waiting for ORB warmup
2026-06-11 08:50:03 [INFO] TSLA: 4 session bars — waiting for ORB warmup
2026-06-11 08:50:04 [INFO] SPY: 4 session bars — waiting for ORB warmup
2026-06-11 08:50:06 [INFO] ^GSPC: 4 session bars — waiting for ORB warmup
2026-06-11 08:50:07 [INFO] QQQ: 4 session bars — waiting for ORB warmup
2026-06-11 08:50:09 [INFO] TQQQ: 4 session bars — waiting for ORB warmup
2026-06-11 08:55:03 [INFO] Warning 2103, reqId -1: Market data farm connection is broken:usfarm
2026-06-11 08:55:03 [INFO] Warning 2104, reqId -1: Market data farm connection is OK:usfarm
2026-06-11 08:55:03 [INFO] Warning 2103, reqId -1: Market data farm connection is broken:usfarm
2026-06-11 08:55:03 [INFO] Warning 2104, reqId -1: Market data farm connection is OK:usfarm
2026-06-11 08:55:05 [WARNING] [executor] TSLA: no option chain from IB
2026-06-11 08:55:08 [WARNING] [executor] SPY: no option chain from IB
2026-06-11 08:55:12 [INFO] Combined alert sent
2026-06-11 09:00:11 [INFO] Combined alert sent
2026-06-11 09:13:52 [INFO] Connecting to 127.0.0.1:4002 with clientId 111...
2026-06-11 09:13:52 [INFO] Connected
2026-06-11 09:13:52 [INFO] Logged on to server version 176
2026-06-11 09:13:52 [INFO] Warning 2104, reqId -1: Market data farm connection is OK:usfarm
2026-06-11 09:13:52 [INFO] Warning 2107, reqId -1: HMDS data farm connection is inactive but should be available upon demand.ushmds
2026-06-11 09:13:52 [INFO] Warning 2158, reqId -1: Sec-def data farm connection is OK:secdefil
2026-06-11 09:13:52 [INFO] API connection ready
2026-06-11 09:13:52 [INFO] Synchronization complete
2026-06-11 09:13:52 [INFO] [executor] Connected to IB TWS/Gateway
2026-06-11 09:13:52 [INFO] INSANE Alert Engine started (5m) -- MR + ORB-Slope strategy
2026-06-11 09:15:15 [ERROR] 
1 Failed download:
2026-06-11 09:15:15 [ERROR] ['^VIX']: Timeout('Failed to perform, curl: (28) Connection timed out after 10006 milliseconds. See https://curl.se/libcurl/c/libcurl-errors.html first for more details.')
2026-06-11 09:15:34 [ERROR] 
1 Failed download:
2026-06-11 09:15:34 [ERROR] ['SPY']: SSLError('Failed to perform, curl: (35) Recv failure: Connection was reset. See https://curl.se/libcurl/c/libcurl-errors.html first for more details.')
2026-06-11 09:20:33 [INFO] Connecting to 127.0.0.1:4002 with clientId 111...
2026-06-11 09:20:33 [INFO] Connected
2026-06-11 09:20:33 [INFO] Logged on to server version 176
2026-06-11 09:20:33 [INFO] Warning 2104, reqId -1: Market data farm connection is OK:usfarm
2026-06-11 09:20:33 [INFO] Warning 2107, reqId -1: HMDS data farm connection is inactive but should be available upon demand.ushmds
2026-06-11 09:20:33 [INFO] Warning 2158, reqId -1: Sec-def data farm connection is OK:secdefil
2026-06-11 09:20:33 [INFO] API connection ready
2026-06-11 09:20:33 [INFO] Synchronization complete
2026-06-11 09:20:33 [INFO] [executor] Connected to IB TWS/Gateway
2026-06-11 09:20:33 [INFO] INSANE Alert Engine started (5m) -- MR + ORB-Slope strategy
2026-06-11 09:50:09 [INFO] Combined alert sent
2026-06-11 09:55:08 [ERROR] Error 10197, reqId 4: No market data during competing live session, contract: Stock(conId=76792991, symbol='TSLA', exchange='SMART', primaryExchange='NASDAQ', currency='USD', localSymbol='TSLA', tradingClass='NMS')
2026-06-11 09:55:08 [INFO] [executor] TSLA: underlying price $385.70
2026-06-11 09:55:09 [WARNING] [executor] TSLA: no suitable expiry (need 0DTE or 1DTE)
2026-06-11 09:55:15 [INFO] Combined alert sent
2026-06-11 10:01:04 [INFO] Connecting to 127.0.0.1:4002 with clientId 111...
2026-06-11 10:01:04 [INFO] Connected
2026-06-11 10:01:04 [INFO] Logged on to server version 176
2026-06-11 10:01:04 [INFO] Warning 2104, reqId -1: Market data farm connection is OK:usfarm
2026-06-11 10:01:04 [INFO] Warning 2107, reqId -1: HMDS data farm connection is inactive but should be available upon demand.ushmds
2026-06-11 10:01:04 [INFO] API connection ready
2026-06-11 10:01:04 [INFO] Warning 2158, reqId -1: Sec-def data farm connection is OK:secdefil
2026-06-11 10:01:04 [INFO] Synchronization complete
2026-06-11 10:01:04 [INFO] [executor] Connected to IB TWS/Gateway
2026-06-11 10:01:04 [INFO] INSANE Alert Engine started (5m) -- MR + ORB-Slope strategy
2026-06-11 10:02:49 [INFO] Connecting to 127.0.0.1:4002 with clientId 111...
2026-06-11 10:02:49 [INFO] Connected
2026-06-11 10:02:49 [INFO] Logged on to server version 176
2026-06-11 10:02:49 [INFO] API connection ready
2026-06-11 10:02:49 [INFO] Warning 2104, reqId -1: Market data farm connection is OK:usfarm
2026-06-11 10:02:49 [INFO] Warning 2107, reqId -1: HMDS data farm connection is inactive but should be available upon demand.ushmds
2026-06-11 10:02:49 [INFO] Warning 2158, reqId -1: Sec-def data farm connection is OK:secdefil
2026-06-11 10:02:49 [INFO] Synchronization complete
2026-06-11 10:02:49 [INFO] [executor] Connected to IB TWS/Gateway
2026-06-11 10:02:49 [INFO] INSANE Alert Engine started (5m) -- MR + ORB-Slope strategy
2026-06-11 10:13:15 [INFO] Connecting to 127.0.0.1:4002 with clientId 111...
2026-06-11 10:13:15 [INFO] Connected
2026-06-11 10:13:15 [INFO] Logged on to server version 176
2026-06-11 10:13:15 [INFO] API connection ready
2026-06-11 10:13:15 [INFO] Warning 2104, reqId -1: Market data farm connection is OK:usfarm
2026-06-11 10:13:15 [INFO] Warning 2106, reqId -1: HMDS data farm connection is OK:ushmds
2026-06-11 10:13:15 [INFO] Warning 2158, reqId -1: Sec-def data farm connection is OK:secdefil
2026-06-11 10:13:16 [INFO] Synchronization complete
2026-06-11 10:13:16 [INFO] [executor] Connected to IB TWS/Gateway
2026-06-11 10:13:16 [INFO] INSANE Alert Engine started (5m) -- MR + ORB-Slope strategy
2026-06-11 10:45:11 [INFO] Combined alert sent
2026-06-11 10:50:05 [INFO] Warning 2119, reqId -1: Market data farm is connecting:usopt
2026-06-11 10:50:05 [INFO] Warning 2104, reqId -1: Market data farm connection is OK:usopt
2026-06-11 10:50:05 [INFO] Warning 2107, reqId -1: HMDS data farm connection is inactive but should be available upon demand.ushmds
2026-06-11 10:50:05 [INFO] position: Position(account='DUO335202', contract=Option(conId=879088319, symbol='TSLA', lastTradeDateOrContractMonth='20260612', strike=385.0, right='C', multiplier='100', currency='USD', localSymbol='TSLA  260612C00385000', tradingClass='TSLA'), position=1.0, avgCost=724.0)
2026-06-11 10:50:05 [INFO] position: Position(account='DUO335202', contract=Option(conId=879088319, symbol='TSLA', lastTradeDateOrContractMonth='20260612', strike=385.0, right='C', multiplier='100', currency='USD', localSymbol='TSLA  260612C00385000', tradingClass='TSLA'), position=1.0, avgCost=724.84825)
2026-06-11 10:50:05 [INFO] updatePortfolio: PortfolioItem(contract=Option(conId=879088319, symbol='TSLA', lastTradeDateOrContractMonth='20260612', strike=385.0, right='C', multiplier='100', primaryExchange='AMEX', currency='USD', localSymbol='TSLA  260612C00385000', tradingClass='TSLA'), position=1.0, marketPrice=7.0999999, marketValue=710.0, averageCost=724.84825, unrealizedPNL=-14.85, realizedPNL=0.0, account='DUO335202')
2026-06-11 10:50:05 [INFO] updatePortfolio: PortfolioItem(contract=Option(conId=879088319, symbol='TSLA', lastTradeDateOrContractMonth='20260612', strike=385.0, right='C', multiplier='100', primaryExchange='AMEX', currency='USD', localSymbol='TSLA  260612C00385000', tradingClass='TSLA'), position=1.0, marketPrice=7.0999999, marketValue=710.0, averageCost=724.84825, unrealizedPNL=-14.85, realizedPNL=0.0, account='DUO335202')
2026-06-11 10:50:05 [INFO] updatePortfolio: PortfolioItem(contract=Option(conId=879088319, symbol='TSLA', lastTradeDateOrContractMonth='20260612', strike=385.0, right='C', multiplier='100', primaryExchange='AMEX', currency='USD', localSymbol='TSLA  260612C00385000', tradingClass='TSLA'), position=1.0, marketPrice=7.87806655, marketValue=787.81, averageCost=724.84825, unrealizedPNL=62.96, realizedPNL=0.0, account='DUO335202')
2026-06-11 10:50:05 [INFO] Warning 2108, reqId -1: Market data farm connection is inactive but should be available upon demand.usopt
2026-06-11 10:50:05 [INFO] Warning 2108, reqId -1: Market data farm connection is inactive but should be available upon demand.usopt
2026-06-11 10:50:05 [INFO] position: Position(account='DUO335202', contract=Option(conId=879088319, symbol='TSLA', lastTradeDateOrContractMonth='20260612', strike=385.0, right='C', multiplier='100', currency='USD', localSymbol='TSLA  260612C00385000', tradingClass='TSLA'), position=1.0, avgCost=724.84825)
2026-06-11 10:50:05 [INFO] position: Position(account='DUO335202', contract=Option(conId=879088319, symbol='TSLA', lastTradeDateOrContractMonth='20260612', strike=385.0, right='C', multiplier='100', currency='USD', localSymbol='TSLA  260612C00385000', tradingClass='TSLA'), position=1.0, avgCost=724.84825)
2026-06-11 10:50:05 [INFO] updatePortfolio: PortfolioItem(contract=Option(conId=879088319, symbol='TSLA', lastTradeDateOrContractMonth='20260612', strike=385.0, right='C', multiplier='100', primaryExchange='AMEX', currency='USD', localSymbol='TSLA  260612C00385000', tradingClass='TSLA'), position=1.0, marketPrice=7.8000002, marketValue=780.0, averageCost=724.84825, unrealizedPNL=55.15, realizedPNL=0.0, account='DUO335202')
2026-06-11 10:50:05 [INFO] updatePortfolio: PortfolioItem(contract=Option(conId=879088319, symbol='TSLA', lastTradeDateOrContractMonth='20260612', strike=385.0, right='C', multiplier='100', primaryExchange='AMEX', currency='USD', localSymbol='TSLA  260612C00385000', tradingClass='TSLA'), position=1.0, marketPrice=7.6622863, marketValue=766.23, averageCost=724.84825, unrealizedPNL=41.38, realizedPNL=0.0, account='DUO335202')
2026-06-11 10:50:05 [INFO] updatePortfolio: PortfolioItem(contract=Option(conId=879088319, symbol='TSLA', lastTradeDateOrContractMonth='20260612', strike=385.0, right='C', multiplier='100', primaryExchange='AMEX', currency='USD', localSymbol='TSLA  260612C00385000', tradingClass='TSLA'), position=1.0, marketPrice=7.31465005, marketValue=731.47, averageCost=724.84825, unrealizedPNL=6.62, realizedPNL=0.0, account='DUO335202')
2026-06-11 10:50:05 [INFO] updatePortfolio: PortfolioItem(contract=Option(conId=879088319, symbol='TSLA', lastTradeDateOrContractMonth='20260612', strike=385.0, right='C', multiplier='100', primaryExchange='AMEX', currency='USD', localSymbol='TSLA  260612C00385000', tradingClass='TSLA'), position=1.0, marketPrice=7.2012038, marketValue=720.12, averageCost=724.84825, unrealizedPNL=-4.73, realizedPNL=0.0, account='DUO335202')
2026-06-11 10:50:05 [INFO] updatePortfolio: PortfolioItem(contract=Option(conId=879088319, symbol='TSLA', lastTradeDateOrContractMonth='20260612', strike=385.0, right='C', multiplier='100', primaryExchange='AMEX', currency='USD', localSymbol='TSLA  260612C00385000', tradingClass='TSLA'), position=1.0, marketPrice=7.6831479, marketValue=768.31, averageCost=724.84825, unrealizedPNL=43.47, realizedPNL=0.0, account='DUO335202')
2026-06-11 10:50:05 [INFO] updatePortfolio: PortfolioItem(contract=Option(conId=879088319, symbol='TSLA', lastTradeDateOrContractMonth='20260612', strike=385.0, right='C', multiplier='100', primaryExchange='AMEX', currency='USD', localSymbol='TSLA  260612C00385000', tradingClass='TSLA'), position=1.0, marketPrice=7.3000002, marketValue=730.0, averageCost=724.84825, unrealizedPNL=5.15, realizedPNL=0.0, account='DUO335202')
2026-06-11 10:50:05 [INFO] updatePortfolio: PortfolioItem(contract=Option(conId=879088319, symbol='TSLA', lastTradeDateOrContractMonth='20260612', strike=385.0, right='C', multiplier='100', primaryExchange='AMEX', currency='USD', localSymbol='TSLA  260612C00385000', tradingClass='TSLA'), position=1.0, marketPrice=7.48112295, marketValue=748.11, averageCost=724.84825, unrealizedPNL=23.26, realizedPNL=0.0, account='DUO335202')
2026-06-11 10:50:05 [INFO] updatePortfolio: PortfolioItem(contract=Option(conId=879088319, symbol='TSLA', lastTradeDateOrContractMonth='20260612', strike=385.0, right='C', multiplier='100', primaryExchange='AMEX', currency='USD', localSymbol='TSLA  260612C00385000', tradingClass='TSLA'), position=1.0, marketPrice=6.9717164, marketValue=697.17, averageCost=724.84825, unrealizedPNL=-27.68, realizedPNL=0.0, account='DUO335202')
2026-06-11 10:50:05 [INFO] updatePortfolio: PortfolioItem(contract=Option(conId=879088319, symbol='TSLA', lastTradeDateOrContractMonth='20260612', strike=385.0, right='C', multiplier='100', primaryExchange='AMEX', currency='USD', localSymbol='TSLA  260612C00385000', tradingClass='TSLA'), position=1.0, marketPrice=7.3354583, marketValue=733.55, averageCost=724.84825, unrealizedPNL=8.7, realizedPNL=0.0, account='DUO335202')
2026-06-11 10:50:10 [ERROR] Error 10197, reqId 4: No market data during competing live session, contract: Stock(conId=756733, symbol='SPY', exchange='SMART', primaryExchange='ARCA', currency='USD', localSymbol='SPY', tradingClass='SPY')
2026-06-11 10:50:11 [INFO] [executor] SPY: underlying price $727.65
2026-06-11 10:50:11 [INFO] [executor] SPY: using chain exchange=SMART, 36 expirations, 499 strikes
2026-06-11 10:50:11 [INFO] Warning 2119, reqId -1: Market data farm is connecting:usopt
2026-06-11 10:50:12 [INFO] Warning 2104, reqId -1: Market data farm connection is OK:usopt
2026-06-11 10:50:17 [ERROR] Error 10197, reqId 8: No market data during competing live session, contract: Option(conId=887976188, symbol='SPY', lastTradeDateOrContractMonth='20260611', strike=728.0, right='C', multiplier='100', exchange='SMART', currency='USD', localSymbol='SPY   260611C00728000', tradingClass='SPY')
2026-06-11 10:50:17 [INFO] placeOrder: New order Trade(contract=Option(conId=887976188, symbol='SPY', lastTradeDateOrContractMonth='20260611', strike=728.0, right='C', multiplier='100', exchange='SMART', currency='USD', localSymbol='SPY   260611C00728000', tradingClass='SPY'), order=LimitOrder(orderId=9, clientId=111, action='BUY', totalQuantity=1), orderStatus=OrderStatus(orderId=9, status='PendingSubmit', filled=0.0, remaining=0.0, avgFillPrice=0.0, permId=0, parentId=0, lastFillPrice=0.0, clientId=0, whyHeld='', mktCapPrice=0.0), fills=[], log=[TradeLogEntry(time=datetime.datetime(2026, 6, 11, 15, 50, 17, 159299, tzinfo=datetime.timezone.utc), status='PendingSubmit', message='', errorCode=0)], advancedError='')
2026-06-11 10:50:17 [INFO] [executor] SPY: limit order $nan (attempt 1)
2026-06-11 10:50:47 [INFO] cancelOrder: Trade(contract=Option(conId=887976188, symbol='SPY', lastTradeDateOrContractMonth='20260611', strike=728.0, right='C', multiplier='100', exchange='SMART', currency='USD', localSymbol='SPY   260611C00728000', tradingClass='SPY'), order=LimitOrder(orderId=9, clientId=111, action='BUY', totalQuantity=1), orderStatus=OrderStatus(orderId=9, status='PendingCancel', filled=0.0, remaining=0.0, avgFillPrice=0.0, permId=0, parentId=0, lastFillPrice=0.0, clientId=0, whyHeld='', mktCapPrice=0.0), fills=[], log=[TradeLogEntry(time=datetime.datetime(2026, 6, 11, 15, 50, 17, 159299, tzinfo=datetime.timezone.utc), status='PendingSubmit', message='', errorCode=0), TradeLogEntry(time=datetime.datetime(2026, 6, 11, 15, 50, 47, 170733, tzinfo=datetime.timezone.utc), status='PendingCancel', message='', errorCode=0)], advancedError='')
2026-06-11 10:50:47 [WARNING] [executor] SPY: unfilled on attempt 1, retrying
2026-06-11 10:50:47 [ERROR] Error 320, reqId 9: Error reading request. Unable to parse field: 'Limit Price' for input string: 'nan'
2026-06-11 10:50:47 [WARNING] Canceled order: Trade(contract=Option(conId=887976188, symbol='SPY', lastTradeDateOrContractMonth='20260611', strike=728.0, right='C', multiplier='100', exchange='SMART', currency='USD', localSymbol='SPY   260611C00728000', tradingClass='SPY'), order=LimitOrder(orderId=9, clientId=111, action='BUY', totalQuantity=1), orderStatus=OrderStatus(orderId=9, status='Cancelled', filled=0.0, remaining=0.0, avgFillPrice=0.0, permId=0, parentId=0, lastFillPrice=0.0, clientId=0, whyHeld='', mktCapPrice=0.0), fills=[], log=[TradeLogEntry(time=datetime.datetime(2026, 6, 11, 15, 50, 17, 159299, tzinfo=datetime.timezone.utc), status='PendingSubmit', message='', errorCode=0), TradeLogEntry(time=datetime.datetime(2026, 6, 11, 15, 50, 47, 170733, tzinfo=datetime.timezone.utc), status='PendingCancel', message='', errorCode=0), TradeLogEntry(time=datetime.datetime(2026, 6, 11, 15, 50, 47, 173254, tzinfo=datetime.timezone.utc), status='Cancelled', message="Error 320, reqId 9: Error reading request. Unable to parse field: 'Limit Price' for input string: 'nan'", errorCode=320)], advancedError='')
2026-06-11 10:50:47 [ERROR] Error 10147, reqId 9: OrderId 9 that needs to be cancelled is not found.
2026-06-11 10:50:52 [ERROR] Error 10197, reqId 10: No market data during competing live session, contract: Option(conId=887976188, symbol='SPY', lastTradeDateOrContractMonth='20260611', strike=728.0, right='C', multiplier='100', exchange='SMART', currency='USD', localSymbol='SPY   260611C00728000', tradingClass='SPY')
2026-06-11 10:50:52 [INFO] placeOrder: New order Trade(contract=Option(conId=887976188, symbol='SPY', lastTradeDateOrContractMonth='20260611', strike=728.0, right='C', multiplier='100', exchange='SMART', currency='USD', localSymbol='SPY   260611C00728000', tradingClass='SPY'), order=LimitOrder(orderId=11, clientId=111, action='BUY', totalQuantity=1), orderStatus=OrderStatus(orderId=11, status='PendingSubmit', filled=0.0, remaining=0.0, avgFillPrice=0.0, permId=0, parentId=0, lastFillPrice=0.0, clientId=0, whyHeld='', mktCapPrice=0.0), fills=[], log=[TradeLogEntry(time=datetime.datetime(2026, 6, 11, 15, 50, 52, 214867, tzinfo=datetime.timezone.utc), status='PendingSubmit', message='', errorCode=0)], advancedError='')
2026-06-11 10:50:52 [INFO] [executor] SPY: limit order $nan (attempt 2)
2026-06-11 10:51:22 [INFO] cancelOrder: Trade(contract=Option(conId=887976188, symbol='SPY', lastTradeDateOrContractMonth='20260611', strike=728.0, right='C', multiplier='100', exchange='SMART', currency='USD', localSymbol='SPY   260611C00728000', tradingClass='SPY'), order=LimitOrder(orderId=11, clientId=111, action='BUY', totalQuantity=1), orderStatus=OrderStatus(orderId=11, status='PendingCancel', filled=0.0, remaining=0.0, avgFillPrice=0.0, permId=0, parentId=0, lastFillPrice=0.0, clientId=0, whyHeld='', mktCapPrice=0.0), fills=[], log=[TradeLogEntry(time=datetime.datetime(2026, 6, 11, 15, 50, 52, 214867, tzinfo=datetime.timezone.utc), status='PendingSubmit', message='', errorCode=0), TradeLogEntry(time=datetime.datetime(2026, 6, 11, 15, 51, 22, 227805, tzinfo=datetime.timezone.utc), status='PendingCancel', message='', errorCode=0)], advancedError='')
2026-06-11 10:51:22 [WARNING] [executor] SPY: unfilled on attempt 2, retrying
2026-06-11 10:51:22 [ERROR] Error 320, reqId 11: Error reading request. Unable to parse field: 'Limit Price' for input string: 'nan'
2026-06-11 10:51:22 [WARNING] Canceled order: Trade(contract=Option(conId=887976188, symbol='SPY', lastTradeDateOrContractMonth='20260611', strike=728.0, right='C', multiplier='100', exchange='SMART', currency='USD', localSymbol='SPY   260611C00728000', tradingClass='SPY'), order=LimitOrder(orderId=11, clientId=111, action='BUY', totalQuantity=1), orderStatus=OrderStatus(orderId=11, status='Cancelled', filled=0.0, remaining=0.0, avgFillPrice=0.0, permId=0, parentId=0, lastFillPrice=0.0, clientId=0, whyHeld='', mktCapPrice=0.0), fills=[], log=[TradeLogEntry(time=datetime.datetime(2026, 6, 11, 15, 50, 52, 214867, tzinfo=datetime.timezone.utc), status='PendingSubmit', message='', errorCode=0), TradeLogEntry(time=datetime.datetime(2026, 6, 11, 15, 51, 22, 227805, tzinfo=datetime.timezone.utc), status='PendingCancel', message='', errorCode=0), TradeLogEntry(time=datetime.datetime(2026, 6, 11, 15, 51, 22, 230345, tzinfo=datetime.timezone.utc), status='Cancelled', message="Error 320, reqId 11: Error reading request. Unable to parse field: 'Limit Price' for input string: 'nan'", errorCode=320)], advancedError='')
2026-06-11 10:51:22 [ERROR] Error 10147, reqId 11: OrderId 11 that needs to be cancelled is not found.
2026-06-11 10:51:27 [ERROR] Error 10197, reqId 12: No market data during competing live session, contract: Option(conId=887976188, symbol='SPY', lastTradeDateOrContractMonth='20260611', strike=728.0, right='C', multiplier='100', exchange='SMART', currency='USD', localSymbol='SPY   260611C00728000', tradingClass='SPY')
2026-06-11 10:51:27 [INFO] placeOrder: New order Trade(contract=Option(conId=887976188, symbol='SPY', lastTradeDateOrContractMonth='20260611', strike=728.0, right='C', multiplier='100', exchange='SMART', currency='USD', localSymbol='SPY   260611C00728000', tradingClass='SPY'), order=LimitOrder(orderId=13, clientId=111, action='BUY', totalQuantity=1), orderStatus=OrderStatus(orderId=13, status='PendingSubmit', filled=0.0, remaining=0.0, avgFillPrice=0.0, permId=0, parentId=0, lastFillPrice=0.0, clientId=0, whyHeld='', mktCapPrice=0.0), fills=[], log=[TradeLogEntry(time=datetime.datetime(2026, 6, 11, 15, 51, 27, 252632, tzinfo=datetime.timezone.utc), status='PendingSubmit', message='', errorCode=0)], advancedError='')
2026-06-11 10:51:27 [INFO] [executor] SPY: limit order $nan (attempt 3)
2026-06-11 10:51:57 [INFO] cancelOrder: Trade(contract=Option(conId=887976188, symbol='SPY', lastTradeDateOrContractMonth='20260611', strike=728.0, right='C', multiplier='100', exchange='SMART', currency='USD', localSymbol='SPY   260611C00728000', tradingClass='SPY'), order=LimitOrder(orderId=13, clientId=111, action='BUY', totalQuantity=1), orderStatus=OrderStatus(orderId=13, status='PendingCancel', filled=0.0, remaining=0.0, avgFillPrice=0.0, permId=0, parentId=0, lastFillPrice=0.0, clientId=0, whyHeld='', mktCapPrice=0.0), fills=[], log=[TradeLogEntry(time=datetime.datetime(2026, 6, 11, 15, 51, 27, 252632, tzinfo=datetime.timezone.utc), status='PendingSubmit', message='', errorCode=0), TradeLogEntry(time=datetime.datetime(2026, 6, 11, 15, 51, 57, 266025, tzinfo=datetime.timezone.utc), status='PendingCancel', message='', errorCode=0)], advancedError='')
2026-06-11 10:51:57 [WARNING] [executor] SPY: unfilled on attempt 3, retrying
2026-06-11 10:52:03 [INFO] Combined alert sent
2026-06-11 11:15:11 [INFO] Combined alert sent
2026-06-11 11:20:12 [INFO] Combined alert sent
2026-06-11 12:00:11 [INFO] Combined alert sent
2026-06-11 12:35:11 [INFO] Combined alert sent
2026-06-11 13:40:10 [INFO] Combined alert sent
2026-06-11 14:35:11 [INFO] Combined alert sent
2026-06-11 15:30:23 [ERROR] 
1 Failed download:
2026-06-11 15:30:23 [ERROR] ['^VIX']: SSLError('Failed to perform, curl: (35) Recv failure: Connection was reset. See https://curl.se/libcurl/c/libcurl-errors.html first for more details.')
