2026-06-18 08:28:01 [INFO] Connecting to 127.0.0.1:4002 with clientId 111...
2026-06-18 08:28:01 [INFO] Connected
2026-06-18 08:28:01 [INFO] Logged on to server version 176
2026-06-18 08:28:01 [INFO] Warning 2104, reqId -1: Market data farm connection is OK:usopt
2026-06-18 08:28:01 [INFO] Warning 2104, reqId -1: Market data farm connection is OK:usfarm
2026-06-18 08:28:01 [INFO] Warning 2107, reqId -1: HMDS data farm connection is inactive but should be available upon demand.ushmds
2026-06-18 08:28:01 [INFO] Warning 2158, reqId -1: Sec-def data farm connection is OK:secdefil
2026-06-18 08:28:01 [INFO] API connection ready
2026-06-18 08:28:01 [INFO] position: Position(account='DUO335202', contract=Option(conId=846738695, symbol='SPX', lastTradeDateOrContractMonth='20260618', strike=7500.0, right='C', multiplier='100', currency='USD', localSymbol='SPXW  260618C07500000', tradingClass='SPXW'), position=1.0, avgCost=901.64075)
2026-06-18 08:28:01 [INFO] position: Position(account='DUO335202', contract=Stock(conId=76792991, symbol='TSLA', exchange='NASDAQ', currency='USD', localSymbol='TSLA', tradingClass='NMS'), position=-100.0, avgCost=394.731234)
2026-06-18 08:28:01 [INFO] updatePortfolio: PortfolioItem(contract=Option(conId=846738695, symbol='SPX', lastTradeDateOrContractMonth='20260618', strike=7500.0, right='C', multiplier='100', primaryExchange='CBOE', currency='USD', localSymbol='SPXW  260618C07500000', tradingClass='SPXW'), position=1.0, marketPrice=2.5322938, marketValue=253.23, averageCost=901.6408, unrealizedPNL=-648.41, realizedPNL=0.0, account='DUO335202')
2026-06-18 08:28:01 [INFO] updatePortfolio: PortfolioItem(contract=Stock(conId=76792991, symbol='TSLA', right='0', primaryExchange='NASDAQ', currency='USD', localSymbol='TSLA', tradingClass='NMS'), position=-100.0, marketPrice=399.3800049, marketValue=-39938.0, averageCost=394.731234, unrealizedPNL=-464.88, realizedPNL=0.0, account='DUO335202')
2026-06-18 08:28:01 [INFO] updatePortfolio: PortfolioItem(contract=Option(conId=889107284, symbol='TSLA', lastTradeDateOrContractMonth='20260617', strike=397.5, right='P', multiplier='100', primaryExchange='AMEX', currency='USD', localSymbol='TSLA  260617P00397500', tradingClass='TSLA'), position=0.0, marketPrice=1.1199951, marketValue=0.0, averageCost=0.0, unrealizedPNL=0.0, realizedPNL=0.0, account='DUO335202')
2026-06-18 08:28:01 [INFO] Synchronization complete
2026-06-18 08:28:01 [INFO] [executor] Skipping expired position for TSLA
2026-06-18 08:28:01 [INFO] [executor] Connected to IB TWS/Gateway
2026-06-18 08:28:01 [INFO] INSANE Alert Engine started (5m) -- MR + ORB-Slope strategy
2026-06-18 08:30:03 [INFO] TSLA: 0 session bars — waiting for ORB warmup
2026-06-18 08:30:05 [INFO] SPY: 0 session bars — waiting for ORB warmup
2026-06-18 08:30:06 [INFO] ^GSPC: 0 session bars — waiting for ORB warmup
2026-06-18 08:35:03 [INFO] TSLA: 1 session bars — waiting for ORB warmup
2026-06-18 08:35:04 [INFO] SPY: 1 session bars — waiting for ORB warmup
2026-06-18 08:35:06 [INFO] ^GSPC: 1 session bars — waiting for ORB warmup
2026-06-18 08:40:03 [INFO] TSLA: 2 session bars — waiting for ORB warmup
2026-06-18 08:40:04 [INFO] SPY: 2 session bars — waiting for ORB warmup
2026-06-18 08:40:06 [INFO] ^GSPC: 2 session bars — waiting for ORB warmup
2026-06-18 08:45:03 [INFO] TSLA: 3 session bars — waiting for ORB warmup
2026-06-18 08:45:05 [INFO] SPY: 3 session bars — waiting for ORB warmup
2026-06-18 08:45:06 [INFO] ^GSPC: 3 session bars — waiting for ORB warmup
2026-06-18 08:50:03 [INFO] TSLA: 4 session bars — waiting for ORB warmup
2026-06-18 08:50:04 [INFO] SPY: 4 session bars — waiting for ORB warmup
2026-06-18 08:50:06 [INFO] ^GSPC: 4 session bars — waiting for ORB warmup
2026-06-18 09:40:24 [ERROR] 
1 Failed download:
2026-06-18 09:40:24 [ERROR] ['SPY']: SSLError('Failed to perform, curl: (35) Recv failure: Connection was reset. See https://curl.se/libcurl/c/libcurl-errors.html first for more details.')
2026-06-18 10:25:05 [INFO] SPY @ 10:20 CT: standalone MR suppressed — tracking for upgrade
2026-06-18 11:15:05 [INFO] SPY @ 11:10 CT: standalone MR suppressed — tracking for upgrade
2026-06-18 11:15:06 [INFO] ^GSPC @ 11:10 CT: standalone MR suppressed — tracking for upgrade
2026-06-18 11:40:06 [INFO] updatePortfolio: PortfolioItem(contract=Stock(conId=76792991, symbol='TSLA', right='0', primaryExchange='NASDAQ', currency='USD', localSymbol='TSLA', tradingClass='NMS'), position=-100.0, marketPrice=399.0700073, marketValue=-39907.0, averageCost=394.731234, unrealizedPNL=-433.88, realizedPNL=0.0, account='DUO335202')
2026-06-18 11:40:06 [INFO] updatePortfolio: PortfolioItem(contract=Option(conId=846738695, symbol='SPX', lastTradeDateOrContractMonth='20260618', strike=7500.0, right='C', multiplier='100', primaryExchange='CBOE', currency='USD', localSymbol='SPXW  260618C07500000', tradingClass='SPXW'), position=1.0, marketPrice=2.5322938, marketValue=253.23, averageCost=901.6408, unrealizedPNL=-648.41, realizedPNL=0.0, account='DUO335202')
2026-06-18 11:40:06 [INFO] updatePortfolio: PortfolioItem(contract=Stock(conId=76792991, symbol='TSLA', right='0', primaryExchange='NASDAQ', currency='USD', localSymbol='TSLA', tradingClass='NMS'), position=-100.0, marketPrice=395.2200012, marketValue=-39522.0, averageCost=394.731234, unrealizedPNL=-48.88, realizedPNL=0.0, account='DUO335202')
2026-06-18 11:40:06 [INFO] updatePortfolio: PortfolioItem(contract=Option(conId=846738695, symbol='SPX', lastTradeDateOrContractMonth='20260618', strike=7500.0, right='C', multiplier='100', primaryExchange='CBOE', currency='USD', localSymbol='SPXW  260618C07500000', tradingClass='SPXW'), position=1.0, marketPrice=21.1000004, marketValue=2110.0, averageCost=901.6408, unrealizedPNL=1208.36, realizedPNL=0.0, account='DUO335202')
2026-06-18 11:40:06 [INFO] updatePortfolio: PortfolioItem(contract=Stock(conId=76792991, symbol='TSLA', right='0', primaryExchange='NASDAQ', currency='USD', localSymbol='TSLA', tradingClass='NMS'), position=-100.0, marketPrice=391.8699951, marketValue=-39187.0, averageCost=394.731234, unrealizedPNL=286.12, realizedPNL=0.0, account='DUO335202')
2026-06-18 11:40:06 [INFO] updatePortfolio: PortfolioItem(contract=Option(conId=846738695, symbol='SPX', lastTradeDateOrContractMonth='20260618', strike=7500.0, right='C', multiplier='100', primaryExchange='CBOE', currency='USD', localSymbol='SPXW  260618C07500000', tradingClass='SPXW'), position=1.0, marketPrice=14.8999996, marketValue=1490.0, averageCost=901.6408, unrealizedPNL=588.36, realizedPNL=0.0, account='DUO335202')
2026-06-18 11:40:06 [INFO] updatePortfolio: PortfolioItem(contract=Stock(conId=76792991, symbol='TSLA', right='0', primaryExchange='NASDAQ', currency='USD', localSymbol='TSLA', tradingClass='NMS'), position=-100.0, marketPrice=391.7845764, marketValue=-39178.46, averageCost=394.731234, unrealizedPNL=294.67, realizedPNL=0.0, account='DUO335202')
2026-06-18 11:40:06 [INFO] updatePortfolio: PortfolioItem(contract=Option(conId=846738695, symbol='SPX', lastTradeDateOrContractMonth='20260618', strike=7500.0, right='C', multiplier='100', primaryExchange='CBOE', currency='USD', localSymbol='SPXW  260618C07500000', tradingClass='SPXW'), position=1.0, marketPrice=11.8999996, marketValue=1190.0, averageCost=901.6408, unrealizedPNL=288.36, realizedPNL=0.0, account='DUO335202')
2026-06-18 11:40:06 [INFO] Warning 2103, reqId -1: Market data farm connection is broken:usfarm
2026-06-18 11:40:06 [INFO] Warning 2103, reqId -1: Market data farm connection is broken:usopt
2026-06-18 11:40:06 [INFO] Warning 2104, reqId -1: Market data farm connection is OK:usopt
2026-06-18 11:40:06 [INFO] Warning 2119, reqId -1: Market data farm is connecting:usfarm
2026-06-18 11:40:06 [INFO] Warning 2104, reqId -1: Market data farm connection is OK:usfarm
2026-06-18 11:40:06 [INFO] updatePortfolio: PortfolioItem(contract=Stock(conId=76792991, symbol='TSLA', right='0', primaryExchange='NASDAQ', currency='USD', localSymbol='TSLA', tradingClass='NMS'), position=-100.0, marketPrice=389.9338684, marketValue=-38993.39, averageCost=394.731234, unrealizedPNL=479.74, realizedPNL=0.0, account='DUO335202')
2026-06-18 11:40:06 [INFO] updatePortfolio: PortfolioItem(contract=Option(conId=846738695, symbol='SPX', lastTradeDateOrContractMonth='20260618', strike=7500.0, right='C', multiplier='100', primaryExchange='CBOE', currency='USD', localSymbol='SPXW  260618C07500000', tradingClass='SPXW'), position=1.0, marketPrice=12.2973795, marketValue=1229.74, averageCost=901.6408, unrealizedPNL=328.1, realizedPNL=0.0, account='DUO335202')
2026-06-18 11:40:06 [INFO] updatePortfolio: PortfolioItem(contract=Stock(conId=76792991, symbol='TSLA', right='0', primaryExchange='NASDAQ', currency='USD', localSymbol='TSLA', tradingClass='NMS'), position=-100.0, marketPrice=388.7298279, marketValue=-38872.98, averageCost=394.731234, unrealizedPNL=600.14, realizedPNL=0.0, account='DUO335202')
2026-06-18 11:40:06 [INFO] updatePortfolio: PortfolioItem(contract=Option(conId=846738695, symbol='SPX', lastTradeDateOrContractMonth='20260618', strike=7500.0, right='C', multiplier='100', primaryExchange='CBOE', currency='USD', localSymbol='SPXW  260618C07500000', tradingClass='SPXW'), position=1.0, marketPrice=9.6999998, marketValue=970.0, averageCost=901.6408, unrealizedPNL=68.36, realizedPNL=0.0, account='DUO335202')
2026-06-18 11:40:06 [INFO] updatePortfolio: PortfolioItem(contract=Stock(conId=76792991, symbol='TSLA', right='0', primaryExchange='NASDAQ', currency='USD', localSymbol='TSLA', tradingClass='NMS'), position=-100.0, marketPrice=389.98184205, marketValue=-38998.18, averageCost=394.731234, unrealizedPNL=474.94, realizedPNL=0.0, account='DUO335202')
2026-06-18 11:40:06 [INFO] updatePortfolio: PortfolioItem(contract=Option(conId=846738695, symbol='SPX', lastTradeDateOrContractMonth='20260618', strike=7500.0, right='C', multiplier='100', primaryExchange='CBOE', currency='USD', localSymbol='SPXW  260618C07500000', tradingClass='SPXW'), position=1.0, marketPrice=9.6000004, marketValue=960.0, averageCost=901.6408, unrealizedPNL=58.36, realizedPNL=0.0, account='DUO335202')
2026-06-18 11:40:06 [INFO] updatePortfolio: PortfolioItem(contract=Stock(conId=76792991, symbol='TSLA', right='0', primaryExchange='NASDAQ', currency='USD', localSymbol='TSLA', tradingClass='NMS'), position=-100.0, marketPrice=388.78552245, marketValue=-38878.55, averageCost=394.731234, unrealizedPNL=594.57, realizedPNL=0.0, account='DUO335202')
2026-06-18 11:40:06 [INFO] updatePortfolio: PortfolioItem(contract=Option(conId=846738695, symbol='SPX', lastTradeDateOrContractMonth='20260618', strike=7500.0, right='C', multiplier='100', primaryExchange='CBOE', currency='USD', localSymbol='SPXW  260618C07500000', tradingClass='SPXW'), position=1.0, marketPrice=10.6000004, marketValue=1060.0, averageCost=901.6408, unrealizedPNL=158.36, realizedPNL=0.0, account='DUO335202')
2026-06-18 11:40:06 [INFO] Warning 2103, reqId -1: Market data farm connection is broken:usopt
2026-06-18 11:40:06 [INFO] Warning 2103, reqId -1: Market data farm connection is broken:usfarm
2026-06-18 11:40:06 [INFO] Warning 2104, reqId -1: Market data farm connection is OK:usopt
2026-06-18 11:40:06 [INFO] Warning 2119, reqId -1: Market data farm is connecting:usfarm
2026-06-18 11:40:06 [INFO] Warning 2104, reqId -1: Market data farm connection is OK:usfarm
2026-06-18 11:40:06 [INFO] updatePortfolio: PortfolioItem(contract=Stock(conId=76792991, symbol='TSLA', right='0', primaryExchange='NASDAQ', currency='USD', localSymbol='TSLA', tradingClass='NMS'), position=-100.0, marketPrice=389.6242676, marketValue=-38962.43, averageCost=394.731234, unrealizedPNL=510.7, realizedPNL=0.0, account='DUO335202')
2026-06-18 11:40:06 [INFO] updatePortfolio: PortfolioItem(contract=Option(conId=846738695, symbol='SPX', lastTradeDateOrContractMonth='20260618', strike=7500.0, right='C', multiplier='100', primaryExchange='CBOE', currency='USD', localSymbol='SPXW  260618C07500000', tradingClass='SPXW'), position=1.0, marketPrice=12.1000004, marketValue=1210.0, averageCost=901.6408, unrealizedPNL=308.36, realizedPNL=0.0, account='DUO335202')
2026-06-18 11:40:06 [INFO] Warning 2103, reqId -1: Market data farm connection is broken:usfarm
2026-06-18 11:40:06 [INFO] Warning 2103, reqId -1: Market data farm connection is broken:usopt
2026-06-18 11:40:06 [INFO] Warning 2104, reqId -1: Market data farm connection is OK:usopt
2026-06-18 11:40:06 [INFO] Warning 2119, reqId -1: Market data farm is connecting:usfarm
2026-06-18 11:40:06 [INFO] Warning 2104, reqId -1: Market data farm connection is OK:usfarm
2026-06-18 11:40:06 [INFO] updatePortfolio: PortfolioItem(contract=Stock(conId=76792991, symbol='TSLA', right='0', primaryExchange='NASDAQ', currency='USD', localSymbol='TSLA', tradingClass='NMS'), position=-100.0, marketPrice=388.5975647, marketValue=-38859.76, averageCost=394.731234, unrealizedPNL=613.37, realizedPNL=0.0, account='DUO335202')
2026-06-18 11:40:06 [INFO] updatePortfolio: PortfolioItem(contract=Option(conId=846738695, symbol='SPX', lastTradeDateOrContractMonth='20260618', strike=7500.0, right='C', multiplier='100', primaryExchange='CBOE', currency='USD', localSymbol='SPXW  260618C07500000', tradingClass='SPXW'), position=1.0, marketPrice=9.71098135, marketValue=971.1, averageCost=901.6408, unrealizedPNL=69.46, realizedPNL=0.0, account='DUO335202')
2026-06-18 11:40:06 [INFO] updatePortfolio: PortfolioItem(contract=Stock(conId=76792991, symbol='TSLA', right='0', primaryExchange='NASDAQ', currency='USD', localSymbol='TSLA', tradingClass='NMS'), position=-100.0, marketPrice=387.3500061, marketValue=-38735.0, averageCost=394.731234, unrealizedPNL=738.12, realizedPNL=0.0, account='DUO335202')
2026-06-18 11:40:06 [INFO] updatePortfolio: PortfolioItem(contract=Option(conId=846738695, symbol='SPX', lastTradeDateOrContractMonth='20260618', strike=7500.0, right='C', multiplier='100', primaryExchange='CBOE', currency='USD', localSymbol='SPXW  260618C07500000', tradingClass='SPXW'), position=1.0, marketPrice=8.8000002, marketValue=880.0, averageCost=901.6408, unrealizedPNL=-21.64, realizedPNL=0.0, account='DUO335202')
2026-06-18 11:40:06 [INFO] updatePortfolio: PortfolioItem(contract=Stock(conId=76792991, symbol='TSLA', right='0', primaryExchange='NASDAQ', currency='USD', localSymbol='TSLA', tradingClass='NMS'), position=-100.0, marketPrice=389.69000245, marketValue=-38969.0, averageCost=394.731234, unrealizedPNL=504.12, realizedPNL=0.0, account='DUO335202')
2026-06-18 11:40:06 [INFO] updatePortfolio: PortfolioItem(contract=Option(conId=846738695, symbol='SPX', lastTradeDateOrContractMonth='20260618', strike=7500.0, right='C', multiplier='100', primaryExchange='CBOE', currency='USD', localSymbol='SPXW  260618C07500000', tradingClass='SPXW'), position=1.0, marketPrice=10.1000004, marketValue=1010.0, averageCost=901.6408, unrealizedPNL=108.36, realizedPNL=0.0, account='DUO335202')
2026-06-18 11:40:06 [INFO] updatePortfolio: PortfolioItem(contract=Stock(conId=76792991, symbol='TSLA', right='0', primaryExchange='NASDAQ', currency='USD', localSymbol='TSLA', tradingClass='NMS'), position=-100.0, marketPrice=390.269989, marketValue=-39027.0, averageCost=394.731234, unrealizedPNL=446.12, realizedPNL=0.0, account='DUO335202')
2026-06-18 11:40:06 [INFO] updatePortfolio: PortfolioItem(contract=Option(conId=846738695, symbol='SPX', lastTradeDateOrContractMonth='20260618', strike=7500.0, right='C', multiplier='100', primaryExchange='CBOE', currency='USD', localSymbol='SPXW  260618C07500000', tradingClass='SPXW'), position=1.0, marketPrice=10.0, marketValue=1000.0, averageCost=901.6408, unrealizedPNL=98.36, realizedPNL=0.0, account='DUO335202')
2026-06-18 11:40:06 [INFO] updatePortfolio: PortfolioItem(contract=Stock(conId=76792991, symbol='TSLA', right='0', primaryExchange='NASDAQ', currency='USD', localSymbol='TSLA', tradingClass='NMS'), position=-100.0, marketPrice=390.6140747, marketValue=-39061.41, averageCost=394.731234, unrealizedPNL=411.72, realizedPNL=0.0, account='DUO335202')
2026-06-18 11:40:06 [INFO] updatePortfolio: PortfolioItem(contract=Option(conId=846738695, symbol='SPX', lastTradeDateOrContractMonth='20260618', strike=7500.0, right='C', multiplier='100', primaryExchange='CBOE', currency='USD', localSymbol='SPXW  260618C07500000', tradingClass='SPXW'), position=1.0, marketPrice=12.5, marketValue=1250.0, averageCost=901.6408, unrealizedPNL=348.36, realizedPNL=0.0, account='DUO335202')
2026-06-18 11:40:06 [INFO] updatePortfolio: PortfolioItem(contract=Stock(conId=76792991, symbol='TSLA', right='0', primaryExchange='NASDAQ', currency='USD', localSymbol='TSLA', tradingClass='NMS'), position=-100.0, marketPrice=390.6890259, marketValue=-39068.9, averageCost=394.731234, unrealizedPNL=404.22, realizedPNL=0.0, account='DUO335202')
2026-06-18 11:40:06 [INFO] updatePortfolio: PortfolioItem(contract=Option(conId=846738695, symbol='SPX', lastTradeDateOrContractMonth='20260618', strike=7500.0, right='C', multiplier='100', primaryExchange='CBOE', currency='USD', localSymbol='SPXW  260618C07500000', tradingClass='SPXW'), position=1.0, marketPrice=10.8000002, marketValue=1080.0, averageCost=901.6408, unrealizedPNL=178.36, realizedPNL=0.0, account='DUO335202')
2026-06-18 11:40:06 [INFO] updatePortfolio: PortfolioItem(contract=Stock(conId=76792991, symbol='TSLA', right='0', primaryExchange='NASDAQ', currency='USD', localSymbol='TSLA', tradingClass='NMS'), position=-100.0, marketPrice=388.85131835, marketValue=-38885.13, averageCost=394.731234, unrealizedPNL=587.99, realizedPNL=0.0, account='DUO335202')
2026-06-18 11:40:06 [INFO] updatePortfolio: PortfolioItem(contract=Option(conId=846738695, symbol='SPX', lastTradeDateOrContractMonth='20260618', strike=7500.0, right='C', multiplier='100', primaryExchange='CBOE', currency='USD', localSymbol='SPXW  260618C07500000', tradingClass='SPXW'), position=1.0, marketPrice=8.3999996, marketValue=840.0, averageCost=901.6408, unrealizedPNL=-61.64, realizedPNL=0.0, account='DUO335202')
2026-06-18 11:40:06 [INFO] updatePortfolio: PortfolioItem(contract=Stock(conId=76792991, symbol='TSLA', right='0', primaryExchange='NASDAQ', currency='USD', localSymbol='TSLA', tradingClass='NMS'), position=-100.0, marketPrice=390.39871215, marketValue=-39039.87, averageCost=394.731234, unrealizedPNL=433.25, realizedPNL=0.0, account='DUO335202')
2026-06-18 11:40:06 [INFO] updatePortfolio: PortfolioItem(contract=Option(conId=846738695, symbol='SPX', lastTradeDateOrContractMonth='20260618', strike=7500.0, right='C', multiplier='100', primaryExchange='CBOE', currency='USD', localSymbol='SPXW  260618C07500000', tradingClass='SPXW'), position=1.0, marketPrice=11.1999998, marketValue=1120.0, averageCost=901.6408, unrealizedPNL=218.36, realizedPNL=0.0, account='DUO335202')
2026-06-18 11:40:06 [INFO] updatePortfolio: PortfolioItem(contract=Stock(conId=76792991, symbol='TSLA', right='0', primaryExchange='NASDAQ', currency='USD', localSymbol='TSLA', tradingClass='NMS'), position=-100.0, marketPrice=391.0142212, marketValue=-39101.42, averageCost=394.731234, unrealizedPNL=371.7, realizedPNL=0.0, account='DUO335202')
2026-06-18 11:40:06 [INFO] updatePortfolio: PortfolioItem(contract=Option(conId=846738695, symbol='SPX', lastTradeDateOrContractMonth='20260618', strike=7500.0, right='C', multiplier='100', primaryExchange='CBOE', currency='USD', localSymbol='SPXW  260618C07500000', tradingClass='SPXW'), position=1.0, marketPrice=12.8000002, marketValue=1280.0, averageCost=901.6408, unrealizedPNL=378.36, realizedPNL=0.0, account='DUO335202')
2026-06-18 11:40:06 [INFO] updatePortfolio: PortfolioItem(contract=Stock(conId=76792991, symbol='TSLA', right='0', primaryExchange='NASDAQ', currency='USD', localSymbol='TSLA', tradingClass='NMS'), position=-100.0, marketPrice=390.74694825, marketValue=-39074.69, averageCost=394.731234, unrealizedPNL=398.43, realizedPNL=0.0, account='DUO335202')
2026-06-18 11:40:06 [INFO] updatePortfolio: PortfolioItem(contract=Option(conId=846738695, symbol='SPX', lastTradeDateOrContractMonth='20260618', strike=7500.0, right='C', multiplier='100', primaryExchange='CBOE', currency='USD', localSymbol='SPXW  260618C07500000', tradingClass='SPXW'), position=1.0, marketPrice=13.8000002, marketValue=1380.0, averageCost=901.6408, unrealizedPNL=478.36, realizedPNL=0.0, account='DUO335202')
2026-06-18 11:40:06 [INFO] Warning 2103, reqId -1: Market data farm connection is broken:usopt
2026-06-18 11:40:06 [INFO] Warning 2103, reqId -1: Market data farm connection is broken:usfarm
2026-06-18 11:40:06 [INFO] Warning 2104, reqId -1: Market data farm connection is OK:usopt
2026-06-18 11:40:06 [INFO] Warning 2119, reqId -1: Market data farm is connecting:usfarm
2026-06-18 11:40:06 [INFO] Warning 2104, reqId -1: Market data farm connection is OK:usfarm
2026-06-18 11:40:06 [INFO] updatePortfolio: PortfolioItem(contract=Stock(conId=76792991, symbol='TSLA', right='0', primaryExchange='NASDAQ', currency='USD', localSymbol='TSLA', tradingClass='NMS'), position=-100.0, marketPrice=388.3564148, marketValue=-38835.64, averageCost=394.731234, unrealizedPNL=637.48, realizedPNL=0.0, account='DUO335202')
2026-06-18 11:40:06 [INFO] updatePortfolio: PortfolioItem(contract=Option(conId=846738695, symbol='SPX', lastTradeDateOrContractMonth='20260618', strike=7500.0, right='C', multiplier='100', primaryExchange='CBOE', currency='USD', localSymbol='SPXW  260618C07500000', tradingClass='SPXW'), position=1.0, marketPrice=13.8999996, marketValue=1390.0, averageCost=901.6408, unrealizedPNL=488.36, realizedPNL=0.0, account='DUO335202')
2026-06-18 11:40:06 [INFO] updatePortfolio: PortfolioItem(contract=Stock(conId=76792991, symbol='TSLA', right='0', primaryExchange='NASDAQ', currency='USD', localSymbol='TSLA', tradingClass='NMS'), position=-100.0, marketPrice=386.3999939, marketValue=-38640.0, averageCost=394.731234, unrealizedPNL=833.12, realizedPNL=0.0, account='DUO335202')
2026-06-18 11:40:06 [INFO] updatePortfolio: PortfolioItem(contract=Option(conId=846738695, symbol='SPX', lastTradeDateOrContractMonth='20260618', strike=7500.0, right='C', multiplier='100', primaryExchange='CBOE', currency='USD', localSymbol='SPXW  260618C07500000', tradingClass='SPXW'), position=1.0, marketPrice=10.1999998, marketValue=1020.0, averageCost=901.6408, unrealizedPNL=118.36, realizedPNL=0.0, account='DUO335202')
2026-06-18 11:40:06 [INFO] updatePortfolio: PortfolioItem(contract=Stock(conId=76792991, symbol='TSLA', right='0', primaryExchange='NASDAQ', currency='USD', localSymbol='TSLA', tradingClass='NMS'), position=-100.0, marketPrice=385.2999878, marketValue=-38530.0, averageCost=394.731234, unrealizedPNL=943.12, realizedPNL=0.0, account='DUO335202')
2026-06-18 11:40:06 [INFO] updatePortfolio: PortfolioItem(contract=Option(conId=846738695, symbol='SPX', lastTradeDateOrContractMonth='20260618', strike=7500.0, right='C', multiplier='100', primaryExchange='CBOE', currency='USD', localSymbol='SPXW  260618C07500000', tradingClass='SPXW'), position=1.0, marketPrice=9.3000002, marketValue=930.0, averageCost=901.6408, unrealizedPNL=28.36, realizedPNL=0.0, account='DUO335202')
2026-06-18 11:40:06 [INFO] updatePortfolio: PortfolioItem(contract=Stock(conId=76792991, symbol='TSLA', right='0', primaryExchange='NASDAQ', currency='USD', localSymbol='TSLA', tradingClass='NMS'), position=-100.0, marketPrice=385.55392455, marketValue=-38555.39, averageCost=394.731234, unrealizedPNL=917.73, realizedPNL=0.0, account='DUO335202')
2026-06-18 11:40:06 [INFO] updatePortfolio: PortfolioItem(contract=Option(conId=846738695, symbol='SPX', lastTradeDateOrContractMonth='20260618', strike=7500.0, right='C', multiplier='100', primaryExchange='CBOE', currency='USD', localSymbol='SPXW  260618C07500000', tradingClass='SPXW'), position=1.0, marketPrice=10.5, marketValue=1050.0, averageCost=901.6408, unrealizedPNL=148.36, realizedPNL=0.0, account='DUO335202')
2026-06-18 11:40:06 [INFO] Warning 2103, reqId -1: Market data farm connection is broken:usfarm
2026-06-18 11:40:06 [INFO] Warning 2103, reqId -1: Market data farm connection is broken:usopt
2026-06-18 11:40:06 [INFO] Warning 2104, reqId -1: Market data farm connection is OK:usopt
2026-06-18 11:40:06 [INFO] Warning 2119, reqId -1: Market data farm is connecting:usfarm
2026-06-18 11:40:06 [INFO] Warning 2104, reqId -1: Market data farm connection is OK:usfarm
2026-06-18 11:40:06 [INFO] updatePortfolio: PortfolioItem(contract=Stock(conId=76792991, symbol='TSLA', right='0', primaryExchange='NASDAQ', currency='USD', localSymbol='TSLA', tradingClass='NMS'), position=-100.0, marketPrice=387.44906615, marketValue=-38744.91, averageCost=394.731234, unrealizedPNL=728.22, realizedPNL=0.0, account='DUO335202')
2026-06-18 11:40:06 [INFO] updatePortfolio: PortfolioItem(contract=Option(conId=846738695, symbol='SPX', lastTradeDateOrContractMonth='20260618', strike=7500.0, right='C', multiplier='100', primaryExchange='CBOE', currency='USD', localSymbol='SPXW  260618C07500000', tradingClass='SPXW'), position=1.0, marketPrice=12.3999996, marketValue=1240.0, averageCost=901.6408, unrealizedPNL=338.36, realizedPNL=0.0, account='DUO335202')
2026-06-18 11:40:06 [INFO] Warning 2103, reqId -1: Market data farm connection is broken:usopt
2026-06-18 11:40:06 [INFO] Warning 2103, reqId -1: Market data farm connection is broken:usfarm
2026-06-18 11:40:06 [INFO] Warning 2104, reqId -1: Market data farm connection is OK:usopt
2026-06-18 11:40:06 [INFO] Warning 2119, reqId -1: Market data farm is connecting:usfarm
2026-06-18 11:40:06 [INFO] Warning 2104, reqId -1: Market data farm connection is OK:usfarm
2026-06-18 11:40:06 [INFO] updatePortfolio: PortfolioItem(contract=Stock(conId=76792991, symbol='TSLA', right='0', primaryExchange='NASDAQ', currency='USD', localSymbol='TSLA', tradingClass='NMS'), position=-100.0, marketPrice=386.99005125, marketValue=-38699.01, averageCost=394.731234, unrealizedPNL=774.12, realizedPNL=0.0, account='DUO335202')
2026-06-18 11:40:06 [INFO] updatePortfolio: PortfolioItem(contract=Option(conId=846738695, symbol='SPX', lastTradeDateOrContractMonth='20260618', strike=7500.0, right='C', multiplier='100', primaryExchange='CBOE', currency='USD', localSymbol='SPXW  260618C07500000', tradingClass='SPXW'), position=1.0, marketPrice=11.6000004, marketValue=1160.0, averageCost=901.6408, unrealizedPNL=258.36, realizedPNL=0.0, account='DUO335202')
2026-06-18 11:40:06 [INFO] updatePortfolio: PortfolioItem(contract=Stock(conId=76792991, symbol='TSLA', right='0', primaryExchange='NASDAQ', currency='USD', localSymbol='TSLA', tradingClass='NMS'), position=-100.0, marketPrice=387.03323365, marketValue=-38703.32, averageCost=394.731234, unrealizedPNL=769.8, realizedPNL=0.0, account='DUO335202')
2026-06-18 11:40:06 [INFO] updatePortfolio: PortfolioItem(contract=Option(conId=846738695, symbol='SPX', lastTradeDateOrContractMonth='20260618', strike=7500.0, right='C', multiplier='100', primaryExchange='CBOE', currency='USD', localSymbol='SPXW  260618C07500000', tradingClass='SPXW'), position=1.0, marketPrice=12.1000004, marketValue=1210.0, averageCost=901.6408, unrealizedPNL=308.36, realizedPNL=0.0, account='DUO335202')
2026-06-18 11:40:06 [INFO] Warning 2103, reqId -1: Market data farm connection is broken:usfarm
2026-06-18 11:40:06 [INFO] Warning 2103, reqId -1: Market data farm connection is broken:usopt
2026-06-18 11:40:06 [INFO] Warning 2104, reqId -1: Market data farm connection is OK:usopt
2026-06-18 11:40:06 [INFO] Warning 2119, reqId -1: Market data farm is connecting:usfarm
2026-06-18 11:40:06 [INFO] Warning 2104, reqId -1: Market data farm connection is OK:usfarm
2026-06-18 11:40:06 [INFO] Warning 2103, reqId -1: Market data farm connection is broken:usfarm
2026-06-18 11:40:06 [INFO] Warning 2103, reqId -1: Market data farm connection is broken:usopt
2026-06-18 11:40:06 [INFO] Warning 2104, reqId -1: Market data farm connection is OK:usopt
2026-06-18 11:40:06 [INFO] Warning 2119, reqId -1: Market data farm is connecting:usfarm
2026-06-18 11:40:06 [INFO] Warning 2104, reqId -1: Market data farm connection is OK:usfarm
2026-06-18 11:40:06 [INFO] updatePortfolio: PortfolioItem(contract=Stock(conId=76792991, symbol='TSLA', right='0', primaryExchange='NASDAQ', currency='USD', localSymbol='TSLA', tradingClass='NMS'), position=-100.0, marketPrice=387.5727539, marketValue=-38757.28, averageCost=394.731234, unrealizedPNL=715.85, realizedPNL=0.0, account='DUO335202')
2026-06-18 11:40:06 [INFO] updatePortfolio: PortfolioItem(contract=Option(conId=846738695, symbol='SPX', lastTradeDateOrContractMonth='20260618', strike=7500.0, right='C', multiplier='100', primaryExchange='CBOE', currency='USD', localSymbol='SPXW  260618C07500000', tradingClass='SPXW'), position=1.0, marketPrice=14.5, marketValue=1450.0, averageCost=901.6408, unrealizedPNL=548.36, realizedPNL=0.0, account='DUO335202')
2026-06-18 11:40:06 [INFO] updatePortfolio: PortfolioItem(contract=Stock(conId=76792991, symbol='TSLA', right='0', primaryExchange='NASDAQ', currency='USD', localSymbol='TSLA', tradingClass='NMS'), position=-100.0, marketPrice=388.5256958, marketValue=-38852.57, averageCost=394.731234, unrealizedPNL=620.55, realizedPNL=0.0, account='DUO335202')
2026-06-18 11:40:06 [INFO] updatePortfolio: PortfolioItem(contract=Option(conId=846738695, symbol='SPX', lastTradeDateOrContractMonth='20260618', strike=7500.0, right='C', multiplier='100', primaryExchange='CBOE', currency='USD', localSymbol='SPXW  260618C07500000', tradingClass='SPXW'), position=1.0, marketPrice=14.6000004, marketValue=1460.0, averageCost=901.6408, unrealizedPNL=558.36, realizedPNL=0.0, account='DUO335202')
2026-06-18 11:40:06 [INFO] updatePortfolio: PortfolioItem(contract=Stock(conId=76792991, symbol='TSLA', right='0', primaryExchange='NASDAQ', currency='USD', localSymbol='TSLA', tradingClass='NMS'), position=-100.0, marketPrice=388.50601195, marketValue=-38850.6, averageCost=394.731234, unrealizedPNL=622.52, realizedPNL=0.0, account='DUO335202')
2026-06-18 11:40:06 [INFO] updatePortfolio: PortfolioItem(contract=Option(conId=846738695, symbol='SPX', lastTradeDateOrContractMonth='20260618', strike=7500.0, right='C', multiplier='100', primaryExchange='CBOE', currency='USD', localSymbol='SPXW  260618C07500000', tradingClass='SPXW'), position=1.0, marketPrice=12.5, marketValue=1250.0, averageCost=901.6408, unrealizedPNL=348.36, realizedPNL=0.0, account='DUO335202')
2026-06-18 11:40:06 [INFO] updatePortfolio: PortfolioItem(contract=Stock(conId=76792991, symbol='TSLA', right='0', primaryExchange='NASDAQ', currency='USD', localSymbol='TSLA', tradingClass='NMS'), position=-100.0, marketPrice=388.0156555, marketValue=-38801.57, averageCost=394.731234, unrealizedPNL=671.56, realizedPNL=0.0, account='DUO335202')
2026-06-18 11:40:06 [INFO] updatePortfolio: PortfolioItem(contract=Option(conId=846738695, symbol='SPX', lastTradeDateOrContractMonth='20260618', strike=7500.0, right='C', multiplier='100', primaryExchange='CBOE', currency='USD', localSymbol='SPXW  260618C07500000', tradingClass='SPXW'), position=1.0, marketPrice=12.6000004, marketValue=1260.0, averageCost=901.6408, unrealizedPNL=358.36, realizedPNL=0.0, account='DUO335202')
2026-06-18 11:40:06 [INFO] updatePortfolio: PortfolioItem(contract=Stock(conId=76792991, symbol='TSLA', right='0', primaryExchange='NASDAQ', currency='USD', localSymbol='TSLA', tradingClass='NMS'), position=-100.0, marketPrice=388.6515808, marketValue=-38865.16, averageCost=394.731234, unrealizedPNL=607.97, realizedPNL=0.0, account='DUO335202')
2026-06-18 11:40:06 [INFO] updatePortfolio: PortfolioItem(contract=Option(conId=846738695, symbol='SPX', lastTradeDateOrContractMonth='20260618', strike=7500.0, right='C', multiplier='100', primaryExchange='CBOE', currency='USD', localSymbol='SPXW  260618C07500000', tradingClass='SPXW'), position=1.0, marketPrice=14.3000002, marketValue=1430.0, averageCost=901.6408, unrealizedPNL=528.36, realizedPNL=0.0, account='DUO335202')
2026-06-18 11:40:06 [INFO] updatePortfolio: PortfolioItem(contract=Stock(conId=76792991, symbol='TSLA', right='0', primaryExchange='NASDAQ', currency='USD', localSymbol='TSLA', tradingClass='NMS'), position=-100.0, marketPrice=388.4623413, marketValue=-38846.23, averageCost=394.731234, unrealizedPNL=626.89, realizedPNL=0.0, account='DUO335202')
2026-06-18 11:40:06 [INFO] updatePortfolio: PortfolioItem(contract=Option(conId=846738695, symbol='SPX', lastTradeDateOrContractMonth='20260618', strike=7500.0, right='C', multiplier='100', primaryExchange='CBOE', currency='USD', localSymbol='SPXW  260618C07500000', tradingClass='SPXW'), position=1.0, marketPrice=11.1000004, marketValue=1110.0, averageCost=901.6408, unrealizedPNL=208.36, realizedPNL=0.0, account='DUO335202')
2026-06-18 11:40:06 [INFO] updatePortfolio: PortfolioItem(contract=Stock(conId=76792991, symbol='TSLA', right='0', primaryExchange='NASDAQ', currency='USD', localSymbol='TSLA', tradingClass='NMS'), position=-100.0, marketPrice=388.8800049, marketValue=-38888.0, averageCost=394.731234, unrealizedPNL=585.12, realizedPNL=0.0, account='DUO335202')
2026-06-18 11:40:06 [INFO] updatePortfolio: PortfolioItem(contract=Option(conId=846738695, symbol='SPX', lastTradeDateOrContractMonth='20260618', strike=7500.0, right='C', multiplier='100', primaryExchange='CBOE', currency='USD', localSymbol='SPXW  260618C07500000', tradingClass='SPXW'), position=1.0, marketPrice=11.1999998, marketValue=1120.0, averageCost=901.6408, unrealizedPNL=218.36, realizedPNL=0.0, account='DUO335202')
2026-06-18 11:40:06 [INFO] updatePortfolio: PortfolioItem(contract=Stock(conId=76792991, symbol='TSLA', right='0', primaryExchange='NASDAQ', currency='USD', localSymbol='TSLA', tradingClass='NMS'), position=-100.0, marketPrice=388.79467775, marketValue=-38879.47, averageCost=394.731234, unrealizedPNL=593.66, realizedPNL=0.0, account='DUO335202')
2026-06-18 11:40:06 [INFO] updatePortfolio: PortfolioItem(contract=Option(conId=846738695, symbol='SPX', lastTradeDateOrContractMonth='20260618', strike=7500.0, right='C', multiplier='100', primaryExchange='CBOE', currency='USD', localSymbol='SPXW  260618C07500000', tradingClass='SPXW'), position=1.0, marketPrice=11.3000002, marketValue=1130.0, averageCost=901.6408, unrealizedPNL=228.36, realizedPNL=0.0, account='DUO335202')
2026-06-18 11:40:06 [INFO] Warning 2103, reqId -1: Market data farm connection is broken:usfarm
2026-06-18 11:40:06 [INFO] Warning 2103, reqId -1: Market data farm connection is broken:usopt
2026-06-18 11:40:06 [INFO] Warning 2104, reqId -1: Market data farm connection is OK:usopt
2026-06-18 11:40:06 [INFO] Warning 2119, reqId -1: Market data farm is connecting:usfarm
2026-06-18 11:40:06 [INFO] Warning 2104, reqId -1: Market data farm connection is OK:usfarm
2026-06-18 11:40:06 [INFO] updatePortfolio: PortfolioItem(contract=Stock(conId=76792991, symbol='TSLA', right='0', primaryExchange='NASDAQ', currency='USD', localSymbol='TSLA', tradingClass='NMS'), position=-100.0, marketPrice=389.6499939, marketValue=-38965.0, averageCost=394.731234, unrealizedPNL=508.12, realizedPNL=0.0, account='DUO335202')
2026-06-18 11:40:06 [INFO] updatePortfolio: PortfolioItem(contract=Option(conId=846738695, symbol='SPX', lastTradeDateOrContractMonth='20260618', strike=7500.0, right='C', multiplier='100', primaryExchange='CBOE', currency='USD', localSymbol='SPXW  260618C07500000', tradingClass='SPXW'), position=1.0, marketPrice=12.6999998, marketValue=1270.0, averageCost=901.6408, unrealizedPNL=368.36, realizedPNL=0.0, account='DUO335202')
2026-06-18 11:40:06 [INFO] updatePortfolio: PortfolioItem(contract=Stock(conId=76792991, symbol='TSLA', right='0', primaryExchange='NASDAQ', currency='USD', localSymbol='TSLA', tradingClass='NMS'), position=-100.0, marketPrice=389.62112425, marketValue=-38962.11, averageCost=394.731234, unrealizedPNL=511.01, realizedPNL=0.0, account='DUO335202')
2026-06-18 11:40:06 [INFO] updatePortfolio: PortfolioItem(contract=Option(conId=846738695, symbol='SPX', lastTradeDateOrContractMonth='20260618', strike=7500.0, right='C', multiplier='100', primaryExchange='CBOE', currency='USD', localSymbol='SPXW  260618C07500000', tradingClass='SPXW'), position=1.0, marketPrice=11.3999996, marketValue=1140.0, averageCost=901.6408, unrealizedPNL=238.36, realizedPNL=0.0, account='DUO335202')
2026-06-18 11:40:06 [INFO] updatePortfolio: PortfolioItem(contract=Stock(conId=76792991, symbol='TSLA', right='0', primaryExchange='NASDAQ', currency='USD', localSymbol='TSLA', tradingClass='NMS'), position=-100.0, marketPrice=389.70272825, marketValue=-38970.27, averageCost=394.731234, unrealizedPNL=502.85, realizedPNL=0.0, account='DUO335202')
2026-06-18 11:40:06 [INFO] updatePortfolio: PortfolioItem(contract=Option(conId=846738695, symbol='SPX', lastTradeDateOrContractMonth='20260618', strike=7500.0, right='C', multiplier='100', primaryExchange='CBOE', currency='USD', localSymbol='SPXW  260618C07500000', tradingClass='SPXW'), position=1.0, marketPrice=8.5, marketValue=850.0, averageCost=901.6408, unrealizedPNL=-51.64, realizedPNL=0.0, account='DUO335202')
2026-06-18 11:40:06 [INFO] Warning 2103, reqId -1: Market data farm connection is broken:usfarm
2026-06-18 11:40:06 [INFO] Warning 2103, reqId -1: Market data farm connection is broken:usopt
2026-06-18 11:40:06 [INFO] Warning 2104, reqId -1: Market data farm connection is OK:usopt
2026-06-18 11:40:06 [INFO] Warning 2119, reqId -1: Market data farm is connecting:usfarm
2026-06-18 11:40:06 [INFO] Warning 2104, reqId -1: Market data farm connection is OK:usfarm
2026-06-18 11:40:06 [INFO] updatePortfolio: PortfolioItem(contract=Stock(conId=76792991, symbol='TSLA', right='0', primaryExchange='NASDAQ', currency='USD', localSymbol='TSLA', tradingClass='NMS'), position=-100.0, marketPrice=389.14050295, marketValue=-38914.05, averageCost=394.731234, unrealizedPNL=559.07, realizedPNL=0.0, account='DUO335202')
2026-06-18 11:40:06 [INFO] updatePortfolio: PortfolioItem(contract=Option(conId=846738695, symbol='SPX', lastTradeDateOrContractMonth='20260618', strike=7500.0, right='C', multiplier='100', primaryExchange='CBOE', currency='USD', localSymbol='SPXW  260618C07500000', tradingClass='SPXW'), position=1.0, marketPrice=8.3000002, marketValue=830.0, averageCost=901.6408, unrealizedPNL=-71.64, realizedPNL=0.0, account='DUO335202')
2026-06-18 11:40:06 [INFO] Warning 2103, reqId -1: Market data farm connection is broken:usfarm
2026-06-18 11:40:06 [INFO] Warning 2103, reqId -1: Market data farm connection is broken:usopt
2026-06-18 11:40:06 [INFO] Warning 2104, reqId -1: Market data farm connection is OK:usopt
2026-06-18 11:40:06 [INFO] Warning 2119, reqId -1: Market data farm is connecting:usfarm
2026-06-18 11:40:06 [INFO] Warning 2104, reqId -1: Market data farm connection is OK:usfarm
2026-06-18 11:40:06 [INFO] updatePortfolio: PortfolioItem(contract=Stock(conId=76792991, symbol='TSLA', right='0', primaryExchange='NASDAQ', currency='USD', localSymbol='TSLA', tradingClass='NMS'), position=-100.0, marketPrice=389.78204345, marketValue=-38978.2, averageCost=394.731234, unrealizedPNL=494.92, realizedPNL=0.0, account='DUO335202')
2026-06-18 11:40:06 [INFO] updatePortfolio: PortfolioItem(contract=Option(conId=846738695, symbol='SPX', lastTradeDateOrContractMonth='20260618', strike=7500.0, right='C', multiplier='100', primaryExchange='CBOE', currency='USD', localSymbol='SPXW  260618C07500000', tradingClass='SPXW'), position=1.0, marketPrice=7.16071365, marketValue=716.07, averageCost=901.6408, unrealizedPNL=-185.57, realizedPNL=0.0, account='DUO335202')
2026-06-18 11:40:06 [INFO] Warning 2103, reqId -1: Market data farm connection is broken:usfarm
2026-06-18 11:40:06 [INFO] Warning 2103, reqId -1: Market data farm connection is broken:usopt
2026-06-18 11:40:06 [INFO] Warning 2104, reqId -1: Market data farm connection is OK:usopt
2026-06-18 11:40:06 [INFO] Warning 2119, reqId -1: Market data farm is connecting:usfarm
2026-06-18 11:40:06 [INFO] Warning 2104, reqId -1: Market data farm connection is OK:usfarm
2026-06-18 11:40:06 [INFO] updatePortfolio: PortfolioItem(contract=Stock(conId=76792991, symbol='TSLA', right='0', primaryExchange='NASDAQ', currency='USD', localSymbol='TSLA', tradingClass='NMS'), position=-100.0, marketPrice=389.8521118, marketValue=-38985.21, averageCost=394.731234, unrealizedPNL=487.91, realizedPNL=0.0, account='DUO335202')
2026-06-18 11:40:06 [INFO] updatePortfolio: PortfolioItem(contract=Option(conId=846738695, symbol='SPX', lastTradeDateOrContractMonth='20260618', strike=7500.0, right='C', multiplier='100', primaryExchange='CBOE', currency='USD', localSymbol='SPXW  260618C07500000', tradingClass='SPXW'), position=1.0, marketPrice=7.07566355, marketValue=707.57, averageCost=901.6408, unrealizedPNL=-194.07, realizedPNL=0.0, account='DUO335202')
2026-06-18 11:40:06 [INFO] updatePortfolio: PortfolioItem(contract=Stock(conId=76792991, symbol='TSLA', right='0', primaryExchange='NASDAQ', currency='USD', localSymbol='TSLA', tradingClass='NMS'), position=-100.0, marketPrice=389.96002195, marketValue=-38996.0, averageCost=394.731234, unrealizedPNL=477.12, realizedPNL=0.0, account='DUO335202')
2026-06-18 11:40:06 [INFO] updatePortfolio: PortfolioItem(contract=Option(conId=846738695, symbol='SPX', lastTradeDateOrContractMonth='20260618', strike=7500.0, right='C', multiplier='100', primaryExchange='CBOE', currency='USD', localSymbol='SPXW  260618C07500000', tradingClass='SPXW'), position=1.0, marketPrice=6.0, marketValue=600.0, averageCost=901.6408, unrealizedPNL=-301.64, realizedPNL=0.0, account='DUO335202')
2026-06-18 11:40:06 [INFO] Warning 2103, reqId -1: Market data farm connection is broken:usfarm
2026-06-18 11:40:06 [INFO] Warning 2103, reqId -1: Market data farm connection is broken:usopt
2026-06-18 11:40:06 [INFO] Warning 2104, reqId -1: Market data farm connection is OK:usopt
2026-06-18 11:40:06 [INFO] Warning 2119, reqId -1: Market data farm is connecting:usfarm
2026-06-18 11:40:06 [INFO] Warning 2104, reqId -1: Market data farm connection is OK:usfarm
2026-06-18 11:40:06 [INFO] updatePortfolio: PortfolioItem(contract=Stock(conId=76792991, symbol='TSLA', right='0', primaryExchange='NASDAQ', currency='USD', localSymbol='TSLA', tradingClass='NMS'), position=-100.0, marketPrice=389.0499878, marketValue=-38905.0, averageCost=394.731234, unrealizedPNL=568.12, realizedPNL=0.0, account='DUO335202')
2026-06-18 11:40:06 [INFO] updatePortfolio: PortfolioItem(contract=Option(conId=846738695, symbol='SPX', lastTradeDateOrContractMonth='20260618', strike=7500.0, right='C', multiplier='100', primaryExchange='CBOE', currency='USD', localSymbol='SPXW  260618C07500000', tradingClass='SPXW'), position=1.0, marketPrice=6.0999999, marketValue=610.0, averageCost=901.6408, unrealizedPNL=-291.64, realizedPNL=0.0, account='DUO335202')
2026-06-18 11:40:06 [INFO] updatePortfolio: PortfolioItem(contract=Stock(conId=76792991, symbol='TSLA', right='0', primaryExchange='NASDAQ', currency='USD', localSymbol='TSLA', tradingClass='NMS'), position=-100.0, marketPrice=388.95248415, marketValue=-38895.25, averageCost=394.731234, unrealizedPNL=577.87, realizedPNL=0.0, account='DUO335202')
2026-06-18 11:40:06 [INFO] updatePortfolio: PortfolioItem(contract=Option(conId=846738695, symbol='SPX', lastTradeDateOrContractMonth='20260618', strike=7500.0, right='C', multiplier='100', primaryExchange='CBOE', currency='USD', localSymbol='SPXW  260618C07500000', tradingClass='SPXW'), position=1.0, marketPrice=5.8000002, marketValue=580.0, averageCost=901.6408, unrealizedPNL=-321.64, realizedPNL=0.0, account='DUO335202')
2026-06-18 11:40:06 [INFO] updatePortfolio: PortfolioItem(contract=Stock(conId=76792991, symbol='TSLA', right='0', primaryExchange='NASDAQ', currency='USD', localSymbol='TSLA', tradingClass='NMS'), position=-100.0, marketPrice=388.63745115, marketValue=-38863.75, averageCost=394.731234, unrealizedPNL=609.38, realizedPNL=0.0, account='DUO335202')
2026-06-18 11:40:06 [INFO] updatePortfolio: PortfolioItem(contract=Option(conId=846738695, symbol='SPX', lastTradeDateOrContractMonth='20260618', strike=7500.0, right='C', multiplier='100', primaryExchange='CBOE', currency='USD', localSymbol='SPXW  260618C07500000', tradingClass='SPXW'), position=1.0, marketPrice=5.05955075, marketValue=505.96, averageCost=901.6408, unrealizedPNL=-395.69, realizedPNL=0.0, account='DUO335202')
2026-06-18 11:40:06 [INFO] updatePortfolio: PortfolioItem(contract=Stock(conId=76792991, symbol='TSLA', right='0', primaryExchange='NASDAQ', currency='USD', localSymbol='TSLA', tradingClass='NMS'), position=-100.0, marketPrice=389.43777465, marketValue=-38943.78, averageCost=394.731234, unrealizedPNL=529.35, realizedPNL=0.0, account='DUO335202')
2026-06-18 11:40:06 [INFO] updatePortfolio: PortfolioItem(contract=Option(conId=846738695, symbol='SPX', lastTradeDateOrContractMonth='20260618', strike=7500.0, right='C', multiplier='100', primaryExchange='CBOE', currency='USD', localSymbol='SPXW  260618C07500000', tradingClass='SPXW'), position=1.0, marketPrice=5.5999999, marketValue=560.0, averageCost=901.6408, unrealizedPNL=-341.64, realizedPNL=0.0, account='DUO335202')
2026-06-18 11:40:06 [INFO] updatePortfolio: PortfolioItem(contract=Stock(conId=76792991, symbol='TSLA', right='0', primaryExchange='NASDAQ', currency='USD', localSymbol='TSLA', tradingClass='NMS'), position=-100.0, marketPrice=388.47695925, marketValue=-38847.7, averageCost=394.731234, unrealizedPNL=625.43, realizedPNL=0.0, account='DUO335202')
2026-06-18 11:40:06 [INFO] updatePortfolio: PortfolioItem(contract=Option(conId=846738695, symbol='SPX', lastTradeDateOrContractMonth='20260618', strike=7500.0, right='C', multiplier='100', primaryExchange='CBOE', currency='USD', localSymbol='SPXW  260618C07500000', tradingClass='SPXW'), position=1.0, marketPrice=4.5999999, marketValue=460.0, averageCost=901.6408, unrealizedPNL=-441.64, realizedPNL=0.0, account='DUO335202')
2026-06-18 11:40:06 [INFO] updatePortfolio: PortfolioItem(contract=Stock(conId=76792991, symbol='TSLA', right='0', primaryExchange='NASDAQ', currency='USD', localSymbol='TSLA', tradingClass='NMS'), position=-100.0, marketPrice=387.6317749, marketValue=-38763.18, averageCost=394.731234, unrealizedPNL=709.95, realizedPNL=0.0, account='DUO335202')
2026-06-18 11:40:06 [INFO] updatePortfolio: PortfolioItem(contract=Option(conId=846738695, symbol='SPX', lastTradeDateOrContractMonth='20260618', strike=7500.0, right='C', multiplier='100', primaryExchange='CBOE', currency='USD', localSymbol='SPXW  260618C07500000', tradingClass='SPXW'), position=1.0, marketPrice=4.1865864, marketValue=418.66, averageCost=901.6408, unrealizedPNL=-482.98, realizedPNL=0.0, account='DUO335202')
2026-06-18 11:40:06 [INFO] updatePortfolio: PortfolioItem(contract=Stock(conId=76792991, symbol='TSLA', right='0', primaryExchange='NASDAQ', currency='USD', localSymbol='TSLA', tradingClass='NMS'), position=-100.0, marketPrice=388.86053465, marketValue=-38886.05, averageCost=394.731234, unrealizedPNL=587.07, realizedPNL=0.0, account='DUO335202')
2026-06-18 11:40:06 [INFO] updatePortfolio: PortfolioItem(contract=Option(conId=846738695, symbol='SPX', lastTradeDateOrContractMonth='20260618', strike=7500.0, right='C', multiplier='100', primaryExchange='CBOE', currency='USD', localSymbol='SPXW  260618C07500000', tradingClass='SPXW'), position=1.0, marketPrice=5.9000001, marketValue=590.0, averageCost=901.6408, unrealizedPNL=-311.64, realizedPNL=0.0, account='DUO335202')
2026-06-18 11:40:06 [INFO] updatePortfolio: PortfolioItem(contract=Stock(conId=76792991, symbol='TSLA', right='0', primaryExchange='NASDAQ', currency='USD', localSymbol='TSLA', tradingClass='NMS'), position=-100.0, marketPrice=389.98999025, marketValue=-38999.0, averageCost=394.731234, unrealizedPNL=474.12, realizedPNL=0.0, account='DUO335202')
2026-06-18 11:40:06 [INFO] updatePortfolio: PortfolioItem(contract=Option(conId=846738695, symbol='SPX', lastTradeDateOrContractMonth='20260618', strike=7500.0, right='C', multiplier='100', primaryExchange='CBOE', currency='USD', localSymbol='SPXW  260618C07500000', tradingClass='SPXW'), position=1.0, marketPrice=8.1999998, marketValue=820.0, averageCost=901.6408, unrealizedPNL=-81.64, realizedPNL=0.0, account='DUO335202')
2026-06-18 11:40:06 [INFO] updatePortfolio: PortfolioItem(contract=Stock(conId=76792991, symbol='TSLA', right='0', primaryExchange='NASDAQ', currency='USD', localSymbol='TSLA', tradingClass='NMS'), position=-100.0, marketPrice=391.1203308, marketValue=-39112.03, averageCost=394.731234, unrealizedPNL=361.09, realizedPNL=0.0, account='DUO335202')
2026-06-18 11:40:06 [INFO] updatePortfolio: PortfolioItem(contract=Option(conId=846738695, symbol='SPX', lastTradeDateOrContractMonth='20260618', strike=7500.0, right='C', multiplier='100', primaryExchange='CBOE', currency='USD', localSymbol='SPXW  260618C07500000', tradingClass='SPXW'), position=1.0, marketPrice=8.3000002, marketValue=830.0, averageCost=901.6408, unrealizedPNL=-71.64, realizedPNL=0.0, account='DUO335202')
2026-06-18 11:40:06 [INFO] updatePortfolio: PortfolioItem(contract=Stock(conId=76792991, symbol='TSLA', right='0', primaryExchange='NASDAQ', currency='USD', localSymbol='TSLA', tradingClass='NMS'), position=-100.0, marketPrice=390.71325685, marketValue=-39071.33, averageCost=394.731234, unrealizedPNL=401.8, realizedPNL=0.0, account='DUO335202')
2026-06-18 11:40:06 [INFO] updatePortfolio: PortfolioItem(contract=Option(conId=846738695, symbol='SPX', lastTradeDateOrContractMonth='20260618', strike=7500.0, right='C', multiplier='100', primaryExchange='CBOE', currency='USD', localSymbol='SPXW  260618C07500000', tradingClass='SPXW'), position=1.0, marketPrice=7.6999998, marketValue=770.0, averageCost=901.6408, unrealizedPNL=-131.64, realizedPNL=0.0, account='DUO335202')
2026-06-18 11:40:06 [INFO] updatePortfolio: PortfolioItem(contract=Stock(conId=76792991, symbol='TSLA', right='0', primaryExchange='NASDAQ', currency='USD', localSymbol='TSLA', tradingClass='NMS'), position=-100.0, marketPrice=390.7799988, marketValue=-39078.0, averageCost=394.731234, unrealizedPNL=395.12, realizedPNL=0.0, account='DUO335202')
2026-06-18 11:40:06 [INFO] updatePortfolio: PortfolioItem(contract=Option(conId=846738695, symbol='SPX', lastTradeDateOrContractMonth='20260618', strike=7500.0, right='C', multiplier='100', primaryExchange='CBOE', currency='USD', localSymbol='SPXW  260618C07500000', tradingClass='SPXW'), position=1.0, marketPrice=7.0, marketValue=700.0, averageCost=901.6408, unrealizedPNL=-201.64, realizedPNL=0.0, account='DUO335202')
2026-06-18 11:40:06 [INFO] Warning 2103, reqId -1: Market data farm connection is broken:usopt
2026-06-18 11:40:06 [INFO] Warning 2103, reqId -1: Market data farm connection is broken:usfarm
2026-06-18 11:40:06 [INFO] Warning 2104, reqId -1: Market data farm connection is OK:usopt
2026-06-18 11:40:06 [INFO] Warning 2119, reqId -1: Market data farm is connecting:usfarm
2026-06-18 11:40:06 [INFO] Warning 2104, reqId -1: Market data farm connection is OK:usfarm
2026-06-18 11:40:06 [INFO] updatePortfolio: PortfolioItem(contract=Stock(conId=76792991, symbol='TSLA', right='0', primaryExchange='NASDAQ', currency='USD', localSymbol='TSLA', tradingClass='NMS'), position=-100.0, marketPrice=392.0267639, marketValue=-39202.68, averageCost=394.731234, unrealizedPNL=270.45, realizedPNL=0.0, account='DUO335202')
2026-06-18 11:40:06 [INFO] updatePortfolio: PortfolioItem(contract=Option(conId=846738695, symbol='SPX', lastTradeDateOrContractMonth='20260618', strike=7500.0, right='C', multiplier='100', primaryExchange='CBOE', currency='USD', localSymbol='SPXW  260618C07500000', tradingClass='SPXW'), position=1.0, marketPrice=6.5999999, marketValue=660.0, averageCost=901.6408, unrealizedPNL=-241.64, realizedPNL=0.0, account='DUO335202')
2026-06-18 11:40:06 [INFO] updatePortfolio: PortfolioItem(contract=Stock(conId=76792991, symbol='TSLA', right='0', primaryExchange='NASDAQ', currency='USD', localSymbol='TSLA', tradingClass='NMS'), position=-100.0, marketPrice=392.81536865, marketValue=-39281.54, averageCost=394.731234, unrealizedPNL=191.59, realizedPNL=0.0, account='DUO335202')
2026-06-18 11:40:06 [INFO] updatePortfolio: PortfolioItem(contract=Option(conId=846738695, symbol='SPX', lastTradeDateOrContractMonth='20260618', strike=7500.0, right='C', multiplier='100', primaryExchange='CBOE', currency='USD', localSymbol='SPXW  260618C07500000', tradingClass='SPXW'), position=1.0, marketPrice=6.8000002, marketValue=680.0, averageCost=901.6408, unrealizedPNL=-221.64, realizedPNL=0.0, account='DUO335202')
2026-06-18 11:40:06 [INFO] updatePortfolio: PortfolioItem(contract=Stock(conId=76792991, symbol='TSLA', right='0', primaryExchange='NASDAQ', currency='USD', localSymbol='TSLA', tradingClass='NMS'), position=-100.0, marketPrice=392.8199463, marketValue=-39281.99, averageCost=394.731234, unrealizedPNL=191.13, realizedPNL=0.0, account='DUO335202')
2026-06-18 11:40:06 [INFO] updatePortfolio: PortfolioItem(contract=Option(conId=846738695, symbol='SPX', lastTradeDateOrContractMonth='20260618', strike=7500.0, right='C', multiplier='100', primaryExchange='CBOE', currency='USD', localSymbol='SPXW  260618C07500000', tradingClass='SPXW'), position=1.0, marketPrice=7.5, marketValue=750.0, averageCost=901.6408, unrealizedPNL=-151.64, realizedPNL=0.0, account='DUO335202')
2026-06-18 11:40:06 [INFO] updatePortfolio: PortfolioItem(contract=Stock(conId=76792991, symbol='TSLA', right='0', primaryExchange='NASDAQ', currency='USD', localSymbol='TSLA', tradingClass='NMS'), position=-100.0, marketPrice=392.1746216, marketValue=-39217.46, averageCost=394.731234, unrealizedPNL=255.66, realizedPNL=0.0, account='DUO335202')
2026-06-18 11:40:06 [INFO] updatePortfolio: PortfolioItem(contract=Option(conId=846738695, symbol='SPX', lastTradeDateOrContractMonth='20260618', strike=7500.0, right='C', multiplier='100', primaryExchange='CBOE', currency='USD', localSymbol='SPXW  260618C07500000', tradingClass='SPXW'), position=1.0, marketPrice=7.0999999, marketValue=710.0, averageCost=901.6408, unrealizedPNL=-191.64, realizedPNL=0.0, account='DUO335202')
2026-06-18 11:40:06 [INFO] updatePortfolio: PortfolioItem(contract=Stock(conId=76792991, symbol='TSLA', right='0', primaryExchange='NASDAQ', currency='USD', localSymbol='TSLA', tradingClass='NMS'), position=-100.0, marketPrice=392.39401245, marketValue=-39239.4, averageCost=394.731234, unrealizedPNL=233.72, realizedPNL=0.0, account='DUO335202')
2026-06-18 11:40:06 [INFO] updatePortfolio: PortfolioItem(contract=Option(conId=846738695, symbol='SPX', lastTradeDateOrContractMonth='20260618', strike=7500.0, right='C', multiplier='100', primaryExchange='CBOE', currency='USD', localSymbol='SPXW  260618C07500000', tradingClass='SPXW'), position=1.0, marketPrice=7.0999999, marketValue=710.0, averageCost=901.6408, unrealizedPNL=-191.64, realizedPNL=0.0, account='DUO335202')
2026-06-18 11:40:06 [INFO] updatePortfolio: PortfolioItem(contract=Stock(conId=76792991, symbol='TSLA', right='0', primaryExchange='NASDAQ', currency='USD', localSymbol='TSLA', tradingClass='NMS'), position=-100.0, marketPrice=392.727417, marketValue=-39272.74, averageCost=394.731234, unrealizedPNL=200.38, realizedPNL=0.0, account='DUO335202')
2026-06-18 11:40:06 [INFO] updatePortfolio: PortfolioItem(contract=Option(conId=846738695, symbol='SPX', lastTradeDateOrContractMonth='20260618', strike=7500.0, right='C', multiplier='100', primaryExchange='CBOE', currency='USD', localSymbol='SPXW  260618C07500000', tradingClass='SPXW'), position=1.0, marketPrice=7.1999998, marketValue=720.0, averageCost=901.6408, unrealizedPNL=-181.64, realizedPNL=0.0, account='DUO335202')
2026-06-18 11:40:06 [INFO] updatePortfolio: PortfolioItem(contract=Stock(conId=76792991, symbol='TSLA', right='0', primaryExchange='NASDAQ', currency='USD', localSymbol='TSLA', tradingClass='NMS'), position=-100.0, marketPrice=393.418396, marketValue=-39341.84, averageCost=394.731234, unrealizedPNL=131.28, realizedPNL=0.0, account='DUO335202')
2026-06-18 11:40:06 [INFO] updatePortfolio: PortfolioItem(contract=Option(conId=846738695, symbol='SPX', lastTradeDateOrContractMonth='20260618', strike=7500.0, right='C', multiplier='100', primaryExchange='CBOE', currency='USD', localSymbol='SPXW  260618C07500000', tradingClass='SPXW'), position=1.0, marketPrice=8.3999996, marketValue=840.0, averageCost=901.6408, unrealizedPNL=-61.64, realizedPNL=0.0, account='DUO335202')
2026-06-18 11:40:06 [INFO] updatePortfolio: PortfolioItem(contract=Stock(conId=76792991, symbol='TSLA', right='0', primaryExchange='NASDAQ', currency='USD', localSymbol='TSLA', tradingClass='NMS'), position=-100.0, marketPrice=392.92749025, marketValue=-39292.75, averageCost=394.731234, unrealizedPNL=180.37, realizedPNL=0.0, account='DUO335202')
2026-06-18 11:40:06 [INFO] updatePortfolio: PortfolioItem(contract=Option(conId=846738695, symbol='SPX', lastTradeDateOrContractMonth='20260618', strike=7500.0, right='C', multiplier='100', primaryExchange='CBOE', currency='USD', localSymbol='SPXW  260618C07500000', tradingClass='SPXW'), position=1.0, marketPrice=7.5999999, marketValue=760.0, averageCost=901.6408, unrealizedPNL=-141.64, realizedPNL=0.0, account='DUO335202')
2026-06-18 11:40:06 [INFO] updatePortfolio: PortfolioItem(contract=Stock(conId=76792991, symbol='TSLA', right='0', primaryExchange='NASDAQ', currency='USD', localSymbol='TSLA', tradingClass='NMS'), position=-100.0, marketPrice=392.37124635, marketValue=-39237.12, averageCost=394.731234, unrealizedPNL=236.0, realizedPNL=0.0, account='DUO335202')
2026-06-18 11:40:06 [INFO] updatePortfolio: PortfolioItem(contract=Option(conId=846738695, symbol='SPX', lastTradeDateOrContractMonth='20260618', strike=7500.0, right='C', multiplier='100', primaryExchange='CBOE', currency='USD', localSymbol='SPXW  260618C07500000', tradingClass='SPXW'), position=1.0, marketPrice=8.0, marketValue=800.0, averageCost=901.6408, unrealizedPNL=-101.64, realizedPNL=0.0, account='DUO335202')
2026-06-18 11:40:06 [INFO] updatePortfolio: PortfolioItem(contract=Stock(conId=76792991, symbol='TSLA', right='0', primaryExchange='NASDAQ', currency='USD', localSymbol='TSLA', tradingClass='NMS'), position=-100.0, marketPrice=392.2805481, marketValue=-39228.05, averageCost=394.731234, unrealizedPNL=245.07, realizedPNL=0.0, account='DUO335202')
2026-06-18 11:40:06 [INFO] updatePortfolio: PortfolioItem(contract=Option(conId=846738695, symbol='SPX', lastTradeDateOrContractMonth='20260618', strike=7500.0, right='C', multiplier='100', primaryExchange='CBOE', currency='USD', localSymbol='SPXW  260618C07500000', tradingClass='SPXW'), position=1.0, marketPrice=7.2793727, marketValue=727.94, averageCost=901.6408, unrealizedPNL=-173.7, realizedPNL=0.0, account='DUO335202')
2026-06-18 11:40:06 [INFO] updatePortfolio: PortfolioItem(contract=Stock(conId=76792991, symbol='TSLA', right='0', primaryExchange='NASDAQ', currency='USD', localSymbol='TSLA', tradingClass='NMS'), position=-100.0, marketPrice=392.1345825, marketValue=-39213.46, averageCost=394.731234, unrealizedPNL=259.67, realizedPNL=0.0, account='DUO335202')
2026-06-18 11:40:06 [INFO] updatePortfolio: PortfolioItem(contract=Option(conId=846738695, symbol='SPX', lastTradeDateOrContractMonth='20260618', strike=7500.0, right='C', multiplier='100', primaryExchange='CBOE', currency='USD', localSymbol='SPXW  260618C07500000', tradingClass='SPXW'), position=1.0, marketPrice=7.6999998, marketValue=770.0, averageCost=901.6408, unrealizedPNL=-131.64, realizedPNL=0.0, account='DUO335202')
2026-06-18 11:40:06 [INFO] updatePortfolio: PortfolioItem(contract=Stock(conId=76792991, symbol='TSLA', right='0', primaryExchange='NASDAQ', currency='USD', localSymbol='TSLA', tradingClass='NMS'), position=-100.0, marketPrice=392.9618225, marketValue=-39296.18, averageCost=394.731234, unrealizedPNL=176.94, realizedPNL=0.0, account='DUO335202')
2026-06-18 11:40:06 [INFO] updatePortfolio: PortfolioItem(contract=Option(conId=846738695, symbol='SPX', lastTradeDateOrContractMonth='20260618', strike=7500.0, right='C', multiplier='100', primaryExchange='CBOE', currency='USD', localSymbol='SPXW  260618C07500000', tradingClass='SPXW'), position=1.0, marketPrice=8.8999996, marketValue=890.0, averageCost=901.6408, unrealizedPNL=-11.64, realizedPNL=0.0, account='DUO335202')
2026-06-18 11:40:06 [INFO] Warning 2119, reqId -1: Market data farm is connecting:usfarm.nj
2026-06-18 11:40:07 [INFO] Warning 2104, reqId -1: Market data farm connection is OK:usfarm.nj
2026-06-18 11:40:17 [INFO] [executor] ^GSPC: underlying price $7500.64
2026-06-18 11:40:18 [INFO] [executor] ^GSPC: using chain tradingClass=SPXW 40 expirations, 718 strikes
2026-06-18 11:40:18 [INFO] placeOrder: New order Trade(contract=Option(conId=846738695, symbol='SPX', lastTradeDateOrContractMonth='20260618', strike=7500.0, right='C', multiplier='100', exchange='SMART', currency='USD', localSymbol='SPXW  260618C07500000', tradingClass='SPXW'), order=LimitOrder(orderId=74, clientId=111, action='BUY', totalQuantity=1, lmtPrice=9.85, tif='DAY'), orderStatus=OrderStatus(orderId=74, status='PendingSubmit', filled=0.0, remaining=0.0, avgFillPrice=0.0, permId=0, parentId=0, lastFillPrice=0.0, clientId=0, whyHeld='', mktCapPrice=0.0), fills=[], log=[TradeLogEntry(time=datetime.datetime(2026, 6, 18, 16, 40, 18, 706834, tzinfo=datetime.timezone.utc), status='PendingSubmit', message='', errorCode=0)], advancedError='')
2026-06-18 11:40:18 [INFO] [executor] ^GSPC: limit@mid $9.85  bid=$9.80 ask=$9.90  (attempt 1)
2026-06-18 11:40:18 [INFO] Warning 110, reqId 74: The price does not conform to the minimum price variation for this contract.
2026-06-18 11:40:23 [INFO] cancelOrder: Trade(contract=Option(conId=846738695, symbol='SPX', lastTradeDateOrContractMonth='20260618', strike=7500.0, right='C', multiplier='100', exchange='SMART', currency='USD', localSymbol='SPXW  260618C07500000', tradingClass='SPXW'), order=LimitOrder(orderId=74, clientId=111, action='BUY', totalQuantity=1, lmtPrice=9.85, tif='DAY'), orderStatus=OrderStatus(orderId=74, status='PendingCancel', filled=0.0, remaining=0.0, avgFillPrice=0.0, permId=0, parentId=0, lastFillPrice=0.0, clientId=0, whyHeld='', mktCapPrice=0.0), fills=[], log=[TradeLogEntry(time=datetime.datetime(2026, 6, 18, 16, 40, 18, 706834, tzinfo=datetime.timezone.utc), status='PendingSubmit', message='', errorCode=0), TradeLogEntry(time=datetime.datetime(2026, 6, 18, 16, 40, 23, 742179, tzinfo=datetime.timezone.utc), status='PendingCancel', message='', errorCode=0)], advancedError='')
2026-06-18 11:40:23 [ERROR] Error 10147, reqId 74: OrderId 74 that needs to be cancelled is not found.
2026-06-18 11:40:23 [WARNING] Canceled order: Trade(contract=Option(conId=846738695, symbol='SPX', lastTradeDateOrContractMonth='20260618', strike=7500.0, right='C', multiplier='100', exchange='SMART', currency='USD', localSymbol='SPXW  260618C07500000', tradingClass='SPXW'), order=LimitOrder(orderId=74, clientId=111, action='BUY', totalQuantity=1, lmtPrice=9.85, tif='DAY'), orderStatus=OrderStatus(orderId=74, status='Cancelled', filled=0.0, remaining=0.0, avgFillPrice=0.0, permId=0, parentId=0, lastFillPrice=0.0, clientId=0, whyHeld='', mktCapPrice=0.0), fills=[], log=[TradeLogEntry(time=datetime.datetime(2026, 6, 18, 16, 40, 18, 706834, tzinfo=datetime.timezone.utc), status='PendingSubmit', message='', errorCode=0), TradeLogEntry(time=datetime.datetime(2026, 6, 18, 16, 40, 23, 742179, tzinfo=datetime.timezone.utc), status='PendingCancel', message='', errorCode=0), TradeLogEntry(time=datetime.datetime(2026, 6, 18, 16, 40, 23, 744228, tzinfo=datetime.timezone.utc), status='Cancelled', message='Error 10147, reqId 74: OrderId 74 that needs to be cancelled is not found.', errorCode=10147)], advancedError='')
2026-06-18 11:40:24 [WARNING] [executor] ^GSPC: unfilled on attempt 1, retrying
2026-06-18 11:40:26 [INFO] placeOrder: New order Trade(contract=Option(conId=846738695, symbol='SPX', lastTradeDateOrContractMonth='20260618', strike=7500.0, right='C', multiplier='100', exchange='SMART', currency='USD', localSymbol='SPXW  260618C07500000', tradingClass='SPXW'), order=LimitOrder(orderId=76, clientId=111, action='BUY', totalQuantity=1, lmtPrice=9.75, tif='DAY'), orderStatus=OrderStatus(orderId=76, status='PendingSubmit', filled=0.0, remaining=0.0, avgFillPrice=0.0, permId=0, parentId=0, lastFillPrice=0.0, clientId=0, whyHeld='', mktCapPrice=0.0), fills=[], log=[TradeLogEntry(time=datetime.datetime(2026, 6, 18, 16, 40, 26, 264391, tzinfo=datetime.timezone.utc), status='PendingSubmit', message='', errorCode=0)], advancedError='')
2026-06-18 11:40:26 [INFO] [executor] ^GSPC: limit@mid $9.75  bid=$9.70 ask=$9.80  (attempt 2)
2026-06-18 11:40:26 [INFO] Warning 110, reqId 76: The price does not conform to the minimum price variation for this contract.
2026-06-18 11:40:31 [INFO] cancelOrder: Trade(contract=Option(conId=846738695, symbol='SPX', lastTradeDateOrContractMonth='20260618', strike=7500.0, right='C', multiplier='100', exchange='SMART', currency='USD', localSymbol='SPXW  260618C07500000', tradingClass='SPXW'), order=LimitOrder(orderId=76, clientId=111, action='BUY', totalQuantity=1, lmtPrice=9.75, tif='DAY'), orderStatus=OrderStatus(orderId=76, status='PendingCancel', filled=0.0, remaining=0.0, avgFillPrice=0.0, permId=0, parentId=0, lastFillPrice=0.0, clientId=0, whyHeld='', mktCapPrice=0.0), fills=[], log=[TradeLogEntry(time=datetime.datetime(2026, 6, 18, 16, 40, 26, 264391, tzinfo=datetime.timezone.utc), status='PendingSubmit', message='', errorCode=0), TradeLogEntry(time=datetime.datetime(2026, 6, 18, 16, 40, 31, 312300, tzinfo=datetime.timezone.utc), status='PendingCancel', message='', errorCode=0)], advancedError='')
2026-06-18 11:40:31 [ERROR] Error 10147, reqId 76: OrderId 76 that needs to be cancelled is not found.
2026-06-18 11:40:31 [WARNING] Canceled order: Trade(contract=Option(conId=846738695, symbol='SPX', lastTradeDateOrContractMonth='20260618', strike=7500.0, right='C', multiplier='100', exchange='SMART', currency='USD', localSymbol='SPXW  260618C07500000', tradingClass='SPXW'), order=LimitOrder(orderId=76, clientId=111, action='BUY', totalQuantity=1, lmtPrice=9.75, tif='DAY'), orderStatus=OrderStatus(orderId=76, status='Cancelled', filled=0.0, remaining=0.0, avgFillPrice=0.0, permId=0, parentId=0, lastFillPrice=0.0, clientId=0, whyHeld='', mktCapPrice=0.0), fills=[], log=[TradeLogEntry(time=datetime.datetime(2026, 6, 18, 16, 40, 26, 264391, tzinfo=datetime.timezone.utc), status='PendingSubmit', message='', errorCode=0), TradeLogEntry(time=datetime.datetime(2026, 6, 18, 16, 40, 31, 312300, tzinfo=datetime.timezone.utc), status='PendingCancel', message='', errorCode=0), TradeLogEntry(time=datetime.datetime(2026, 6, 18, 16, 40, 31, 314307, tzinfo=datetime.timezone.utc), status='Cancelled', message='Error 10147, reqId 76: OrderId 76 that needs to be cancelled is not found.', errorCode=10147)], advancedError='')
2026-06-18 11:40:32 [WARNING] [executor] ^GSPC: unfilled on attempt 2, retrying
2026-06-18 11:40:32 [INFO] placeOrder: New order Trade(contract=Option(conId=846738695, symbol='SPX', lastTradeDateOrContractMonth='20260618', strike=7500.0, right='C', multiplier='100', exchange='SMART', currency='USD', localSymbol='SPXW  260618C07500000', tradingClass='SPXW'), order=LimitOrder(orderId=78, clientId=111, action='BUY', totalQuantity=1, lmtPrice=9.85, tif='DAY'), orderStatus=OrderStatus(orderId=78, status='PendingSubmit', filled=0.0, remaining=0.0, avgFillPrice=0.0, permId=0, parentId=0, lastFillPrice=0.0, clientId=0, whyHeld='', mktCapPrice=0.0), fills=[], log=[TradeLogEntry(time=datetime.datetime(2026, 6, 18, 16, 40, 32, 471956, tzinfo=datetime.timezone.utc), status='PendingSubmit', message='', errorCode=0)], advancedError='')
2026-06-18 11:40:32 [INFO] [executor] ^GSPC: limit@mid $9.85  bid=$9.80 ask=$9.90  (attempt 3)
2026-06-18 11:40:32 [INFO] Warning 110, reqId 78: The price does not conform to the minimum price variation for this contract.
2026-06-18 11:40:37 [INFO] cancelOrder: Trade(contract=Option(conId=846738695, symbol='SPX', lastTradeDateOrContractMonth='20260618', strike=7500.0, right='C', multiplier='100', exchange='SMART', currency='USD', localSymbol='SPXW  260618C07500000', tradingClass='SPXW'), order=LimitOrder(orderId=78, clientId=111, action='BUY', totalQuantity=1, lmtPrice=9.85, tif='DAY'), orderStatus=OrderStatus(orderId=78, status='PendingCancel', filled=0.0, remaining=0.0, avgFillPrice=0.0, permId=0, parentId=0, lastFillPrice=0.0, clientId=0, whyHeld='', mktCapPrice=0.0), fills=[], log=[TradeLogEntry(time=datetime.datetime(2026, 6, 18, 16, 40, 32, 471956, tzinfo=datetime.timezone.utc), status='PendingSubmit', message='', errorCode=0), TradeLogEntry(time=datetime.datetime(2026, 6, 18, 16, 40, 37, 535910, tzinfo=datetime.timezone.utc), status='PendingCancel', message='', errorCode=0)], advancedError='')
2026-06-18 11:40:37 [ERROR] Error 10147, reqId 78: OrderId 78 that needs to be cancelled is not found.
2026-06-18 11:40:37 [WARNING] Canceled order: Trade(contract=Option(conId=846738695, symbol='SPX', lastTradeDateOrContractMonth='20260618', strike=7500.0, right='C', multiplier='100', exchange='SMART', currency='USD', localSymbol='SPXW  260618C07500000', tradingClass='SPXW'), order=LimitOrder(orderId=78, clientId=111, action='BUY', totalQuantity=1, lmtPrice=9.85, tif='DAY'), orderStatus=OrderStatus(orderId=78, status='Cancelled', filled=0.0, remaining=0.0, avgFillPrice=0.0, permId=0, parentId=0, lastFillPrice=0.0, clientId=0, whyHeld='', mktCapPrice=0.0), fills=[], log=[TradeLogEntry(time=datetime.datetime(2026, 6, 18, 16, 40, 32, 471956, tzinfo=datetime.timezone.utc), status='PendingSubmit', message='', errorCode=0), TradeLogEntry(time=datetime.datetime(2026, 6, 18, 16, 40, 37, 535910, tzinfo=datetime.timezone.utc), status='PendingCancel', message='', errorCode=0), TradeLogEntry(time=datetime.datetime(2026, 6, 18, 16, 40, 37, 537413, tzinfo=datetime.timezone.utc), status='Cancelled', message='Error 10147, reqId 78: OrderId 78 that needs to be cancelled is not found.', errorCode=10147)], advancedError='')
2026-06-18 11:40:38 [WARNING] [executor] ^GSPC: unfilled on attempt 3, retrying
2026-06-18 11:40:40 [INFO] placeOrder: New order Trade(contract=Option(conId=846738695, symbol='SPX', lastTradeDateOrContractMonth='20260618', strike=7500.0, right='C', multiplier='100', exchange='SMART', currency='USD', localSymbol='SPXW  260618C07500000', tradingClass='SPXW'), order=LimitOrder(orderId=80, clientId=111, action='BUY', totalQuantity=1, lmtPrice=9.9, tif='DAY'), orderStatus=OrderStatus(orderId=80, status='PendingSubmit', filled=0.0, remaining=0.0, avgFillPrice=0.0, permId=0, parentId=0, lastFillPrice=0.0, clientId=0, whyHeld='', mktCapPrice=0.0), fills=[], log=[TradeLogEntry(time=datetime.datetime(2026, 6, 18, 16, 40, 40, 158066, tzinfo=datetime.timezone.utc), status='PendingSubmit', message='', errorCode=0)], advancedError='')
2026-06-18 11:40:40 [INFO] [executor] ^GSPC: limit@ask $9.90  bid=$9.80 ask=$9.90  (attempt 4)
2026-06-18 11:40:40 [INFO] orderStatus: Trade(contract=Option(conId=846738695, symbol='SPX', lastTradeDateOrContractMonth='20260618', strike=7500.0, right='C', multiplier='100', exchange='SMART', currency='USD', localSymbol='SPXW  260618C07500000', tradingClass='SPXW'), order=LimitOrder(orderId=80, clientId=111, permId=1339809912, action='BUY', totalQuantity=1.0, lmtPrice=9.9, auxPrice=0.0, tif='DAY'), orderStatus=OrderStatus(orderId=80, status='Submitted', filled=0.0, remaining=1.0, avgFillPrice=0.0, permId=1339809912, parentId=0, lastFillPrice=0.0, clientId=111, whyHeld='', mktCapPrice=0.0), fills=[], log=[TradeLogEntry(time=datetime.datetime(2026, 6, 18, 16, 40, 40, 158066, tzinfo=datetime.timezone.utc), status='PendingSubmit', message='', errorCode=0), TradeLogEntry(time=datetime.datetime(2026, 6, 18, 16, 40, 40, 397099, tzinfo=datetime.timezone.utc), status='Submitted', message='', errorCode=0)], advancedError='')
2026-06-18 11:40:40 [INFO] position: Position(account='DUO335202', contract=Option(conId=846738695, symbol='SPX', lastTradeDateOrContractMonth='20260618', strike=7500.0, right='C', multiplier='100', currency='USD', localSymbol='SPXW  260618C07500000', tradingClass='SPXW'), position=2.0, avgCost=945.820375)
2026-06-18 11:40:40 [INFO] execDetails Execution(execId='00020057.6a33f787.01.01', time=datetime.datetime(2026, 6, 18, 21, 40, 40, tzinfo=datetime.timezone.utc), acctNumber='DUO335202', exchange='CBOE', side='BOT', shares=1.0, price=9.9, permId=1339809912, clientId=111, orderId=80, liquidation=0, cumQty=1.0, avgPrice=9.9, orderRef='', evRule='', evMultiplier=0.0, modelCode='', lastLiquidity=1)
2026-06-18 11:40:40 [INFO] execDetails: Fill(contract=Option(conId=846738695, symbol='SPX', lastTradeDateOrContractMonth='20260618', strike=7500.0, right='C', multiplier='100', exchange='SMART', currency='USD', localSymbol='SPXW  260618C07500000', tradingClass='SPXW'), execution=Execution(execId='00020057.6a33f787.01.01', time=datetime.datetime(2026, 6, 18, 21, 40, 40, tzinfo=datetime.timezone.utc), acctNumber='DUO335202', exchange='CBOE', side='BOT', shares=1.0, price=9.9, permId=1339809912, clientId=111, orderId=80, liquidation=0, cumQty=1.0, avgPrice=9.9, orderRef='', evRule='', evMultiplier=0.0, modelCode='', lastLiquidity=1), commissionReport=CommissionReport(execId='', commission=0.0, currency='', realizedPNL=0.0, yield_=0.0, yieldRedemptionDate=0), time=datetime.datetime(2026, 6, 18, 16, 40, 40, 633460, tzinfo=datetime.timezone.utc))
2026-06-18 11:40:40 [INFO] orderStatus: Trade(contract=Option(conId=846738695, symbol='SPX', lastTradeDateOrContractMonth='20260618', strike=7500.0, right='C', multiplier='100', exchange='SMART', currency='USD', localSymbol='SPXW  260618C07500000', tradingClass='SPXW'), order=LimitOrder(orderId=80, clientId=111, permId=1339809912, action='BUY', totalQuantity=1.0, lmtPrice=9.9, auxPrice=0.0, tif='DAY'), orderStatus=OrderStatus(orderId=80, status='Filled', filled=1.0, remaining=0.0, avgFillPrice=9.9, permId=1339809912, parentId=0, lastFillPrice=9.9, clientId=111, whyHeld='', mktCapPrice=0.0), fills=[Fill(contract=Option(conId=846738695, symbol='SPX', lastTradeDateOrContractMonth='20260618', strike=7500.0, right='C', multiplier='100', exchange='SMART', currency='USD', localSymbol='SPXW  260618C07500000', tradingClass='SPXW'), execution=Execution(execId='00020057.6a33f787.01.01', time=datetime.datetime(2026, 6, 18, 21, 40, 40, tzinfo=datetime.timezone.utc), acctNumber='DUO335202', exchange='CBOE', side='BOT', shares=1.0, price=9.9, permId=1339809912, clientId=111, orderId=80, liquidation=0, cumQty=1.0, avgPrice=9.9, orderRef='', evRule='', evMultiplier=0.0, modelCode='', lastLiquidity=1), commissionReport=CommissionReport(execId='', commission=0.0, currency='', realizedPNL=0.0, yield_=0.0, yieldRedemptionDate=0), time=datetime.datetime(2026, 6, 18, 16, 40, 40, 633460, tzinfo=datetime.timezone.utc))], log=[TradeLogEntry(time=datetime.datetime(2026, 6, 18, 16, 40, 40, 158066, tzinfo=datetime.timezone.utc), status='PendingSubmit', message='', errorCode=0), TradeLogEntry(time=datetime.datetime(2026, 6, 18, 16, 40, 40, 397099, tzinfo=datetime.timezone.utc), status='Submitted', message='', errorCode=0), TradeLogEntry(time=datetime.datetime(2026, 6, 18, 16, 40, 40, 633460, tzinfo=datetime.timezone.utc), status='Submitted', message='Fill 1.0@9.9', errorCode=0), TradeLogEntry(time=datetime.datetime(2026, 6, 18, 16, 40, 40, 634461, tzinfo=datetime.timezone.utc), status='Filled', message='', errorCode=0)], advancedError='')
2026-06-18 11:40:40 [INFO] commissionReport: CommissionReport(execId='00020057.6a33f787.01.01', commission=1.64075, currency='USD', realizedPNL=0.0, yield_=0.0, yieldRedemptionDate=0)
2026-06-18 11:40:40 [INFO] position: Position(account='DUO335202', contract=Option(conId=846738695, symbol='SPX', lastTradeDateOrContractMonth='20260618', strike=7500.0, right='C', multiplier='100', currency='USD', localSymbol='SPXW  260618C07500000', tradingClass='SPXW'), position=2.0, avgCost=946.64075)
2026-06-18 11:40:41 [INFO] [executor] ^GSPC: filled at $9.90
2026-06-18 11:40:42 [INFO] Combined alert sent
2026-06-18 12:20:06 [INFO] Combined alert sent
2026-06-18 14:35:06 [INFO] Combined alert sent
2026-06-18 14:45:04 [INFO] SPY @ 14:40 CT: standalone MR suppressed — tracking for upgrade
2026-06-18 14:45:05 [INFO] ^GSPC @ 14:40 CT: standalone MR suppressed — tracking for upgrade
2026-06-18 14:50:06 [INFO] Combined alert sent
2026-06-18 14:55:03 [ERROR] [executor] exit order error (^GSPC): There is no current event loop in thread 'Thread-1 (_tracking_loop)'.
Traceback (most recent call last):
  File "C:\Users\m_imr\Downloads\INSANE\options_executor.py", line 508, in _exit_position
    self._ib.qualifyContracts(pos["contract"])
  File "C:\Users\m_imr\anaconda3\Lib\site-packages\ib_insync\ib.py", line 570, in qualifyContracts
    return self._run(self.qualifyContractsAsync(*contracts))
           ^^^^^^^^^^^^^^^^^^^^^^^^^^^^^^^^^^^^^^^^^^^^^^^^^
  File "C:\Users\m_imr\anaconda3\Lib\site-packages\ib_insync\ib.py", line 318, in _run
    return util.run(*awaitables, timeout=self.RequestTimeout)
           ^^^^^^^^^^^^^^^^^^^^^^^^^^^^^^^^^^^^^^^^^^^^^^^^^^
  File "C:\Users\m_imr\anaconda3\Lib\site-packages\ib_insync\util.py", line 309, in run
    loop = getLoop()
           ^^^^^^^^^
  File "C:\Users\m_imr\anaconda3\Lib\site-packages\ib_insync\util.py", line 464, in getLoop
    return asyncio.get_event_loop_policy().get_event_loop()
           ^^^^^^^^^^^^^^^^^^^^^^^^^^^^^^^^^^^^^^^^^^^^^^^^
  File "C:\Users\m_imr\anaconda3\Lib\asyncio\events.py", line 677, in get_event_loop
    raise RuntimeError('There is no current event loop in thread %r.'
RuntimeError: There is no current event loop in thread 'Thread-1 (_tracking_loop)'.
